******************************************************************************
                  TI ARM Linker Unix v5.2.6                    
******************************************************************************
>> Linked Mon Feb 15 21:25:31 2016

OUTPUT FILE NAME:   <Lab3.out>
ENTRY POINT SYMBOL: "_c_int00"  address: 00001999


MEMORY CONFIGURATION

         name            origin    length      used     unused   attr    fill
----------------------  --------  ---------  --------  --------  ----  --------
  FLASH                 00000000   00040000  00002310  0003dcf0  R  X
  SRAM                  20000000   00008000  00000264  00007d9c  RW X


SEGMENT ALLOCATION MAP

run origin  load origin   length   init length attrs members
----------  ----------- ---------- ----------- ----- -------
00000000    00000000    00002310   00002310    r-x
  00000000    00000000    0000026c   0000026c    r-- .intvecs
  0000026c    0000026c    0000187a   0000187a    r-x .text
  00001ae6    00001ae6    000007e2   000007e2    r-- .const
  000022c8    000022c8    00000048   00000048    r-- .cinit
20000000    20000000    00000264   00000000    rw-
  20000000    20000000    00000200   00000000    rw- .stack
  20000200    20000200    00000040   00000000    rw- .data
  20000240    20000240    00000024   00000000    rw- .bss


SECTION ALLOCATION MAP

 output                                  attributes/
section   page    origin      length       input sections
--------  ----  ----------  ----------   ----------------
.intvecs   0    00000000    0000026c     
                  00000000    0000026c     tm4c123gh6pm_startup_ccs.obj (.intvecs)

.text      0    0000026c    0000187a     
                  0000026c    0000153c     main.obj (.text)
                  000017a8    0000009c     rtsv7M4_T_le_v4SPD16_eabi.lib : memcpy_t2.obj (.text)
                  00001844    0000007a                                   : memset_t2.obj (.text)
                  000018be    00000002     --HOLE-- [fill = 0]
                  000018c0    0000006c                                   : autoinit.obj (.text)
                  0000192c    0000006a                                   : copy_decompress_rle.obj (.text)
                  00001996    00000002     --HOLE-- [fill = 0]
                  00001998    00000050                                   : boot.obj (.text)
                  000019e8    0000004c                                   : cpy_tbl.obj (.text)
                  00001a34    00000044                                   : exit.obj (.text)
                  00001a78    00000018                                   : args_main.obj (.text)
                  00001a90    00000014                                   : _lock.obj (.text)
                  00001aa4    0000000e                                   : copy_decompress_none.obj (.text:decompress:none)
                  00001ab2    0000000c                                   : copy_zero_init.obj (.text:decompress:ZI)
                  00001abe    0000000c     timer.obj (.text)
                  00001aca    0000000c     tm4c123gh6pm_startup_ccs.obj (.text)
                  00001ad6    00000006     rtsv7M4_T_le_v4SPD16_eabi.lib : copy_decompress_rle.obj (.text:decompress:rle24)
                  00001adc    00000006     switch.obj (.text)
                  00001ae2    00000004     rtsv7M4_T_le_v4SPD16_eabi.lib : pre_init.obj (.text)

.const     0    00001ae6    000007e2     
                  00001ae6    000004fb     main.obj (.const:.string:Font)
                  00001fe1    00000200     main.obj (.const:.string:dBfs)
                  000021e1    00000067     main.obj (.const:.string:Bcmd)
                  00002248    0000003b     main.obj (.const:.string:Rcmd1)
                  00002283    0000002b     main.obj (.const:.string:Rcmd3)
                  000022ae    0000001a     main.obj (.const:.string)

.cinit     0    000022c8    00000048     
                  000022c8    00000023     (.cinit..data.load) [load image, compression = rle]
                  000022eb    00000001     --HOLE-- [fill = 0]
                  000022ec    0000000c     (__TI_handler_table)
                  000022f8    00000008     (.cinit..bss.load) [load image, compression = zero_init]
                  00002300    00000010     (__TI_cinit_table)

.init_array 
*          0    00000000    00000000     UNINITIALIZED

.data      0    20000200    00000040     UNINITIALIZED
                  20000200    0000002c     main.obj (.data)
                  2000022c    00000008     rtsv7M4_T_le_v4SPD16_eabi.lib : _lock.obj (.data)
                  20000234    00000008                                   : exit.obj (.data)
                  2000023c    00000004                                   : stkdepth_vars.obj (.data)

.bss       0    20000240    00000024     UNINITIALIZED
                  20000240    0000000c     (.common:Message)
                  2000024c    00000004     (.common:Messageindex)
                  20000250    00000004     (.common:X)
                  20000254    00000004     (.common:Ymax)
                  20000258    00000004     (.common:Ymin)
                  2000025c    00000004     (.common:Yrange)
                  20000260    00000001     (.common:ColStart)
                  20000261    00000001     (.common:Rotation)
                  20000262    00000001     (.common:RowStart)
                  20000263    00000001     (.common:TabColor)

.stack     0    20000000    00000200     UNINITIALIZED
                  20000000    00000200     --HOLE--

.TI.persistent 
*          0    20000200    00000000     UNINITIALIZED

.TI.noinit 
*          0    20000240    00000000     UNINITIALIZED


LINKER GENERATED COPY TABLES

__TI_cinit_table @ 00002300 records: 2, size/record: 8, table size: 16
	.data: load addr=000022c8, load size=00000023 bytes, run addr=20000200, run size=00000040 bytes, compression=rle
	.bss: load addr=000022f8, load size=00000008 bytes, run addr=20000240, run size=00000024 bytes, compression=zero_init


LINKER GENERATED HANDLER TABLE

__TI_handler_table @ 000022ec records: 3, size/record: 4, table size: 12
	index: 0, handler: __TI_decompress_rle24
	index: 1, handler: __TI_decompress_none
	index: 2, handler: __TI_zero_init


GLOBAL SYMBOLS: SORTED ALPHABETICALLY BY Name 

address   name                    
-------   ----                    
00001a35  C$$EXIT                 
000002b9  Delay1ms                
20000240  Message                 
2000024c  Messageindex            
000015fb  Output_Clear            
00001615  Output_Color            
000015eb  Output_Init             
00001605  Output_Off              
0000160d  Output_On               
00001acb  ResetISR                
UNDEFED   SHT$$INIT_ARRAY$$Base   
UNDEFED   SHT$$INIT_ARRAY$$Limit  
0000091d  ST7735_Color565         
0000097f  ST7735_DrawBitmap       
00000cf1  ST7735_DrawChar         
00000b7b  ST7735_DrawCharS        
00000721  ST7735_DrawFastHLine    
0000062f  ST7735_DrawFastVLine    
000005d5  ST7735_DrawPixel        
00000e61  ST7735_DrawString       
00000811  ST7735_FillRect         
000007d1  ST7735_FillScreen       
000004a5  ST7735_InitB            
000004c5  ST7735_InitR            
00001093  ST7735_InvertDisplay    
000014d1  ST7735_OutChar          
0000158d  ST7735_OutString        
00000f4d  ST7735_OutUDec          
000013dd  ST7735_PlotBar          
000010ab  ST7735_PlotClear        
000011cd  ST7735_PlotLine         
0000147d  ST7735_PlotNext         
00001497  ST7735_PlotNextErase    
00001107  ST7735_PlotPoint        
00001307  ST7735_PlotPoints       
00001433  ST7735_PlotdBfs         
00000f27  ST7735_SetCursor        
00000fc9  ST7735_SetRotation      
000015ab  ST7735_SetTextColor     
00000959  ST7735_SwapColor        
20000208  StTextColor             
20000200  StX                     
20000204  StY                     
20000250  X                       
20000254  Ymax                    
20000258  Ymin                    
2000025c  Yrange                  
20000200  __STACK_END             
00000200  __STACK_SIZE            
20000200  __STACK_TOP             
00002300  __TI_CINIT_Base         
00002310  __TI_CINIT_Limit        
000022ec  __TI_Handler_Table_Base 
000022f8  __TI_Handler_Table_Limit
000018c1  __TI_auto_init          
20000234  __TI_cleanup_ptr        
00001aa5  __TI_decompress_none    
00001ad7  __TI_decompress_rle24   
20000238  __TI_dtors_ptr          
00000000  __TI_static_base__      
00001ab3  __TI_zero_init          
00001845  __aeabi_memclr          
00001845  __aeabi_memclr4         
00001845  __aeabi_memclr8         
000017a9  __aeabi_memcpy          
000017a9  __aeabi_memcpy4         
000017a9  __aeabi_memcpy8         
00001847  __aeabi_memset          
00001847  __aeabi_memset4         
00001847  __aeabi_memset8         
ffffffff  __binit__               
ffffffff  __c_args__              
20000000  __stack                 
00001a79  _args_main              
00001999  _c_int00                
2000022c  _lock                   
00001a9f  _nop                    
00001a97  _register_lock          
00001a91  _register_unlock        
00001ae3  _system_pre_init        
20000230  _unlock                 
00001a39  abort                   
20000228  alarmBool               
20000220  alarmHours              
20000224  alarmMinutes            
000016c5  alarmToggle             
ffffffff  binit                   
20000214  buttonPressed           
000019e9  copy_in                 
00001fe1  dBfs                    
00001a41  exit                    
000015dd  ferror                  
000015d1  fgetc                   
00000ee5  fillmessage             
000015bf  fputc                   
00000000  g_pfnVectors            
20000210  lastj                   
00001731  main                    
2000023c  main_func_sp            
000017a9  memcpy                  
0000184d  memset                  
00001add  pullCurrentButton       
00001701  screenManager           
00001689  setAlarm                
0000162d  setTime                 
20000218  timeHours               
2000021c  timeMinutes             
00001abf  timerUpdate             


GLOBAL SYMBOLS: SORTED BY Symbol Address 

address   name                    
-------   ----                    
00000000  __TI_static_base__      
00000000  g_pfnVectors            
00000200  __STACK_SIZE            
000002b9  Delay1ms                
000004a5  ST7735_InitB            
000004c5  ST7735_InitR            
000005d5  ST7735_DrawPixel        
0000062f  ST7735_DrawFastVLine    
00000721  ST7735_DrawFastHLine    
000007d1  ST7735_FillScreen       
00000811  ST7735_FillRect         
0000091d  ST7735_Color565         
00000959  ST7735_SwapColor        
0000097f  ST7735_DrawBitmap       
00000b7b  ST7735_DrawCharS        
00000cf1  ST7735_DrawChar         
00000e61  ST7735_DrawString       
00000ee5  fillmessage             
00000f27  ST7735_SetCursor        
00000f4d  ST7735_OutUDec          
00000fc9  ST7735_SetRotation      
00001093  ST7735_InvertDisplay    
000010ab  ST7735_PlotClear        
00001107  ST7735_PlotPoint        
000011cd  ST7735_PlotLine         
00001307  ST7735_PlotPoints       
000013dd  ST7735_PlotBar          
00001433  ST7735_PlotdBfs         
0000147d  ST7735_PlotNext         
00001497  ST7735_PlotNextErase    
000014d1  ST7735_OutChar          
0000158d  ST7735_OutString        
000015ab  ST7735_SetTextColor     
000015bf  fputc                   
000015d1  fgetc                   
000015dd  ferror                  
000015eb  Output_Init             
000015fb  Output_Clear            
00001605  Output_Off              
0000160d  Output_On               
00001615  Output_Color            
0000162d  setTime                 
00001689  setAlarm                
000016c5  alarmToggle             
00001701  screenManager           
00001731  main                    
000017a9  __aeabi_memcpy          
000017a9  __aeabi_memcpy4         
000017a9  __aeabi_memcpy8         
000017a9  memcpy                  
00001845  __aeabi_memclr          
00001845  __aeabi_memclr4         
00001845  __aeabi_memclr8         
00001847  __aeabi_memset          
00001847  __aeabi_memset4         
00001847  __aeabi_memset8         
0000184d  memset                  
000018c1  __TI_auto_init          
00001999  _c_int00                
000019e9  copy_in                 
00001a35  C$$EXIT                 
00001a39  abort                   
00001a41  exit                    
00001a79  _args_main              
00001a91  _register_unlock        
00001a97  _register_lock          
00001a9f  _nop                    
00001aa5  __TI_decompress_none    
00001ab3  __TI_zero_init          
00001abf  timerUpdate             
00001acb  ResetISR                
00001ad7  __TI_decompress_rle24   
00001add  pullCurrentButton       
00001ae3  _system_pre_init        
00001fe1  dBfs                    
000022ec  __TI_Handler_Table_Base 
000022f8  __TI_Handler_Table_Limit
00002300  __TI_CINIT_Base         
00002310  __TI_CINIT_Limit        
20000000  __stack                 
20000200  StX                     
20000200  __STACK_END             
20000200  __STACK_TOP             
20000204  StY                     
20000208  StTextColor             
20000210  lastj                   
20000214  buttonPressed           
20000218  timeHours               
2000021c  timeMinutes             
20000220  alarmHours              
20000224  alarmMinutes            
20000228  alarmBool               
2000022c  _lock                   
20000230  _unlock                 
20000234  __TI_cleanup_ptr        
20000238  __TI_dtors_ptr          
2000023c  main_func_sp            
20000240  Message                 
2000024c  Messageindex            
20000250  X                       
20000254  Ymax                    
20000258  Ymin                    
2000025c  Yrange                  
ffffffff  __binit__               
ffffffff  __c_args__              
ffffffff  binit                   
UNDEFED   SHT$$INIT_ARRAY$$Base   
UNDEFED   SHT$$INIT_ARRAY$$Limit  

[108 symbols]
