<?xml version="1.0"?>
<link_info>
   <banner>TI ARM Linker Unix v5.2.6</banner>
   <copyright>Copyright (c) 1996-2015 Texas Instruments Incorporated</copyright>
   <link_time>0x56c3b60d</link_time>
   <link_errors>0x0</link_errors>
   <output_file>Lab2.out</output_file>
   <entry_point>
      <name>_c_int00</name>
      <address>0x27b5</address>
   </entry_point>
   <input_file_list>
      <input_file id="fl-2">
         <path>./</path>
         <kind>object</kind>
         <file>tm4c123gh6pm_startup_ccs.obj</file>
         <name>tm4c123gh6pm_startup_ccs.obj</name>
      </input_file>
      <input_file id="fl-3">
         <path>./src/</path>
         <kind>object</kind>
         <file>ADCSWTrigger.obj</file>
         <name>ADCSWTrigger.obj</name>
      </input_file>
      <input_file id="fl-4">
         <path>./src/</path>
         <kind>object</kind>
         <file>ADCTestMain.obj</file>
         <name>ADCTestMain.obj</name>
      </input_file>
      <input_file id="fl-5">
         <path>./src/</path>
         <kind>object</kind>
         <file>PLL.obj</file>
         <name>PLL.obj</name>
      </input_file>
      <input_file id="fl-12b">
         <path>/Applications/ti/ccsv6/tools/compiler/ti-cgt-arm_5.2.6/lib/</path>
         <kind>archive</kind>
         <file>rtsv7M4_T_le_v4SPD16_eabi.lib</file>
         <name>boot.obj</name>
      </input_file>
      <input_file id="fl-12c">
         <path>/Applications/ti/ccsv6/tools/compiler/ti-cgt-arm_5.2.6/lib/</path>
         <kind>archive</kind>
         <file>rtsv7M4_T_le_v4SPD16_eabi.lib</file>
         <name>copy_decompress_none.obj</name>
      </input_file>
      <input_file id="fl-12d">
         <path>/Applications/ti/ccsv6/tools/compiler/ti-cgt-arm_5.2.6/lib/</path>
         <kind>archive</kind>
         <file>rtsv7M4_T_le_v4SPD16_eabi.lib</file>
         <name>copy_decompress_rle.obj</name>
      </input_file>
      <input_file id="fl-12e">
         <path>/Applications/ti/ccsv6/tools/compiler/ti-cgt-arm_5.2.6/lib/</path>
         <kind>archive</kind>
         <file>rtsv7M4_T_le_v4SPD16_eabi.lib</file>
         <name>copy_zero_init.obj</name>
      </input_file>
      <input_file id="fl-12f">
         <path>/Applications/ti/ccsv6/tools/compiler/ti-cgt-arm_5.2.6/lib/</path>
         <kind>archive</kind>
         <file>rtsv7M4_T_le_v4SPD16_eabi.lib</file>
         <name>exit.obj</name>
      </input_file>
      <input_file id="fl-130">
         <path>/Applications/ti/ccsv6/tools/compiler/ti-cgt-arm_5.2.6/lib/</path>
         <kind>archive</kind>
         <file>rtsv7M4_T_le_v4SPD16_eabi.lib</file>
         <name>fd_add_t2.obj</name>
      </input_file>
      <input_file id="fl-131">
         <path>/Applications/ti/ccsv6/tools/compiler/ti-cgt-arm_5.2.6/lib/</path>
         <kind>archive</kind>
         <file>rtsv7M4_T_le_v4SPD16_eabi.lib</file>
         <name>fd_mul_t2.obj</name>
      </input_file>
      <input_file id="fl-132">
         <path>/Applications/ti/ccsv6/tools/compiler/ti-cgt-arm_5.2.6/lib/</path>
         <kind>archive</kind>
         <file>rtsv7M4_T_le_v4SPD16_eabi.lib</file>
         <name>fd_tos_t2.obj</name>
      </input_file>
      <input_file id="fl-133">
         <path>/Applications/ti/ccsv6/tools/compiler/ti-cgt-arm_5.2.6/lib/</path>
         <kind>archive</kind>
         <file>rtsv7M4_T_le_v4SPD16_eabi.lib</file>
         <name>memcpy_t2.obj</name>
      </input_file>
      <input_file id="fl-134">
         <path>/Applications/ti/ccsv6/tools/compiler/ti-cgt-arm_5.2.6/lib/</path>
         <kind>archive</kind>
         <file>rtsv7M4_T_le_v4SPD16_eabi.lib</file>
         <name>memset_t2.obj</name>
      </input_file>
      <input_file id="fl-135">
         <path>/Applications/ti/ccsv6/tools/compiler/ti-cgt-arm_5.2.6/lib/</path>
         <kind>archive</kind>
         <file>rtsv7M4_T_le_v4SPD16_eabi.lib</file>
         <name>pre_init.obj</name>
      </input_file>
      <input_file id="fl-136">
         <path>/Applications/ti/ccsv6/tools/compiler/ti-cgt-arm_5.2.6/lib/</path>
         <kind>archive</kind>
         <file>rtsv7M4_T_le_v4SPD16_eabi.lib</file>
         <name>stkdepth_vars.obj</name>
      </input_file>
      <input_file id="fl-137">
         <path>/Applications/ti/ccsv6/tools/compiler/ti-cgt-arm_5.2.6/lib/</path>
         <kind>archive</kind>
         <file>rtsv7M4_T_le_v4SPD16_eabi.lib</file>
         <name>u_tofd_t2.obj</name>
      </input_file>
      <input_file id="fl-138">
         <path>/Applications/ti/ccsv6/tools/compiler/ti-cgt-arm_5.2.6/lib/</path>
         <kind>archive</kind>
         <file>rtsv7M4_T_le_v4SPD16_eabi.lib</file>
         <name>_lock.obj</name>
      </input_file>
      <input_file id="fl-139">
         <path>/Applications/ti/ccsv6/tools/compiler/ti-cgt-arm_5.2.6/lib/</path>
         <kind>archive</kind>
         <file>rtsv7M4_T_le_v4SPD16_eabi.lib</file>
         <name>args_main.obj</name>
      </input_file>
      <input_file id="fl-13a">
         <path>/Applications/ti/ccsv6/tools/compiler/ti-cgt-arm_5.2.6/lib/</path>
         <kind>archive</kind>
         <file>rtsv7M4_T_le_v4SPD16_eabi.lib</file>
         <name>autoinit.obj</name>
      </input_file>
      <input_file id="fl-13b">
         <path>/Applications/ti/ccsv6/tools/compiler/ti-cgt-arm_5.2.6/lib/</path>
         <kind>archive</kind>
         <file>rtsv7M4_T_le_v4SPD16_eabi.lib</file>
         <name>cpy_tbl.obj</name>
      </input_file>
   </input_file_list>
   <object_component_list>
      <object_component id="oc-f">
         <name>.intvecs</name>
         <load_address>0x0</load_address>
         <run_address>0x0</run_address>
         <size>0x26c</size>
         <input_file_ref idref="fl-2"/>
      </object_component>
      <object_component id="oc-30">
         <name>.text</name>
         <load_address>0x26c</load_address>
         <run_address>0x26c</run_address>
         <size>0x1d8a</size>
         <input_file_ref idref="fl-4"/>
      </object_component>
      <object_component id="oc-a6">
         <name>.text</name>
         <load_address>0x1ff6</load_address>
         <run_address>0x1ff6</run_address>
         <size>0x1b6</size>
         <input_file_ref idref="fl-130"/>
      </object_component>
      <object_component id="oc-b4">
         <name>.text</name>
         <load_address>0x21ac</load_address>
         <run_address>0x21ac</run_address>
         <size>0x114</size>
         <input_file_ref idref="fl-3"/>
      </object_component>
      <object_component id="oc-2a">
         <name>.text</name>
         <load_address>0x22c0</load_address>
         <run_address>0x22c0</run_address>
         <size>0x112</size>
         <input_file_ref idref="fl-2"/>
      </object_component>
      <object_component id="oc-a1">
         <name>.text</name>
         <load_address>0x23d2</load_address>
         <run_address>0x23d2</run_address>
         <size>0xfc</size>
         <input_file_ref idref="fl-131"/>
      </object_component>
      <object_component id="oc-39">
         <name>.text</name>
         <load_address>0x24ce</load_address>
         <run_address>0x24ce</run_address>
         <size>0x9c</size>
         <input_file_ref idref="fl-133"/>
      </object_component>
      <object_component id="oc-ba">
         <name>.text</name>
         <load_address>0x256c</load_address>
         <run_address>0x256c</run_address>
         <size>0x88</size>
         <input_file_ref idref="fl-5"/>
      </object_component>
      <object_component id="oc-52">
         <name>.text</name>
         <load_address>0x25f4</load_address>
         <run_address>0x25f4</run_address>
         <size>0x7a</size>
         <input_file_ref idref="fl-134"/>
      </object_component>
      <object_component id="oc-ab">
         <name>.text</name>
         <load_address>0x266e</load_address>
         <run_address>0x266e</run_address>
         <size>0x6e</size>
         <input_file_ref idref="fl-132"/>
      </object_component>
      <object_component id="oc-64">
         <name>.text</name>
         <load_address>0x26dc</load_address>
         <run_address>0x26dc</run_address>
         <size>0x6c</size>
         <input_file_ref idref="fl-13a"/>
      </object_component>
      <object_component id="oc-45">
         <name>.text</name>
         <load_address>0x2748</load_address>
         <run_address>0x2748</run_address>
         <size>0x6a</size>
         <input_file_ref idref="fl-12d"/>
      </object_component>
      <object_component id="oc-24">
         <name>.text</name>
         <load_address>0x27b4</load_address>
         <run_address>0x27b4</run_address>
         <size>0x50</size>
         <input_file_ref idref="fl-12b"/>
      </object_component>
      <object_component id="oc-f0">
         <name>.text</name>
         <load_address>0x2804</load_address>
         <run_address>0x2804</run_address>
         <size>0x4c</size>
         <input_file_ref idref="fl-13b"/>
      </object_component>
      <object_component id="oc-70">
         <name>.text</name>
         <load_address>0x2850</load_address>
         <run_address>0x2850</run_address>
         <size>0x44</size>
         <input_file_ref idref="fl-12f"/>
      </object_component>
      <object_component id="oc-9c">
         <name>.text</name>
         <load_address>0x2894</load_address>
         <run_address>0x2894</run_address>
         <size>0x20</size>
         <input_file_ref idref="fl-137"/>
      </object_component>
      <object_component id="oc-6a">
         <name>.text</name>
         <load_address>0x28b4</load_address>
         <run_address>0x28b4</run_address>
         <size>0x18</size>
         <input_file_ref idref="fl-139"/>
      </object_component>
      <object_component id="oc-139">
         <name>.text</name>
         <load_address>0x28cc</load_address>
         <run_address>0x28cc</run_address>
         <size>0x14</size>
         <input_file_ref idref="fl-138"/>
      </object_component>
      <object_component id="oc-12">
         <name>.text:decompress:none</name>
         <load_address>0x28e0</load_address>
         <run_address>0x28e0</run_address>
         <size>0xe</size>
         <input_file_ref idref="fl-12c"/>
      </object_component>
      <object_component id="oc-1e">
         <name>.text:decompress:ZI</name>
         <load_address>0x28ee</load_address>
         <run_address>0x28ee</run_address>
         <size>0xc</size>
         <input_file_ref idref="fl-12e"/>
      </object_component>
      <object_component id="oc-18">
         <name>.text:decompress:rle24</name>
         <load_address>0x28fa</load_address>
         <run_address>0x28fa</run_address>
         <size>0x6</size>
         <input_file_ref idref="fl-12d"/>
      </object_component>
      <object_component id="oc-5e">
         <name>.text</name>
         <load_address>0x2900</load_address>
         <run_address>0x2900</run_address>
         <size>0x4</size>
         <input_file_ref idref="fl-135"/>
      </object_component>
      <object_component id="oc-8f">
         <name>.const:.string:Font</name>
         <load_address>0x2904</load_address>
         <run_address>0x2904</run_address>
         <size>0x4fb</size>
         <input_file_ref idref="fl-4"/>
      </object_component>
      <object_component id="oc-99">
         <name>.const:.string:dBfs</name>
         <load_address>0x2dff</load_address>
         <run_address>0x2dff</run_address>
         <size>0x200</size>
         <input_file_ref idref="fl-4"/>
      </object_component>
      <object_component id="oc-7f">
         <name>.const:.string:Bcmd</name>
         <load_address>0x2fff</load_address>
         <run_address>0x2fff</run_address>
         <size>0x67</size>
         <input_file_ref idref="fl-4"/>
      </object_component>
      <object_component id="oc-85">
         <name>.const:.string:Rcmd1</name>
         <load_address>0x3066</load_address>
         <run_address>0x3066</run_address>
         <size>0x3b</size>
         <input_file_ref idref="fl-4"/>
      </object_component>
      <object_component id="oc-8b">
         <name>.const:.string:Rcmd3</name>
         <load_address>0x30a1</load_address>
         <run_address>0x30a1</run_address>
         <size>0x2b</size>
         <input_file_ref idref="fl-4"/>
      </object_component>
      <object_component id="oc-88">
         <name>.const:.string</name>
         <load_address>0x30cc</load_address>
         <run_address>0x30cc</run_address>
         <size>0x1a</size>
         <input_file_ref idref="fl-4"/>
      </object_component>
      <object_component id="oc-174">
         <name>.cinit..data.load</name>
         <load_address>0x30e8</load_address>
         <run_address>0x30e8</run_address>
         <size>0x1d</size>
      </object_component>
      <object_component id="oc-172">
         <name>__TI_handler_table</name>
         <load_address>0x3108</load_address>
         <run_address>0x3108</run_address>
         <size>0xc</size>
      </object_component>
      <object_component id="oc-175">
         <name>.cinit..bss.load</name>
         <load_address>0x3118</load_address>
         <run_address>0x3118</run_address>
         <size>0x8</size>
      </object_component>
      <object_component id="oc-173">
         <name>__TI_cinit_table</name>
         <load_address>0x3120</load_address>
         <run_address>0x3120</run_address>
         <size>0x10</size>
      </object_component>
      <object_component id="oc-29">
         <name>.stack</name>
         <uninitialized>true</uninitialized>
         <run_address>0x20001f84</run_address>
         <size>0x0</size>
         <input_file_ref idref="fl-12b"/>
      </object_component>
      <object_component id="oc-176">
         <name>.stack</name>
         <uninitialized>true</uninitialized>
         <run_address>0x20001f84</run_address>
         <size>0x0</size>
      </object_component>
      <object_component id="oc-c3">
         <name>.bss:time</name>
         <uninitialized>true</uninitialized>
         <run_address>0x20000000</run_address>
         <size>0xfa0</size>
         <input_file_ref idref="fl-4"/>
      </object_component>
      <object_component id="oc-c7">
         <name>.bss:values</name>
         <uninitialized>true</uninitialized>
         <run_address>0x20000fa0</run_address>
         <size>0xfa0</size>
         <input_file_ref idref="fl-4"/>
      </object_component>
      <object_component id="oc-7b">
         <name>.common:ColStart</name>
         <uninitialized>true</uninitialized>
         <run_address>0x20001f80</run_address>
         <size>0x1</size>
      </object_component>
      <object_component id="oc-7e">
         <name>.common:RowStart</name>
         <uninitialized>true</uninitialized>
         <run_address>0x20001f82</run_address>
         <size>0x1</size>
      </object_component>
      <object_component id="oc-94">
         <name>.common:Rotation</name>
         <uninitialized>true</uninitialized>
         <run_address>0x20001f81</run_address>
         <size>0x1</size>
      </object_component>
      <object_component id="oc-8e">
         <name>.common:TabColor</name>
         <uninitialized>true</uninitialized>
         <run_address>0x20001f83</run_address>
         <size>0x1</size>
      </object_component>
      <object_component id="oc-92">
         <name>.common:Message</name>
         <uninitialized>true</uninitialized>
         <run_address>0x20001f40</run_address>
         <size>0xc</size>
      </object_component>
      <object_component id="oc-93">
         <name>.common:Messageindex</name>
         <uninitialized>true</uninitialized>
         <run_address>0x20001f50</run_address>
         <size>0x4</size>
      </object_component>
      <object_component id="oc-95">
         <name>.common:Ymax</name>
         <uninitialized>true</uninitialized>
         <run_address>0x20001f6c</run_address>
         <size>0x4</size>
      </object_component>
      <object_component id="oc-96">
         <name>.common:Ymin</name>
         <uninitialized>true</uninitialized>
         <run_address>0x20001f74</run_address>
         <size>0x4</size>
      </object_component>
      <object_component id="oc-98">
         <name>.common:X</name>
         <uninitialized>true</uninitialized>
         <run_address>0x20001f60</run_address>
         <size>0x4</size>
      </object_component>
      <object_component id="oc-97">
         <name>.common:Yrange</name>
         <uninitialized>true</uninitialized>
         <run_address>0x20001f7c</run_address>
         <size>0x4</size>
      </object_component>
      <object_component id="oc-b0">
         <name>.common:Xmin1</name>
         <uninitialized>true</uninitialized>
         <run_address>0x20001f68</run_address>
         <size>0x4</size>
      </object_component>
      <object_component id="oc-b1">
         <name>.common:Xmax1</name>
         <uninitialized>true</uninitialized>
         <run_address>0x20001f64</run_address>
         <size>0x4</size>
      </object_component>
      <object_component id="oc-b2">
         <name>.common:Ymin1</name>
         <uninitialized>true</uninitialized>
         <run_address>0x20001f78</run_address>
         <size>0x4</size>
      </object_component>
      <object_component id="oc-b3">
         <name>.common:Ymax1</name>
         <uninitialized>true</uninitialized>
         <run_address>0x20001f70</run_address>
         <size>0x4</size>
      </object_component>
      <object_component id="oc-c1">
         <name>.common:T</name>
         <uninitialized>true</uninitialized>
         <run_address>0x20001f58</run_address>
         <size>0x4</size>
      </object_component>
      <object_component id="oc-c0">
         <name>.common:N</name>
         <uninitialized>true</uninitialized>
         <run_address>0x20001f54</run_address>
         <size>0x4</size>
      </object_component>
      <object_component id="oc-c2">
         <name>.common:T1</name>
         <uninitialized>true</uninitialized>
         <run_address>0x20001f5c</run_address>
         <size>0x4</size>
      </object_component>
      <object_component id="oc-c6">
         <name>.common:ADCvalue</name>
         <uninitialized>true</uninitialized>
         <run_address>0x20001f4c</run_address>
         <size>0x4</size>
      </object_component>
      <object_component id="oc-82">
         <name>.data</name>
         <load_address>0x20002184</load_address>
         <run_address>0x20002184</run_address>
         <size>0x18</size>
         <input_file_ref idref="fl-4"/>
      </object_component>
      <object_component id="oc-fd">
         <name>.data</name>
         <load_address>0x200021a4</load_address>
         <run_address>0x200021a4</run_address>
         <size>0x8</size>
         <input_file_ref idref="fl-12f"/>
      </object_component>
      <object_component id="oc-76">
         <name>.data</name>
         <load_address>0x200021ac</load_address>
         <run_address>0x200021ac</run_address>
         <size>0x4</size>
         <input_file_ref idref="fl-136"/>
      </object_component>
      <object_component id="oc-fa">
         <name>.data</name>
         <load_address>0x2000219c</load_address>
         <run_address>0x2000219c</run_address>
         <size>0x8</size>
         <input_file_ref idref="fl-138"/>
      </object_component>
      <object_component id="oc-38">
         <name>.debug_info</name>
         <load_address>0x0</load_address>
         <run_address>0x0</run_address>
         <size>0x101</size>
         <input_file_ref idref="fl-2"/>
      </object_component>
      <object_component id="oc-10">
         <name>.debug_info</name>
         <load_address>0x101</load_address>
         <run_address>0x101</run_address>
         <size>0xe6</size>
         <input_file_ref idref="fl-2"/>
      </object_component>
      <object_component id="oc-2b">
         <name>.debug_info</name>
         <load_address>0x1e7</load_address>
         <run_address>0x1e7</run_address>
         <size>0x39c1</size>
         <input_file_ref idref="fl-2"/>
      </object_component>
      <object_component id="oc-d5">
         <name>.debug_info</name>
         <load_address>0x3ba8</load_address>
         <run_address>0x3ba8</run_address>
         <size>0x84</size>
         <input_file_ref idref="fl-2"/>
      </object_component>
      <object_component id="oc-cb">
         <name>.debug_info</name>
         <load_address>0x3c2c</load_address>
         <run_address>0x3c2c</run_address>
         <size>0x18b</size>
         <input_file_ref idref="fl-2"/>
      </object_component>
      <object_component id="oc-b5">
         <name>.debug_info</name>
         <load_address>0x3db7</load_address>
         <run_address>0x3db7</run_address>
         <size>0x1b7</size>
         <input_file_ref idref="fl-3"/>
      </object_component>
      <object_component id="oc-7c">
         <name>.debug_info</name>
         <load_address>0x3f6e</load_address>
         <run_address>0x3f6e</run_address>
         <size>0x4c2</size>
         <input_file_ref idref="fl-4"/>
      </object_component>
      <object_component id="oc-83">
         <name>.debug_info</name>
         <load_address>0x4430</load_address>
         <run_address>0x4430</run_address>
         <size>0x17c</size>
         <input_file_ref idref="fl-4"/>
      </object_component>
      <object_component id="oc-90">
         <name>.debug_info</name>
         <load_address>0x45ac</load_address>
         <run_address>0x45ac</run_address>
         <size>0xcc</size>
         <input_file_ref idref="fl-4"/>
      </object_component>
      <object_component id="oc-80">
         <name>.debug_info</name>
         <load_address>0x4678</load_address>
         <run_address>0x4678</run_address>
         <size>0xcd</size>
         <input_file_ref idref="fl-4"/>
      </object_component>
      <object_component id="oc-86">
         <name>.debug_info</name>
         <load_address>0x4745</load_address>
         <run_address>0x4745</run_address>
         <size>0xcf</size>
         <input_file_ref idref="fl-4"/>
      </object_component>
      <object_component id="oc-89">
         <name>.debug_info</name>
         <load_address>0x4814</load_address>
         <run_address>0x4814</run_address>
         <size>0xfa</size>
         <input_file_ref idref="fl-4"/>
      </object_component>
      <object_component id="oc-8c">
         <name>.debug_info</name>
         <load_address>0x490e</load_address>
         <run_address>0x490e</run_address>
         <size>0xcf</size>
         <input_file_ref idref="fl-4"/>
      </object_component>
      <object_component id="oc-9a">
         <name>.debug_info</name>
         <load_address>0x49dd</load_address>
         <run_address>0x49dd</run_address>
         <size>0xce</size>
         <input_file_ref idref="fl-4"/>
      </object_component>
      <object_component id="oc-c4">
         <name>.debug_info</name>
         <load_address>0x4aab</load_address>
         <run_address>0x4aab</run_address>
         <size>0xcd</size>
         <input_file_ref idref="fl-4"/>
      </object_component>
      <object_component id="oc-c8">
         <name>.debug_info</name>
         <load_address>0x4b78</load_address>
         <run_address>0x4b78</run_address>
         <size>0xd1</size>
         <input_file_ref idref="fl-4"/>
      </object_component>
      <object_component id="oc-31">
         <name>.debug_info</name>
         <load_address>0x4c49</load_address>
         <run_address>0x4c49</run_address>
         <size>0x35c0</size>
         <input_file_ref idref="fl-4"/>
      </object_component>
      <object_component id="oc-107">
         <name>.debug_info</name>
         <load_address>0x8209</load_address>
         <run_address>0x8209</run_address>
         <size>0xc8</size>
         <input_file_ref idref="fl-4"/>
      </object_component>
      <object_component id="oc-d0">
         <name>.debug_info</name>
         <load_address>0x82d1</load_address>
         <run_address>0x82d1</run_address>
         <size>0x51</size>
         <input_file_ref idref="fl-4"/>
      </object_component>
      <object_component id="oc-bb">
         <name>.debug_info</name>
         <load_address>0x8322</load_address>
         <run_address>0x8322</run_address>
         <size>0x120</size>
         <input_file_ref idref="fl-5"/>
      </object_component>
      <object_component id="oc-25">
         <name>.debug_info</name>
         <load_address>0x8442</load_address>
         <run_address>0x8442</run_address>
         <size>0x134</size>
         <input_file_ref idref="fl-12b"/>
      </object_component>
      <object_component id="oc-44">
         <name>.debug_info</name>
         <load_address>0x8576</load_address>
         <run_address>0x8576</run_address>
         <size>0x121</size>
         <input_file_ref idref="fl-12c"/>
      </object_component>
      <object_component id="oc-13">
         <name>.debug_info</name>
         <load_address>0x8697</load_address>
         <run_address>0x8697</run_address>
         <size>0x1c0</size>
         <input_file_ref idref="fl-12c"/>
      </object_component>
      <object_component id="oc-3f">
         <name>.debug_info</name>
         <load_address>0x8857</load_address>
         <run_address>0x8857</run_address>
         <size>0x46</size>
         <input_file_ref idref="fl-12c"/>
      </object_component>
      <object_component id="oc-dd">
         <name>.debug_info</name>
         <load_address>0x889d</load_address>
         <run_address>0x889d</run_address>
         <size>0x2c</size>
         <input_file_ref idref="fl-12c"/>
      </object_component>
      <object_component id="oc-4c">
         <name>.debug_info</name>
         <load_address>0x88c9</load_address>
         <run_address>0x88c9</run_address>
         <size>0x115</size>
         <input_file_ref idref="fl-12d"/>
      </object_component>
      <object_component id="oc-46">
         <name>.debug_info</name>
         <load_address>0x89de</load_address>
         <run_address>0x89de</run_address>
         <size>0x228</size>
         <input_file_ref idref="fl-12d"/>
      </object_component>
      <object_component id="oc-19">
         <name>.debug_info</name>
         <load_address>0x8c06</load_address>
         <run_address>0x8c06</run_address>
         <size>0x192</size>
         <input_file_ref idref="fl-12d"/>
      </object_component>
      <object_component id="oc-4d">
         <name>.debug_info</name>
         <load_address>0x8d98</load_address>
         <run_address>0x8d98</run_address>
         <size>0x39</size>
         <input_file_ref idref="fl-12d"/>
      </object_component>
      <object_component id="oc-e7">
         <name>.debug_info</name>
         <load_address>0x8dd1</load_address>
         <run_address>0x8dd1</run_address>
         <size>0x2c</size>
         <input_file_ref idref="fl-12d"/>
      </object_component>
      <object_component id="oc-5d">
         <name>.debug_info</name>
         <load_address>0x8dfd</load_address>
         <run_address>0x8dfd</run_address>
         <size>0x110</size>
         <input_file_ref idref="fl-12e"/>
      </object_component>
      <object_component id="oc-1f">
         <name>.debug_info</name>
         <load_address>0x8f0d</load_address>
         <run_address>0x8f0d</run_address>
         <size>0x18b</size>
         <input_file_ref idref="fl-12e"/>
      </object_component>
      <object_component id="oc-58">
         <name>.debug_info</name>
         <load_address>0x9098</load_address>
         <run_address>0x9098</run_address>
         <size>0x46</size>
         <input_file_ref idref="fl-12e"/>
      </object_component>
      <object_component id="oc-101">
         <name>.debug_info</name>
         <load_address>0x90de</load_address>
         <run_address>0x90de</run_address>
         <size>0x172</size>
         <input_file_ref idref="fl-12f"/>
      </object_component>
      <object_component id="oc-fe">
         <name>.debug_info</name>
         <load_address>0x9250</load_address>
         <run_address>0x9250</run_address>
         <size>0x117</size>
         <input_file_ref idref="fl-12f"/>
      </object_component>
      <object_component id="oc-71">
         <name>.debug_info</name>
         <load_address>0x9367</load_address>
         <run_address>0x9367</run_address>
         <size>0x1ee</size>
         <input_file_ref idref="fl-12f"/>
      </object_component>
      <object_component id="oc-a7">
         <name>.debug_info</name>
         <load_address>0x9555</load_address>
         <run_address>0x9555</run_address>
         <size>0x129</size>
         <input_file_ref idref="fl-130"/>
      </object_component>
      <object_component id="oc-a2">
         <name>.debug_info</name>
         <load_address>0x967e</load_address>
         <run_address>0x967e</run_address>
         <size>0x117</size>
         <input_file_ref idref="fl-131"/>
      </object_component>
      <object_component id="oc-ac">
         <name>.debug_info</name>
         <load_address>0x9795</load_address>
         <run_address>0x9795</run_address>
         <size>0x11b</size>
         <input_file_ref idref="fl-132"/>
      </object_component>
      <object_component id="oc-3a">
         <name>.debug_info</name>
         <load_address>0x98b0</load_address>
         <run_address>0x98b0</run_address>
         <size>0xf6</size>
         <input_file_ref idref="fl-133"/>
      </object_component>
      <object_component id="oc-53">
         <name>.debug_info</name>
         <load_address>0x99a6</load_address>
         <run_address>0x99a6</run_address>
         <size>0x124</size>
         <input_file_ref idref="fl-134"/>
      </object_component>
      <object_component id="oc-5f">
         <name>.debug_info</name>
         <load_address>0x9aca</load_address>
         <run_address>0x9aca</run_address>
         <size>0x129</size>
         <input_file_ref idref="fl-135"/>
      </object_component>
      <object_component id="oc-77">
         <name>.debug_info</name>
         <load_address>0x9bf3</load_address>
         <run_address>0x9bf3</run_address>
         <size>0xea</size>
         <input_file_ref idref="fl-136"/>
      </object_component>
      <object_component id="oc-9d">
         <name>.debug_info</name>
         <load_address>0x9cdd</load_address>
         <run_address>0x9cdd</run_address>
         <size>0x10b</size>
         <input_file_ref idref="fl-137"/>
      </object_component>
      <object_component id="oc-141">
         <name>.debug_info</name>
         <load_address>0x9de8</load_address>
         <run_address>0x9de8</run_address>
         <size>0x105</size>
         <input_file_ref idref="fl-138"/>
      </object_component>
      <object_component id="oc-fb">
         <name>.debug_info</name>
         <load_address>0x9eed</load_address>
         <run_address>0x9eed</run_address>
         <size>0xf4</size>
         <input_file_ref idref="fl-138"/>
      </object_component>
      <object_component id="oc-13a">
         <name>.debug_info</name>
         <load_address>0x9fe1</load_address>
         <run_address>0x9fe1</run_address>
         <size>0x200</size>
         <input_file_ref idref="fl-138"/>
      </object_component>
      <object_component id="oc-f9">
         <name>.debug_info</name>
         <load_address>0xa1e1</load_address>
         <run_address>0xa1e1</run_address>
         <size>0x147</size>
         <input_file_ref idref="fl-139"/>
      </object_component>
      <object_component id="oc-6b">
         <name>.debug_info</name>
         <load_address>0xa328</load_address>
         <run_address>0xa328</run_address>
         <size>0x148</size>
         <input_file_ref idref="fl-139"/>
      </object_component>
      <object_component id="oc-134">
         <name>.debug_info</name>
         <load_address>0xa470</load_address>
         <run_address>0xa470</run_address>
         <size>0x5e</size>
         <input_file_ref idref="fl-139"/>
      </object_component>
      <object_component id="oc-f7">
         <name>.debug_info</name>
         <load_address>0xa4ce</load_address>
         <run_address>0xa4ce</run_address>
         <size>0x29e</size>
         <input_file_ref idref="fl-13a"/>
      </object_component>
      <object_component id="oc-65">
         <name>.debug_info</name>
         <load_address>0xa76c</load_address>
         <run_address>0xa76c</run_address>
         <size>0x158</size>
         <input_file_ref idref="fl-13a"/>
      </object_component>
      <object_component id="oc-128">
         <name>.debug_info</name>
         <load_address>0xa8c4</load_address>
         <run_address>0xa8c4</run_address>
         <size>0x39</size>
         <input_file_ref idref="fl-13a"/>
      </object_component>
      <object_component id="oc-12d">
         <name>.debug_info</name>
         <load_address>0xa8fd</load_address>
         <run_address>0xa8fd</run_address>
         <size>0xcd</size>
         <input_file_ref idref="fl-13a"/>
      </object_component>
      <object_component id="oc-125">
         <name>.debug_info</name>
         <load_address>0xa9ca</load_address>
         <run_address>0xa9ca</run_address>
         <size>0x1c1</size>
         <input_file_ref idref="fl-13b"/>
      </object_component>
      <object_component id="oc-f1">
         <name>.debug_info</name>
         <load_address>0xab8b</load_address>
         <run_address>0xab8b</run_address>
         <size>0x164</size>
         <input_file_ref idref="fl-13b"/>
      </object_component>
      <object_component id="oc-149">
         <name>.debug_info</name>
         <load_address>0xacef</load_address>
         <run_address>0xacef</run_address>
         <size>0x2c</size>
         <input_file_ref idref="fl-13b"/>
      </object_component>
      <object_component id="oc-177">
         <name>.debug_info</name>
         <load_address>0xad1b</load_address>
         <run_address>0xad1b</run_address>
         <size>0xa0</size>
      </object_component>
      <object_component id="oc-db">
         <name>.debug_line</name>
         <load_address>0x0</load_address>
         <run_address>0x0</run_address>
         <size>0x41</size>
         <input_file_ref idref="fl-2"/>
      </object_component>
      <object_component id="oc-37">
         <name>.debug_line</name>
         <load_address>0x41</load_address>
         <run_address>0x41</run_address>
         <size>0x41</size>
         <input_file_ref idref="fl-2"/>
      </object_component>
      <object_component id="oc-2e">
         <name>.debug_line</name>
         <load_address>0x82</load_address>
         <run_address>0x82</run_address>
         <size>0xc38</size>
         <input_file_ref idref="fl-2"/>
      </object_component>
      <object_component id="oc-d8">
         <name>.debug_line</name>
         <load_address>0xcba</load_address>
         <run_address>0xcba</run_address>
         <size>0x20</size>
         <input_file_ref idref="fl-2"/>
      </object_component>
      <object_component id="oc-ce">
         <name>.debug_line</name>
         <load_address>0xcda</load_address>
         <run_address>0xcda</run_address>
         <size>0x6b</size>
         <input_file_ref idref="fl-2"/>
      </object_component>
      <object_component id="oc-b8">
         <name>.debug_line</name>
         <load_address>0xd45</load_address>
         <run_address>0xd45</run_address>
         <size>0x89</size>
         <input_file_ref idref="fl-3"/>
      </object_component>
      <object_component id="oc-106">
         <name>.debug_line</name>
         <load_address>0xdce</load_address>
         <run_address>0xdce</run_address>
         <size>0xef</size>
         <input_file_ref idref="fl-4"/>
      </object_component>
      <object_component id="oc-10f">
         <name>.debug_line</name>
         <load_address>0xebd</load_address>
         <run_address>0xebd</run_address>
         <size>0x5a</size>
         <input_file_ref idref="fl-4"/>
      </object_component>
      <object_component id="oc-117">
         <name>.debug_line</name>
         <load_address>0xf17</load_address>
         <run_address>0xf17</run_address>
         <size>0x42</size>
         <input_file_ref idref="fl-4"/>
      </object_component>
      <object_component id="oc-10d">
         <name>.debug_line</name>
         <load_address>0xf59</load_address>
         <run_address>0xf59</run_address>
         <size>0x42</size>
         <input_file_ref idref="fl-4"/>
      </object_component>
      <object_component id="oc-111">
         <name>.debug_line</name>
         <load_address>0xf9b</load_address>
         <run_address>0xf9b</run_address>
         <size>0x42</size>
         <input_file_ref idref="fl-4"/>
      </object_component>
      <object_component id="oc-113">
         <name>.debug_line</name>
         <load_address>0xfdd</load_address>
         <run_address>0xfdd</run_address>
         <size>0x42</size>
         <input_file_ref idref="fl-4"/>
      </object_component>
      <object_component id="oc-115">
         <name>.debug_line</name>
         <load_address>0x101f</load_address>
         <run_address>0x101f</run_address>
         <size>0x42</size>
         <input_file_ref idref="fl-4"/>
      </object_component>
      <object_component id="oc-119">
         <name>.debug_line</name>
         <load_address>0x1061</load_address>
         <run_address>0x1061</run_address>
         <size>0x42</size>
         <input_file_ref idref="fl-4"/>
      </object_component>
      <object_component id="oc-121">
         <name>.debug_line</name>
         <load_address>0x10a3</load_address>
         <run_address>0x10a3</run_address>
         <size>0x38</size>
         <input_file_ref idref="fl-4"/>
      </object_component>
      <object_component id="oc-123">
         <name>.debug_line</name>
         <load_address>0x10db</load_address>
         <run_address>0x10db</run_address>
         <size>0x38</size>
         <input_file_ref idref="fl-4"/>
      </object_component>
      <object_component id="oc-34">
         <name>.debug_line</name>
         <load_address>0x1113</load_address>
         <run_address>0x1113</run_address>
         <size>0xca1</size>
         <input_file_ref idref="fl-4"/>
      </object_component>
      <object_component id="oc-10a">
         <name>.debug_line</name>
         <load_address>0x1db4</load_address>
         <run_address>0x1db4</run_address>
         <size>0x6a</size>
         <input_file_ref idref="fl-4"/>
      </object_component>
      <object_component id="oc-d3">
         <name>.debug_line</name>
         <load_address>0x1e1e</load_address>
         <run_address>0x1e1e</run_address>
         <size>0x42</size>
         <input_file_ref idref="fl-4"/>
      </object_component>
      <object_component id="oc-be">
         <name>.debug_line</name>
         <load_address>0x1e60</load_address>
         <run_address>0x1e60</run_address>
         <size>0x56</size>
         <input_file_ref idref="fl-5"/>
      </object_component>
      <object_component id="oc-28">
         <name>.debug_line</name>
         <load_address>0x1eb6</load_address>
         <run_address>0x1eb6</run_address>
         <size>0x52</size>
         <input_file_ref idref="fl-12b"/>
      </object_component>
      <object_component id="oc-e3">
         <name>.debug_line</name>
         <load_address>0x1f08</load_address>
         <run_address>0x1f08</run_address>
         <size>0x80</size>
         <input_file_ref idref="fl-12c"/>
      </object_component>
      <object_component id="oc-16">
         <name>.debug_line</name>
         <load_address>0x1f88</load_address>
         <run_address>0x1f88</run_address>
         <size>0x55</size>
         <input_file_ref idref="fl-12c"/>
      </object_component>
      <object_component id="oc-42">
         <name>.debug_line</name>
         <load_address>0x1fdd</load_address>
         <run_address>0x1fdd</run_address>
         <size>0x3a</size>
         <input_file_ref idref="fl-12c"/>
      </object_component>
      <object_component id="oc-e0">
         <name>.debug_line</name>
         <load_address>0x2017</load_address>
         <run_address>0x2017</run_address>
         <size>0x80</size>
         <input_file_ref idref="fl-12c"/>
      </object_component>
      <object_component id="oc-e6">
         <name>.debug_line</name>
         <load_address>0x2097</load_address>
         <run_address>0x2097</run_address>
         <size>0x80</size>
         <input_file_ref idref="fl-12d"/>
      </object_component>
      <object_component id="oc-49">
         <name>.debug_line</name>
         <load_address>0x2117</load_address>
         <run_address>0x2117</run_address>
         <size>0x98</size>
         <input_file_ref idref="fl-12d"/>
      </object_component>
      <object_component id="oc-1c">
         <name>.debug_line</name>
         <load_address>0x21af</load_address>
         <run_address>0x21af</run_address>
         <size>0x4b</size>
         <input_file_ref idref="fl-12d"/>
      </object_component>
      <object_component id="oc-50">
         <name>.debug_line</name>
         <load_address>0x21fa</load_address>
         <run_address>0x21fa</run_address>
         <size>0x39</size>
         <input_file_ref idref="fl-12d"/>
      </object_component>
      <object_component id="oc-ea">
         <name>.debug_line</name>
         <load_address>0x2233</load_address>
         <run_address>0x2233</run_address>
         <size>0x80</size>
         <input_file_ref idref="fl-12d"/>
      </object_component>
      <object_component id="oc-ee">
         <name>.debug_line</name>
         <load_address>0x22b3</load_address>
         <run_address>0x22b3</run_address>
         <size>0x80</size>
         <input_file_ref idref="fl-12e"/>
      </object_component>
      <object_component id="oc-22">
         <name>.debug_line</name>
         <load_address>0x2333</load_address>
         <run_address>0x2333</run_address>
         <size>0x4f</size>
         <input_file_ref idref="fl-12e"/>
      </object_component>
      <object_component id="oc-5b">
         <name>.debug_line</name>
         <load_address>0x2382</load_address>
         <run_address>0x2382</run_address>
         <size>0x34</size>
         <input_file_ref idref="fl-12e"/>
      </object_component>
      <object_component id="oc-146">
         <name>.debug_line</name>
         <load_address>0x23b6</load_address>
         <run_address>0x23b6</run_address>
         <size>0x7f</size>
         <input_file_ref idref="fl-12f"/>
      </object_component>
      <object_component id="oc-144">
         <name>.debug_line</name>
         <load_address>0x2435</load_address>
         <run_address>0x2435</run_address>
         <size>0x2a</size>
         <input_file_ref idref="fl-12f"/>
      </object_component>
      <object_component id="oc-74">
         <name>.debug_line</name>
         <load_address>0x245f</load_address>
         <run_address>0x245f</run_address>
         <size>0x7a</size>
         <input_file_ref idref="fl-12f"/>
      </object_component>
      <object_component id="oc-aa">
         <name>.debug_line</name>
         <load_address>0x24d9</load_address>
         <run_address>0x24d9</run_address>
         <size>0xd2</size>
         <input_file_ref idref="fl-130"/>
      </object_component>
      <object_component id="oc-a5">
         <name>.debug_line</name>
         <load_address>0x25ab</load_address>
         <run_address>0x25ab</run_address>
         <size>0x8e</size>
         <input_file_ref idref="fl-131"/>
      </object_component>
      <object_component id="oc-af">
         <name>.debug_line</name>
         <load_address>0x2639</load_address>
         <run_address>0x2639</run_address>
         <size>0x67</size>
         <input_file_ref idref="fl-132"/>
      </object_component>
      <object_component id="oc-3d">
         <name>.debug_line</name>
         <load_address>0x26a0</load_address>
         <run_address>0x26a0</run_address>
         <size>0x88</size>
         <input_file_ref idref="fl-133"/>
      </object_component>
      <object_component id="oc-56">
         <name>.debug_line</name>
         <load_address>0x2728</load_address>
         <run_address>0x2728</run_address>
         <size>0x79</size>
         <input_file_ref idref="fl-134"/>
      </object_component>
      <object_component id="oc-62">
         <name>.debug_line</name>
         <load_address>0x27a1</load_address>
         <run_address>0x27a1</run_address>
         <size>0x40</size>
         <input_file_ref idref="fl-135"/>
      </object_component>
      <object_component id="oc-104">
         <name>.debug_line</name>
         <load_address>0x27e1</load_address>
         <run_address>0x27e1</run_address>
         <size>0x33</size>
         <input_file_ref idref="fl-136"/>
      </object_component>
      <object_component id="oc-a0">
         <name>.debug_line</name>
         <load_address>0x2814</load_address>
         <run_address>0x2814</run_address>
         <size>0x4c</size>
         <input_file_ref idref="fl-137"/>
      </object_component>
      <object_component id="oc-150">
         <name>.debug_line</name>
         <load_address>0x2860</load_address>
         <run_address>0x2860</run_address>
         <size>0x20</size>
         <input_file_ref idref="fl-138"/>
      </object_component>
      <object_component id="oc-140">
         <name>.debug_line</name>
         <load_address>0x2880</load_address>
         <run_address>0x2880</run_address>
         <size>0x2b</size>
         <input_file_ref idref="fl-138"/>
      </object_component>
      <object_component id="oc-13d">
         <name>.debug_line</name>
         <load_address>0x28ab</load_address>
         <run_address>0x28ab</run_address>
         <size>0x68</size>
         <input_file_ref idref="fl-138"/>
      </object_component>
      <object_component id="oc-133">
         <name>.debug_line</name>
         <load_address>0x2913</load_address>
         <run_address>0x2913</run_address>
         <size>0x2b</size>
         <input_file_ref idref="fl-139"/>
      </object_component>
      <object_component id="oc-6e">
         <name>.debug_line</name>
         <load_address>0x293e</load_address>
         <run_address>0x293e</run_address>
         <size>0x50</size>
         <input_file_ref idref="fl-139"/>
      </object_component>
      <object_component id="oc-137">
         <name>.debug_line</name>
         <load_address>0x298e</load_address>
         <run_address>0x298e</run_address>
         <size>0x2b</size>
         <input_file_ref idref="fl-139"/>
      </object_component>
      <object_component id="oc-127">
         <name>.debug_line</name>
         <load_address>0x29b9</load_address>
         <run_address>0x29b9</run_address>
         <size>0x8f</size>
         <input_file_ref idref="fl-13a"/>
      </object_component>
      <object_component id="oc-68">
         <name>.debug_line</name>
         <load_address>0x2a48</load_address>
         <run_address>0x2a48</run_address>
         <size>0x79</size>
         <input_file_ref idref="fl-13a"/>
      </object_component>
      <object_component id="oc-12b">
         <name>.debug_line</name>
         <load_address>0x2ac1</load_address>
         <run_address>0x2ac1</run_address>
         <size>0x2e</size>
         <input_file_ref idref="fl-13a"/>
      </object_component>
      <object_component id="oc-130">
         <name>.debug_line</name>
         <load_address>0x2aef</load_address>
         <run_address>0x2aef</run_address>
         <size>0x81</size>
         <input_file_ref idref="fl-13a"/>
      </object_component>
      <object_component id="oc-148">
         <name>.debug_line</name>
         <load_address>0x2b70</load_address>
         <run_address>0x2b70</run_address>
         <size>0x8e</size>
         <input_file_ref idref="fl-13b"/>
      </object_component>
      <object_component id="oc-f4">
         <name>.debug_line</name>
         <load_address>0x2bfe</load_address>
         <run_address>0x2bfe</run_address>
         <size>0x68</size>
         <input_file_ref idref="fl-13b"/>
      </object_component>
      <object_component id="oc-14c">
         <name>.debug_line</name>
         <load_address>0x2c66</load_address>
         <run_address>0x2c66</run_address>
         <size>0x2e</size>
         <input_file_ref idref="fl-13b"/>
      </object_component>
      <object_component id="oc-2f">
         <name>.debug_frame</name>
         <load_address>0x0</load_address>
         <run_address>0x0</run_address>
         <size>0x8dd</size>
         <input_file_ref idref="fl-2"/>
      </object_component>
      <object_component id="oc-b9">
         <name>.debug_frame</name>
         <load_address>0x8dd</load_address>
         <run_address>0x8dd</run_address>
         <size>0x97</size>
         <input_file_ref idref="fl-3"/>
      </object_component>
      <object_component id="oc-35">
         <name>.debug_frame</name>
         <load_address>0x974</load_address>
         <run_address>0x974</run_address>
         <size>0x65e</size>
         <input_file_ref idref="fl-4"/>
      </object_component>
      <object_component id="oc-bf">
         <name>.debug_frame</name>
         <load_address>0xfd2</load_address>
         <run_address>0xfd2</run_address>
         <size>0x85</size>
         <input_file_ref idref="fl-5"/>
      </object_component>
      <object_component id="oc-17">
         <name>.debug_frame</name>
         <load_address>0x1057</load_address>
         <run_address>0x1057</run_address>
         <size>0x7f</size>
         <input_file_ref idref="fl-12c"/>
      </object_component>
      <object_component id="oc-4a">
         <name>.debug_frame</name>
         <load_address>0x10d6</load_address>
         <run_address>0x10d6</run_address>
         <size>0x8e</size>
         <input_file_ref idref="fl-12d"/>
      </object_component>
      <object_component id="oc-1d">
         <name>.debug_frame</name>
         <load_address>0x1164</load_address>
         <run_address>0x1164</run_address>
         <size>0x7f</size>
         <input_file_ref idref="fl-12d"/>
      </object_component>
      <object_component id="oc-23">
         <name>.debug_frame</name>
         <load_address>0x11e3</load_address>
         <run_address>0x11e3</run_address>
         <size>0x7f</size>
         <input_file_ref idref="fl-12e"/>
      </object_component>
      <object_component id="oc-75">
         <name>.debug_frame</name>
         <load_address>0x1262</load_address>
         <run_address>0x1262</run_address>
         <size>0xb3</size>
         <input_file_ref idref="fl-12f"/>
      </object_component>
      <object_component id="oc-63">
         <name>.debug_frame</name>
         <load_address>0x1315</load_address>
         <run_address>0x1315</run_address>
         <size>0x7f</size>
         <input_file_ref idref="fl-135"/>
      </object_component>
      <object_component id="oc-13e">
         <name>.debug_frame</name>
         <load_address>0x1394</load_address>
         <run_address>0x1394</run_address>
         <size>0xa1</size>
         <input_file_ref idref="fl-138"/>
      </object_component>
      <object_component id="oc-6f">
         <name>.debug_frame</name>
         <load_address>0x1435</load_address>
         <run_address>0x1435</run_address>
         <size>0x7f</size>
         <input_file_ref idref="fl-139"/>
      </object_component>
      <object_component id="oc-69">
         <name>.debug_frame</name>
         <load_address>0x14b4</load_address>
         <run_address>0x14b4</run_address>
         <size>0x8a</size>
         <input_file_ref idref="fl-13a"/>
      </object_component>
      <object_component id="oc-f5">
         <name>.debug_frame</name>
         <load_address>0x153e</load_address>
         <run_address>0x153e</run_address>
         <size>0x8e</size>
         <input_file_ref idref="fl-13b"/>
      </object_component>
      <object_component id="oc-da">
         <name>.debug_abbrev</name>
         <load_address>0x0</load_address>
         <run_address>0x0</run_address>
         <size>0x5d</size>
         <input_file_ref idref="fl-2"/>
      </object_component>
      <object_component id="oc-36">
         <name>.debug_abbrev</name>
         <load_address>0x5d</load_address>
         <run_address>0x5d</run_address>
         <size>0x29</size>
         <input_file_ref idref="fl-2"/>
      </object_component>
      <object_component id="oc-7a">
         <name>.debug_abbrev</name>
         <load_address>0x86</load_address>
         <run_address>0x86</run_address>
         <size>0xa4</size>
         <input_file_ref idref="fl-2"/>
      </object_component>
      <object_component id="oc-d7">
         <name>.debug_abbrev</name>
         <load_address>0x12a</load_address>
         <run_address>0x12a</run_address>
         <size>0x1f</size>
         <input_file_ref idref="fl-2"/>
      </object_component>
      <object_component id="oc-cd">
         <name>.debug_abbrev</name>
         <load_address>0x149</load_address>
         <run_address>0x149</run_address>
         <size>0x35</size>
         <input_file_ref idref="fl-2"/>
      </object_component>
      <object_component id="oc-11e">
         <name>.debug_abbrev</name>
         <load_address>0x17e</load_address>
         <run_address>0x17e</run_address>
         <size>0x8d</size>
         <input_file_ref idref="fl-3"/>
      </object_component>
      <object_component id="oc-105">
         <name>.debug_abbrev</name>
         <load_address>0x20b</load_address>
         <run_address>0x20b</run_address>
         <size>0x17b</size>
         <input_file_ref idref="fl-4"/>
      </object_component>
      <object_component id="oc-10e">
         <name>.debug_abbrev</name>
         <load_address>0x386</load_address>
         <run_address>0x386</run_address>
         <size>0x53</size>
         <input_file_ref idref="fl-4"/>
      </object_component>
      <object_component id="oc-116">
         <name>.debug_abbrev</name>
         <load_address>0x3d9</load_address>
         <run_address>0x3d9</run_address>
         <size>0x27</size>
         <input_file_ref idref="fl-4"/>
      </object_component>
      <object_component id="oc-10c">
         <name>.debug_abbrev</name>
         <load_address>0x400</load_address>
         <run_address>0x400</run_address>
         <size>0x27</size>
         <input_file_ref idref="fl-4"/>
      </object_component>
      <object_component id="oc-110">
         <name>.debug_abbrev</name>
         <load_address>0x427</load_address>
         <run_address>0x427</run_address>
         <size>0x27</size>
         <input_file_ref idref="fl-4"/>
      </object_component>
      <object_component id="oc-112">
         <name>.debug_abbrev</name>
         <load_address>0x44e</load_address>
         <run_address>0x44e</run_address>
         <size>0x27</size>
         <input_file_ref idref="fl-4"/>
      </object_component>
      <object_component id="oc-114">
         <name>.debug_abbrev</name>
         <load_address>0x475</load_address>
         <run_address>0x475</run_address>
         <size>0x27</size>
         <input_file_ref idref="fl-4"/>
      </object_component>
      <object_component id="oc-118">
         <name>.debug_abbrev</name>
         <load_address>0x49c</load_address>
         <run_address>0x49c</run_address>
         <size>0x29</size>
         <input_file_ref idref="fl-4"/>
      </object_component>
      <object_component id="oc-120">
         <name>.debug_abbrev</name>
         <load_address>0x4c5</load_address>
         <run_address>0x4c5</run_address>
         <size>0x29</size>
         <input_file_ref idref="fl-4"/>
      </object_component>
      <object_component id="oc-122">
         <name>.debug_abbrev</name>
         <load_address>0x4ee</load_address>
         <run_address>0x4ee</run_address>
         <size>0x29</size>
         <input_file_ref idref="fl-4"/>
      </object_component>
      <object_component id="oc-ca">
         <name>.debug_abbrev</name>
         <load_address>0x517</load_address>
         <run_address>0x517</run_address>
         <size>0x168</size>
         <input_file_ref idref="fl-4"/>
      </object_component>
      <object_component id="oc-109">
         <name>.debug_abbrev</name>
         <load_address>0x67f</load_address>
         <run_address>0x67f</run_address>
         <size>0x5a</size>
         <input_file_ref idref="fl-4"/>
      </object_component>
      <object_component id="oc-d2">
         <name>.debug_abbrev</name>
         <load_address>0x6d9</load_address>
         <run_address>0x6d9</run_address>
         <size>0x33</size>
         <input_file_ref idref="fl-4"/>
      </object_component>
      <object_component id="oc-11f">
         <name>.debug_abbrev</name>
         <load_address>0x70c</load_address>
         <run_address>0x70c</run_address>
         <size>0x6c</size>
         <input_file_ref idref="fl-5"/>
      </object_component>
      <object_component id="oc-79">
         <name>.debug_abbrev</name>
         <load_address>0x778</load_address>
         <run_address>0x778</run_address>
         <size>0x3e</size>
         <input_file_ref idref="fl-12b"/>
      </object_component>
      <object_component id="oc-e2">
         <name>.debug_abbrev</name>
         <load_address>0x7b6</load_address>
         <run_address>0x7b6</run_address>
         <size>0x52</size>
         <input_file_ref idref="fl-12c"/>
      </object_component>
      <object_component id="oc-3e">
         <name>.debug_abbrev</name>
         <load_address>0x808</load_address>
         <run_address>0x808</run_address>
         <size>0x74</size>
         <input_file_ref idref="fl-12c"/>
      </object_component>
      <object_component id="oc-41">
         <name>.debug_abbrev</name>
         <load_address>0x87c</load_address>
         <run_address>0x87c</run_address>
         <size>0x24</size>
         <input_file_ref idref="fl-12c"/>
      </object_component>
      <object_component id="oc-df">
         <name>.debug_abbrev</name>
         <load_address>0x8a0</load_address>
         <run_address>0x8a0</run_address>
         <size>0x24</size>
         <input_file_ref idref="fl-12c"/>
      </object_component>
      <object_component id="oc-e5">
         <name>.debug_abbrev</name>
         <load_address>0x8c4</load_address>
         <run_address>0x8c4</run_address>
         <size>0x52</size>
         <input_file_ref idref="fl-12d"/>
      </object_component>
      <object_component id="oc-e4">
         <name>.debug_abbrev</name>
         <load_address>0x916</load_address>
         <run_address>0x916</run_address>
         <size>0x7b</size>
         <input_file_ref idref="fl-12d"/>
      </object_component>
      <object_component id="oc-4b">
         <name>.debug_abbrev</name>
         <load_address>0x991</load_address>
         <run_address>0x991</run_address>
         <size>0x66</size>
         <input_file_ref idref="fl-12d"/>
      </object_component>
      <object_component id="oc-4f">
         <name>.debug_abbrev</name>
         <load_address>0x9f7</load_address>
         <run_address>0x9f7</run_address>
         <size>0x24</size>
         <input_file_ref idref="fl-12d"/>
      </object_component>
      <object_component id="oc-e9">
         <name>.debug_abbrev</name>
         <load_address>0xa1b</load_address>
         <run_address>0xa1b</run_address>
         <size>0x24</size>
         <input_file_ref idref="fl-12d"/>
      </object_component>
      <object_component id="oc-ed">
         <name>.debug_abbrev</name>
         <load_address>0xa3f</load_address>
         <run_address>0xa3f</run_address>
         <size>0x52</size>
         <input_file_ref idref="fl-12e"/>
      </object_component>
      <object_component id="oc-57">
         <name>.debug_abbrev</name>
         <load_address>0xa91</load_address>
         <run_address>0xa91</run_address>
         <size>0x74</size>
         <input_file_ref idref="fl-12e"/>
      </object_component>
      <object_component id="oc-5a">
         <name>.debug_abbrev</name>
         <load_address>0xb05</load_address>
         <run_address>0xb05</run_address>
         <size>0x24</size>
         <input_file_ref idref="fl-12e"/>
      </object_component>
      <object_component id="oc-145">
         <name>.debug_abbrev</name>
         <load_address>0xb29</load_address>
         <run_address>0xb29</run_address>
         <size>0x6b</size>
         <input_file_ref idref="fl-12f"/>
      </object_component>
      <object_component id="oc-143">
         <name>.debug_abbrev</name>
         <load_address>0xb94</load_address>
         <run_address>0xb94</run_address>
         <size>0x29</size>
         <input_file_ref idref="fl-12f"/>
      </object_component>
      <object_component id="oc-100">
         <name>.debug_abbrev</name>
         <load_address>0xbbd</load_address>
         <run_address>0xbbd</run_address>
         <size>0xba</size>
         <input_file_ref idref="fl-12f"/>
      </object_component>
      <object_component id="oc-11c">
         <name>.debug_abbrev</name>
         <load_address>0xc77</load_address>
         <run_address>0xc77</run_address>
         <size>0x3c</size>
         <input_file_ref idref="fl-130"/>
      </object_component>
      <object_component id="oc-11b">
         <name>.debug_abbrev</name>
         <load_address>0xcb3</load_address>
         <run_address>0xcb3</run_address>
         <size>0x3c</size>
         <input_file_ref idref="fl-131"/>
      </object_component>
      <object_component id="oc-11d">
         <name>.debug_abbrev</name>
         <load_address>0xcef</load_address>
         <run_address>0xcef</run_address>
         <size>0x3e</size>
         <input_file_ref idref="fl-132"/>
      </object_component>
      <object_component id="oc-dc">
         <name>.debug_abbrev</name>
         <load_address>0xd2d</load_address>
         <run_address>0xd2d</run_address>
         <size>0x3e</size>
         <input_file_ref idref="fl-133"/>
      </object_component>
      <object_component id="oc-ec">
         <name>.debug_abbrev</name>
         <load_address>0xd6b</load_address>
         <run_address>0xd6b</run_address>
         <size>0x4f</size>
         <input_file_ref idref="fl-134"/>
      </object_component>
      <object_component id="oc-ef">
         <name>.debug_abbrev</name>
         <load_address>0xdba</load_address>
         <run_address>0xdba</run_address>
         <size>0x55</size>
         <input_file_ref idref="fl-135"/>
      </object_component>
      <object_component id="oc-103">
         <name>.debug_abbrev</name>
         <load_address>0xe0f</load_address>
         <run_address>0xe0f</run_address>
         <size>0x27</size>
         <input_file_ref idref="fl-136"/>
      </object_component>
      <object_component id="oc-11a">
         <name>.debug_abbrev</name>
         <load_address>0xe36</load_address>
         <run_address>0xe36</run_address>
         <size>0x3e</size>
         <input_file_ref idref="fl-137"/>
      </object_component>
      <object_component id="oc-14f">
         <name>.debug_abbrev</name>
         <load_address>0xe74</load_address>
         <run_address>0xe74</run_address>
         <size>0x45</size>
         <input_file_ref idref="fl-138"/>
      </object_component>
      <object_component id="oc-13f">
         <name>.debug_abbrev</name>
         <load_address>0xeb9</load_address>
         <run_address>0xeb9</run_address>
         <size>0x29</size>
         <input_file_ref idref="fl-138"/>
      </object_component>
      <object_component id="oc-14e">
         <name>.debug_abbrev</name>
         <load_address>0xee2</load_address>
         <run_address>0xee2</run_address>
         <size>0x6f</size>
         <input_file_ref idref="fl-138"/>
      </object_component>
      <object_component id="oc-132">
         <name>.debug_abbrev</name>
         <load_address>0xf51</load_address>
         <run_address>0xf51</run_address>
         <size>0x8e</size>
         <input_file_ref idref="fl-139"/>
      </object_component>
      <object_component id="oc-f8">
         <name>.debug_abbrev</name>
         <load_address>0xfdf</load_address>
         <run_address>0xfdf</run_address>
         <size>0x68</size>
         <input_file_ref idref="fl-139"/>
      </object_component>
      <object_component id="oc-136">
         <name>.debug_abbrev</name>
         <load_address>0x1047</load_address>
         <run_address>0x1047</run_address>
         <size>0x49</size>
         <input_file_ref idref="fl-139"/>
      </object_component>
      <object_component id="oc-126">
         <name>.debug_abbrev</name>
         <load_address>0x1090</load_address>
         <run_address>0x1090</run_address>
         <size>0x9a</size>
         <input_file_ref idref="fl-13a"/>
      </object_component>
      <object_component id="oc-f6">
         <name>.debug_abbrev</name>
         <load_address>0x112a</load_address>
         <run_address>0x112a</run_address>
         <size>0x7e</size>
         <input_file_ref idref="fl-13a"/>
      </object_component>
      <object_component id="oc-12a">
         <name>.debug_abbrev</name>
         <load_address>0x11a8</load_address>
         <run_address>0x11a8</run_address>
         <size>0x24</size>
         <input_file_ref idref="fl-13a"/>
      </object_component>
      <object_component id="oc-12f">
         <name>.debug_abbrev</name>
         <load_address>0x11cc</load_address>
         <run_address>0x11cc</run_address>
         <size>0x4b</size>
         <input_file_ref idref="fl-13a"/>
      </object_component>
      <object_component id="oc-147">
         <name>.debug_abbrev</name>
         <load_address>0x1217</load_address>
         <run_address>0x1217</run_address>
         <size>0x9c</size>
         <input_file_ref idref="fl-13b"/>
      </object_component>
      <object_component id="oc-124">
         <name>.debug_abbrev</name>
         <load_address>0x12b3</load_address>
         <run_address>0x12b3</run_address>
         <size>0x8c</size>
         <input_file_ref idref="fl-13b"/>
      </object_component>
      <object_component id="oc-14b">
         <name>.debug_abbrev</name>
         <load_address>0x133f</load_address>
         <run_address>0x133f</run_address>
         <size>0x24</size>
         <input_file_ref idref="fl-13b"/>
      </object_component>
      <object_component id="oc-178">
         <name>.debug_abbrev</name>
         <load_address>0x1363</load_address>
         <run_address>0x1363</run_address>
         <size>0xf</size>
      </object_component>
      <object_component id="oc-d9">
         <name>.debug_str</name>
         <load_address>0x0</load_address>
         <run_address>0x0</run_address>
         <size>0xf7</size>
         <input_file_ref idref="fl-2"/>
      </object_component>
      <object_component id="oc-cf">
         <name>.debug_str</name>
         <load_address>0xf7</load_address>
         <run_address>0xf7</run_address>
         <size>0x219</size>
         <input_file_ref idref="fl-2"/>
      </object_component>
      <object_component id="oc-10b">
         <name>.debug_str</name>
         <load_address>0x310</load_address>
         <run_address>0x310</run_address>
         <size>0x109</size>
         <input_file_ref idref="fl-4"/>
      </object_component>
      <object_component id="oc-d4">
         <name>.debug_str</name>
         <load_address>0x419</load_address>
         <run_address>0x419</run_address>
         <size>0xe7</size>
         <input_file_ref idref="fl-4"/>
      </object_component>
      <object_component id="oc-43">
         <name>.debug_str</name>
         <load_address>0x500</load_address>
         <run_address>0x500</run_address>
         <size>0xe1</size>
         <input_file_ref idref="fl-12c"/>
      </object_component>
      <object_component id="oc-e1">
         <name>.debug_str</name>
         <load_address>0x5e1</load_address>
         <run_address>0x5e1</run_address>
         <size>0x104</size>
         <input_file_ref idref="fl-12c"/>
      </object_component>
      <object_component id="oc-51">
         <name>.debug_str</name>
         <load_address>0x6e5</load_address>
         <run_address>0x6e5</run_address>
         <size>0xd3</size>
         <input_file_ref idref="fl-12d"/>
      </object_component>
      <object_component id="oc-eb">
         <name>.debug_str</name>
         <load_address>0x7b8</load_address>
         <run_address>0x7b8</run_address>
         <size>0x104</size>
         <input_file_ref idref="fl-12d"/>
      </object_component>
      <object_component id="oc-5c">
         <name>.debug_str</name>
         <load_address>0x8bc</load_address>
         <run_address>0x8bc</run_address>
         <size>0xdb</size>
         <input_file_ref idref="fl-12e"/>
      </object_component>
      <object_component id="oc-138">
         <name>.debug_str</name>
         <load_address>0x997</load_address>
         <run_address>0x997</run_address>
         <size>0xb7</size>
         <input_file_ref idref="fl-139"/>
      </object_component>
      <object_component id="oc-12c">
         <name>.debug_str</name>
         <load_address>0xa4e</load_address>
         <run_address>0xa4e</run_address>
         <size>0xc3</size>
         <input_file_ref idref="fl-13a"/>
      </object_component>
      <object_component id="oc-131">
         <name>.debug_str</name>
         <load_address>0xb11</load_address>
         <run_address>0xb11</run_address>
         <size>0x15b</size>
         <input_file_ref idref="fl-13a"/>
      </object_component>
      <object_component id="oc-14d">
         <name>.debug_str</name>
         <load_address>0xc6c</load_address>
         <run_address>0xc6c</run_address>
         <size>0xb8</size>
         <input_file_ref idref="fl-13b"/>
      </object_component>
      <object_component id="oc-2c">
         <name>.debug_aranges</name>
         <load_address>0x0</load_address>
         <run_address>0x0</run_address>
         <size>0x410</size>
         <input_file_ref idref="fl-2"/>
      </object_component>
      <object_component id="oc-b6">
         <name>.debug_aranges</name>
         <load_address>0x410</load_address>
         <run_address>0x410</run_address>
         <size>0x28</size>
         <input_file_ref idref="fl-3"/>
      </object_component>
      <object_component id="oc-32">
         <name>.debug_aranges</name>
         <load_address>0x438</load_address>
         <run_address>0x438</run_address>
         <size>0x1e0</size>
         <input_file_ref idref="fl-4"/>
      </object_component>
      <object_component id="oc-bc">
         <name>.debug_aranges</name>
         <load_address>0x618</load_address>
         <run_address>0x618</run_address>
         <size>0x20</size>
         <input_file_ref idref="fl-5"/>
      </object_component>
      <object_component id="oc-26">
         <name>.debug_aranges</name>
         <load_address>0x638</load_address>
         <run_address>0x638</run_address>
         <size>0x20</size>
         <input_file_ref idref="fl-12b"/>
      </object_component>
      <object_component id="oc-14">
         <name>.debug_aranges</name>
         <load_address>0x658</load_address>
         <run_address>0x658</run_address>
         <size>0x20</size>
         <input_file_ref idref="fl-12c"/>
      </object_component>
      <object_component id="oc-47">
         <name>.debug_aranges</name>
         <load_address>0x678</load_address>
         <run_address>0x678</run_address>
         <size>0x20</size>
         <input_file_ref idref="fl-12d"/>
      </object_component>
      <object_component id="oc-1a">
         <name>.debug_aranges</name>
         <load_address>0x698</load_address>
         <run_address>0x698</run_address>
         <size>0x20</size>
         <input_file_ref idref="fl-12d"/>
      </object_component>
      <object_component id="oc-20">
         <name>.debug_aranges</name>
         <load_address>0x6b8</load_address>
         <run_address>0x6b8</run_address>
         <size>0x20</size>
         <input_file_ref idref="fl-12e"/>
      </object_component>
      <object_component id="oc-72">
         <name>.debug_aranges</name>
         <load_address>0x6d8</load_address>
         <run_address>0x6d8</run_address>
         <size>0x30</size>
         <input_file_ref idref="fl-12f"/>
      </object_component>
      <object_component id="oc-a8">
         <name>.debug_aranges</name>
         <load_address>0x708</load_address>
         <run_address>0x708</run_address>
         <size>0x20</size>
         <input_file_ref idref="fl-130"/>
      </object_component>
      <object_component id="oc-a3">
         <name>.debug_aranges</name>
         <load_address>0x728</load_address>
         <run_address>0x728</run_address>
         <size>0x20</size>
         <input_file_ref idref="fl-131"/>
      </object_component>
      <object_component id="oc-ad">
         <name>.debug_aranges</name>
         <load_address>0x748</load_address>
         <run_address>0x748</run_address>
         <size>0x20</size>
         <input_file_ref idref="fl-132"/>
      </object_component>
      <object_component id="oc-3b">
         <name>.debug_aranges</name>
         <load_address>0x768</load_address>
         <run_address>0x768</run_address>
         <size>0x20</size>
         <input_file_ref idref="fl-133"/>
      </object_component>
      <object_component id="oc-54">
         <name>.debug_aranges</name>
         <load_address>0x788</load_address>
         <run_address>0x788</run_address>
         <size>0x28</size>
         <input_file_ref idref="fl-134"/>
      </object_component>
      <object_component id="oc-60">
         <name>.debug_aranges</name>
         <load_address>0x7b0</load_address>
         <run_address>0x7b0</run_address>
         <size>0x20</size>
         <input_file_ref idref="fl-135"/>
      </object_component>
      <object_component id="oc-9e">
         <name>.debug_aranges</name>
         <load_address>0x7d0</load_address>
         <run_address>0x7d0</run_address>
         <size>0x20</size>
         <input_file_ref idref="fl-137"/>
      </object_component>
      <object_component id="oc-13b">
         <name>.debug_aranges</name>
         <load_address>0x7f0</load_address>
         <run_address>0x7f0</run_address>
         <size>0x30</size>
         <input_file_ref idref="fl-138"/>
      </object_component>
      <object_component id="oc-6c">
         <name>.debug_aranges</name>
         <load_address>0x820</load_address>
         <run_address>0x820</run_address>
         <size>0x20</size>
         <input_file_ref idref="fl-139"/>
      </object_component>
      <object_component id="oc-66">
         <name>.debug_aranges</name>
         <load_address>0x840</load_address>
         <run_address>0x840</run_address>
         <size>0x20</size>
         <input_file_ref idref="fl-13a"/>
      </object_component>
      <object_component id="oc-f2">
         <name>.debug_aranges</name>
         <load_address>0x860</load_address>
         <run_address>0x860</run_address>
         <size>0x20</size>
         <input_file_ref idref="fl-13b"/>
      </object_component>
      <object_component id="oc-11">
         <name>.debug_pubnames</name>
         <load_address>0x0</load_address>
         <run_address>0x0</run_address>
         <size>0x23</size>
         <input_file_ref idref="fl-2"/>
      </object_component>
      <object_component id="oc-2d">
         <name>.debug_pubnames</name>
         <load_address>0x23</load_address>
         <run_address>0x23</run_address>
         <size>0xa55</size>
         <input_file_ref idref="fl-2"/>
      </object_component>
      <object_component id="oc-b7">
         <name>.debug_pubnames</name>
         <load_address>0xa78</load_address>
         <run_address>0xa78</run_address>
         <size>0x41</size>
         <input_file_ref idref="fl-3"/>
      </object_component>
      <object_component id="oc-7d">
         <name>.debug_pubnames</name>
         <load_address>0xab9</load_address>
         <run_address>0xab9</run_address>
         <size>0xce</size>
         <input_file_ref idref="fl-4"/>
      </object_component>
      <object_component id="oc-84">
         <name>.debug_pubnames</name>
         <load_address>0xb87</load_address>
         <run_address>0xb87</run_address>
         <size>0x5d</size>
         <input_file_ref idref="fl-4"/>
      </object_component>
      <object_component id="oc-91">
         <name>.debug_pubnames</name>
         <load_address>0xbe4</load_address>
         <run_address>0xbe4</run_address>
         <size>0x1b</size>
         <input_file_ref idref="fl-4"/>
      </object_component>
      <object_component id="oc-81">
         <name>.debug_pubnames</name>
         <load_address>0xbff</load_address>
         <run_address>0xbff</run_address>
         <size>0x1b</size>
         <input_file_ref idref="fl-4"/>
      </object_component>
      <object_component id="oc-87">
         <name>.debug_pubnames</name>
         <load_address>0xc1a</load_address>
         <run_address>0xc1a</run_address>
         <size>0x1c</size>
         <input_file_ref idref="fl-4"/>
      </object_component>
      <object_component id="oc-8a">
         <name>.debug_pubnames</name>
         <load_address>0xc36</load_address>
         <run_address>0xc36</run_address>
         <size>0x2e</size>
         <input_file_ref idref="fl-4"/>
      </object_component>
      <object_component id="oc-8d">
         <name>.debug_pubnames</name>
         <load_address>0xc64</load_address>
         <run_address>0xc64</run_address>
         <size>0x1c</size>
         <input_file_ref idref="fl-4"/>
      </object_component>
      <object_component id="oc-9b">
         <name>.debug_pubnames</name>
         <load_address>0xc80</load_address>
         <run_address>0xc80</run_address>
         <size>0x1b</size>
         <input_file_ref idref="fl-4"/>
      </object_component>
      <object_component id="oc-c5">
         <name>.debug_pubnames</name>
         <load_address>0xc9b</load_address>
         <run_address>0xc9b</run_address>
         <size>0x1b</size>
         <input_file_ref idref="fl-4"/>
      </object_component>
      <object_component id="oc-c9">
         <name>.debug_pubnames</name>
         <load_address>0xcb6</load_address>
         <run_address>0xcb6</run_address>
         <size>0x1d</size>
         <input_file_ref idref="fl-4"/>
      </object_component>
      <object_component id="oc-33">
         <name>.debug_pubnames</name>
         <load_address>0xcd3</load_address>
         <run_address>0xcd3</run_address>
         <size>0x421</size>
         <input_file_ref idref="fl-4"/>
      </object_component>
      <object_component id="oc-bd">
         <name>.debug_pubnames</name>
         <load_address>0x10f4</load_address>
         <run_address>0x10f4</run_address>
         <size>0x1f</size>
         <input_file_ref idref="fl-5"/>
      </object_component>
      <object_component id="oc-27">
         <name>.debug_pubnames</name>
         <load_address>0x1113</load_address>
         <run_address>0x1113</run_address>
         <size>0x1f</size>
         <input_file_ref idref="fl-12b"/>
      </object_component>
      <object_component id="oc-15">
         <name>.debug_pubnames</name>
         <load_address>0x1132</load_address>
         <run_address>0x1132</run_address>
         <size>0x2b</size>
         <input_file_ref idref="fl-12c"/>
      </object_component>
      <object_component id="oc-48">
         <name>.debug_pubnames</name>
         <load_address>0x115d</load_address>
         <run_address>0x115d</run_address>
         <size>0x2f</size>
         <input_file_ref idref="fl-12d"/>
      </object_component>
      <object_component id="oc-1b">
         <name>.debug_pubnames</name>
         <load_address>0x118c</load_address>
         <run_address>0x118c</run_address>
         <size>0x2c</size>
         <input_file_ref idref="fl-12d"/>
      </object_component>
      <object_component id="oc-21">
         <name>.debug_pubnames</name>
         <load_address>0x11b8</load_address>
         <run_address>0x11b8</run_address>
         <size>0x25</size>
[...]
      </symbol>
      <symbol id="sm-1a1">
         <name>GPIOPortA_Handler</name>
         <value>0x22d5</value>
         <object_component_ref idref="oc-2a"/>
      </symbol>
      <symbol id="sm-1a2">
         <name>UART4_Handler</name>
         <value>0x234d</value>
         <object_component_ref idref="oc-2a"/>
      </symbol>
      <symbol id="sm-1a3">
         <name>Quadrature2_Handler</name>
         <value>0x2387</value>
         <object_component_ref idref="oc-2a"/>
      </symbol>
      <symbol id="sm-1a4">
         <name>GPIOPortP2_Handler</name>
         <value>0x238f</value>
         <object_component_ref idref="oc-2a"/>
      </symbol>
      <symbol id="sm-1a5">
         <name>GPIOPortS_Handler</name>
         <value>0x23ad</value>
         <object_component_ref idref="oc-2a"/>
      </symbol>
      <symbol id="sm-1a6">
         <name>Comp2_Handler</name>
         <value>0x230b</value>
         <object_component_ref idref="oc-2a"/>
      </symbol>
      <symbol id="sm-1a7">
         <name>DebugMon_Handler</name>
         <value>0x22cf</value>
         <object_component_ref idref="oc-2a"/>
      </symbol>
      <symbol id="sm-1a8">
         <name>PWM0Generator0_Handler</name>
         <value>0x22e9</value>
         <object_component_ref idref="oc-2a"/>
      </symbol>
      <symbol id="sm-1a9">
         <name>PWM1Generator1_Handler</name>
         <value>0x23b1</value>
         <object_component_ref idref="oc-2a"/>
      </symbol>
      <symbol id="sm-1aa">
         <name>SSI0_Handler</name>
         <value>0x22e3</value>
         <object_component_ref idref="oc-2a"/>
      </symbol>
      <symbol id="sm-1ab">
         <name>ADC1Seq1_Handler</name>
         <value>0x2337</value>
         <object_component_ref idref="oc-2a"/>
      </symbol>
      <symbol id="sm-1ac">
         <name>GPIOPortH_Handler</name>
         <value>0x2315</value>
         <object_component_ref idref="oc-2a"/>
      </symbol>
      <symbol id="sm-1ad">
         <name>GPIOPortQ6_Handler</name>
         <value>0x23a7</value>
         <object_component_ref idref="oc-2a"/>
      </symbol>
      <symbol id="sm-1ae">
         <name>GPIOPortC_Handler</name>
         <value>0x22d9</value>
         <object_component_ref idref="oc-2a"/>
      </symbol>
      <symbol id="sm-1af">
         <name>GPIOPortQ1_Handler</name>
         <value>0x239d</value>
         <object_component_ref idref="oc-2a"/>
      </symbol>
      <symbol id="sm-1b0">
         <name>UART6_Handler</name>
         <value>0x2351</value>
         <object_component_ref idref="oc-2a"/>
      </symbol>
      <symbol id="sm-1b1">
         <name>ADC0Seq2_Handler</name>
         <value>0x22f5</value>
         <object_component_ref idref="oc-2a"/>
      </symbol>
      <symbol id="sm-1d1">
         <name>ADC0_InitSWTriggerSeq3_Ch9</name>
         <value>0x21ad</value>
         <object_component_ref idref="oc-b4"/>
      </symbol>
      <symbol id="sm-1d2">
         <name>ADC0_InSeq3</name>
         <value>0x224f</value>
         <object_component_ref idref="oc-b4"/>
      </symbol>
      <symbol id="sm-3a8">
         <name>Message</name>
         <value>0x20001f40</value>
      </symbol>
      <symbol id="sm-3a9">
         <name>Messageindex</name>
         <value>0x20001f50</value>
      </symbol>
      <symbol id="sm-3aa">
         <name>Ymax</name>
         <value>0x20001f6c</value>
      </symbol>
      <symbol id="sm-3ab">
         <name>Ymin</name>
         <value>0x20001f74</value>
      </symbol>
      <symbol id="sm-3ac">
         <name>X</name>
         <value>0x20001f60</value>
      </symbol>
      <symbol id="sm-3ad">
         <name>Yrange</name>
         <value>0x20001f7c</value>
      </symbol>
      <symbol id="sm-3ae">
         <name>Xmin1</name>
         <value>0x20001f68</value>
      </symbol>
      <symbol id="sm-3af">
         <name>Xmax1</name>
         <value>0x20001f64</value>
      </symbol>
      <symbol id="sm-3b0">
         <name>Ymin1</name>
         <value>0x20001f78</value>
      </symbol>
      <symbol id="sm-3b1">
         <name>Ymax1</name>
         <value>0x20001f70</value>
      </symbol>
      <symbol id="sm-3b2">
         <name>T</name>
         <value>0x20001f58</value>
      </symbol>
      <symbol id="sm-3b3">
         <name>N</name>
         <value>0x20001f54</value>
      </symbol>
      <symbol id="sm-3b4">
         <name>T1</name>
         <value>0x20001f5c</value>
      </symbol>
      <symbol id="sm-3b5">
         <name>ADCvalue</name>
         <value>0x20001f4c</value>
      </symbol>
      <symbol id="sm-3b6">
         <name>Output_On</name>
         <value>0x160d</value>
         <object_component_ref idref="oc-30"/>
      </symbol>
      <symbol id="sm-3b7">
         <name>ST7735_InitR</name>
         <value>0x4c5</value>
         <object_component_ref idref="oc-30"/>
      </symbol>
      <symbol id="sm-3b8">
         <name>ST7735_InitB</name>
         <value>0x4a5</value>
         <object_component_ref idref="oc-30"/>
      </symbol>
      <symbol id="sm-3b9">
         <name>Timer0A_Handler</name>
         <value>0x1b2b</value>
         <object_component_ref idref="oc-30"/>
      </symbol>
      <symbol id="sm-3ba">
         <name>Output_Clear</name>
         <value>0x15fb</value>
         <object_component_ref idref="oc-30"/>
      </symbol>
      <symbol id="sm-3bb">
         <name>Delay1ms</name>
         <value>0x2b9</value>
         <object_component_ref idref="oc-30"/>
      </symbol>
      <symbol id="sm-3bc">
         <name>ST7735_sDecOut3</name>
         <value>0x1635</value>
         <object_component_ref idref="oc-30"/>
      </symbol>
      <symbol id="sm-3bd">
         <name>Test2</name>
         <value>0x195d</value>
         <object_component_ref idref="oc-30"/>
      </symbol>
      <symbol id="sm-3be">
         <name>ST7735_PlotBar</name>
         <value>0x13dd</value>
         <object_component_ref idref="oc-30"/>
      </symbol>
      <symbol id="sm-3bf">
         <name>Test1</name>
         <value>0x190d</value>
         <object_component_ref idref="oc-30"/>
      </symbol>
      <symbol id="sm-3c0">
         <name>ST7735_Color565</name>
         <value>0x91d</value>
         <object_component_ref idref="oc-30"/>
      </symbol>
      <symbol id="sm-3c1">
         <name>ST7735_DrawFastVLine</name>
         <value>0x62f</value>
         <object_component_ref idref="oc-30"/>
      </symbol>
      <symbol id="sm-3c2">
         <name>ST7735_DrawChar</name>
         <value>0xcf1</value>
         <object_component_ref idref="oc-30"/>
      </symbol>
      <symbol id="sm-3c3">
         <name>findJitter</name>
         <value>0x1991</value>
         <object_component_ref idref="oc-30"/>
      </symbol>
      <symbol id="sm-3c4">
         <name>ST7735_PlotPoints</name>
         <value>0x1307</value>
         <object_component_ref idref="oc-30"/>
      </symbol>
      <symbol id="sm-3c5">
         <name>Output_Init</name>
         <value>0x15eb</value>
         <object_component_ref idref="oc-30"/>
      </symbol>
      <symbol id="sm-3c6">
         <name>ST7735_PlotNext</name>
         <value>0x147d</value>
         <object_component_ref idref="oc-30"/>
      </symbol>
      <symbol id="sm-3c7">
         <name>Output_Off</name>
         <value>0x1605</value>
         <object_component_ref idref="oc-30"/>
      </symbol>
      <symbol id="sm-3c8">
         <name>ST7735_OutChar</name>
         <value>0x14d1</value>
         <object_component_ref idref="oc-30"/>
      </symbol>
      <symbol id="sm-3c9">
         <name>ST7735_SetTextColor</name>
         <value>0x15ab</value>
         <object_component_ref idref="oc-30"/>
      </symbol>
      <symbol id="sm-3ca">
         <name>ST7735_DrawCharS</name>
         <value>0xb7b</value>
         <object_component_ref idref="oc-30"/>
      </symbol>
      <symbol id="sm-3cb">
         <name>ST7735_Line</name>
         <value>0x1ded</value>
         <object_component_ref idref="oc-30"/>
      </symbol>
      <symbol id="sm-3cc">
         <name>ST7735_XYplotInit</name>
         <value>0x1811</value>
         <object_component_ref idref="oc-30"/>
      </symbol>
      <symbol id="sm-3cd">
         <name>Output_Color</name>
         <value>0x1615</value>
         <object_component_ref idref="oc-30"/>
      </symbol>
      <symbol id="sm-3ce">
         <name>ST7735_FillScreen</name>
         <value>0x7d1</value>
         <object_component_ref idref="oc-30"/>
      </symbol>
      <symbol id="sm-3cf">
         <name>ferror</name>
         <value>0x15dd</value>
         <object_component_ref idref="oc-30"/>
      </symbol>
      <symbol id="sm-3d0">
         <name>ST7735_PlotdBfs</name>
         <value>0x1433</value>
         <object_component_ref idref="oc-30"/>
      </symbol>
      <symbol id="sm-3d1">
         <name>ST7735_SetCursor</name>
         <value>0xf27</value>
         <object_component_ref idref="oc-30"/>
      </symbol>
      <symbol id="sm-3d2">
         <name>StTextColor</name>
         <value>0x2000218c</value>
         <object_component_ref idref="oc-82"/>
      </symbol>
      <symbol id="sm-3d3">
         <name>ST7735_OutUDec</name>
         <value>0xf4d</value>
         <object_component_ref idref="oc-30"/>
      </symbol>
      <symbol id="sm-3d4">
         <name>values</name>
         <value>0x20000fa0</value>
         <object_component_ref idref="oc-c7"/>
      </symbol>
      <symbol id="sm-3d5">
         <name>fillmessage</name>
         <value>0xee5</value>
         <object_component_ref idref="oc-30"/>
      </symbol>
      <symbol id="sm-3d6">
         <name>main</name>
         <value>0x1b89</value>
         <object_component_ref idref="oc-30"/>
      </symbol>
      <symbol id="sm-3d7">
         <name>ST7735_DrawPixel</name>
         <value>0x5d5</value>
         <object_component_ref idref="oc-30"/>
      </symbol>
      <symbol id="sm-3d8">
         <name>ST7735_uBinOut8</name>
         <value>0x16f5</value>
         <object_component_ref idref="oc-30"/>
      </symbol>
      <symbol id="sm-3d9">
         <name>Timer1_Init</name>
         <value>0x1aed</value>
         <object_component_ref idref="oc-30"/>
      </symbol>
      <symbol id="sm-3da">
         <name>StY</name>
         <value>0x20002188</value>
         <object_component_ref idref="oc-82"/>
      </symbol>
      <symbol id="sm-3db">
         <name>StX</name>
         <value>0x20002184</value>
         <object_component_ref idref="oc-82"/>
      </symbol>
      <symbol id="sm-3dc">
         <name>lastj</name>
         <value>0x20002194</value>
         <object_component_ref idref="oc-82"/>
      </symbol>
      <symbol id="sm-3dd">
         <name>ST7735_PlotClear</name>
         <value>0x10ab</value>
         <object_component_ref idref="oc-30"/>
      </symbol>
      <symbol id="sm-3de">
         <name>ST7735_PlotNextErase</name>
         <value>0x1497</value>
         <object_component_ref idref="oc-30"/>
      </symbol>
      <symbol id="sm-3df">
         <name>ST7735_XYplot</name>
         <value>0x1849</value>
         <object_component_ref idref="oc-30"/>
      </symbol>
      <symbol id="sm-3e0">
         <name>ST7735_DrawBitmap</name>
         <value>0x97f</value>
         <object_component_ref idref="oc-30"/>
      </symbol>
      <symbol id="sm-3e1">
         <name>dBfs</name>
         <value>0x2dff</value>
         <object_component_ref idref="oc-99"/>
      </symbol>
      <symbol id="sm-3e2">
         <name>ST7735_SetRotation</name>
         <value>0xfc9</value>
         <object_component_ref idref="oc-30"/>
      </symbol>
      <symbol id="sm-3e3">
         <name>ST7735_SwapColor</name>
         <value>0x959</value>
         <object_component_ref idref="oc-30"/>
      </symbol>
      <symbol id="sm-3e4">
         <name>ST7735_PlotLine</name>
         <value>0x11cd</value>
         <object_component_ref idref="oc-30"/>
      </symbol>
      <symbol id="sm-3e5">
         <name>ST7735_DrawString</name>
         <value>0xe61</value>
         <object_component_ref idref="oc-30"/>
      </symbol>
      <symbol id="sm-3e6">
         <name>ST7735_FillRect</name>
         <value>0x811</value>
         <object_component_ref idref="oc-30"/>
      </symbol>
      <symbol id="sm-3e7">
         <name>ST7735_PlotPoint</name>
         <value>0x1107</value>
         <object_component_ref idref="oc-30"/>
      </symbol>
      <symbol id="sm-3e8">
         <name>fputc</name>
         <value>0x15bf</value>
         <object_component_ref idref="oc-30"/>
      </symbol>
      <symbol id="sm-3e9">
         <name>fgetc</name>
         <value>0x15d1</value>
         <object_component_ref idref="oc-30"/>
      </symbol>
      <symbol id="sm-3ea">
         <name>count</name>
         <value>0x20002198</value>
         <object_component_ref idref="oc-82"/>
      </symbol>
      <symbol id="sm-3eb">
         <name>PlotPMF</name>
         <value>0x1c41</value>
         <object_component_ref idref="oc-30"/>
      </symbol>
      <symbol id="sm-3ec">
         <name>ST7735_InvertDisplay</name>
         <value>0x1093</value>
         <object_component_ref idref="oc-30"/>
      </symbol>
      <symbol id="sm-3ed">
         <name>ST7735_DrawFastHLine</name>
         <value>0x721</value>
         <object_component_ref idref="oc-30"/>
      </symbol>
      <symbol id="sm-3ee">
         <name>ST7735_OutString</name>
         <value>0x158d</value>
         <object_component_ref idref="oc-30"/>
      </symbol>
      <symbol id="sm-3ef">
         <name>Timer0A_Init100HzInt</name>
         <value>0x1a75</value>
         <object_component_ref idref="oc-30"/>
      </symbol>
      <symbol id="sm-3f0">
         <name>time</name>
         <value>0x20000000</value>
         <object_component_ref idref="oc-c3"/>
      </symbol>
      <symbol id="sm-3ff">
         <name>PLL_Init</name>
         <value>0x256d</value>
         <object_component_ref idref="oc-ba"/>
      </symbol>
      <symbol id="sm-411">
         <name>_c_int00</name>
         <value>0x27b5</value>
         <object_component_ref idref="oc-24"/>
      </symbol>
      <symbol id="sm-412">
         <name>__stack</name>
         <value>0x20001f84</value>
         <object_component_ref idref="oc-29"/>
      </symbol>
      <symbol id="sm-429">
         <name>__TI_decompress_none</name>
         <value>0x28e1</value>
         <object_component_ref idref="oc-12"/>
      </symbol>
      <symbol id="sm-451">
         <name>__TI_decompress_rle24</name>
         <value>0x28fb</value>
         <object_component_ref idref="oc-18"/>
      </symbol>
      <symbol id="sm-463">
         <name>__TI_zero_init</name>
         <value>0x28ef</value>
         <object_component_ref idref="oc-1e"/>
      </symbol>
      <symbol id="sm-482">
         <name>C$$EXIT</name>
         <value>0x2851</value>
         <object_component_ref idref="oc-70"/>
      </symbol>
      <symbol id="sm-483">
         <name>abort</name>
         <value>0x2855</value>
         <object_component_ref idref="oc-70"/>
      </symbol>
      <symbol id="sm-484">
         <name>exit</name>
         <value>0x285d</value>
         <object_component_ref idref="oc-70"/>
      </symbol>
      <symbol id="sm-485">
         <name>__TI_dtors_ptr</name>
         <value>0x200021a8</value>
         <object_component_ref idref="oc-fd"/>
      </symbol>
      <symbol id="sm-486">
         <name>__TI_cleanup_ptr</name>
         <value>0x200021a4</value>
         <object_component_ref idref="oc-fd"/>
      </symbol>
      <symbol id="sm-4aa">
         <name>__aeabi_dsub</name>
         <value>0x1ff7</value>
         <object_component_ref idref="oc-a6"/>
      </symbol>
      <symbol id="sm-4ab">
         <name>__aeabi_dadd</name>
         <value>0x2001</value>
         <object_component_ref idref="oc-a6"/>
      </symbol>
      <symbol id="sm-4c2">
         <name>__aeabi_dmul</name>
         <value>0x23d3</value>
         <object_component_ref idref="oc-a1"/>
      </symbol>
      <symbol id="sm-4d2">
         <name>__aeabi_d2f</name>
         <value>0x266f</value>
         <object_component_ref idref="oc-ab"/>
      </symbol>
      <symbol id="sm-4ed">
         <name>memcpy</name>
         <value>0x24cf</value>
         <object_component_ref idref="oc-39"/>
      </symbol>
      <symbol id="sm-4ee">
         <name>__aeabi_memcpy</name>
         <value>0x24cf</value>
         <object_component_ref idref="oc-39"/>
      </symbol>
      <symbol id="sm-4ef">
         <name>__aeabi_memcpy8</name>
         <value>0x24cf</value>
         <object_component_ref idref="oc-39"/>
      </symbol>
      <symbol id="sm-4f0">
         <name>__aeabi_memcpy4</name>
         <value>0x24cf</value>
         <object_component_ref idref="oc-39"/>
      </symbol>
      <symbol id="sm-4ff">
         <name>__aeabi_memset</name>
         <value>0x25f7</value>
         <object_component_ref idref="oc-52"/>
      </symbol>
      <symbol id="sm-500">
         <name>memset</name>
         <value>0x25fd</value>
         <object_component_ref idref="oc-52"/>
      </symbol>
      <symbol id="sm-501">
         <name>__aeabi_memset8</name>
         <value>0x25f7</value>
         <object_component_ref idref="oc-52"/>
      </symbol>
      <symbol id="sm-502">
         <name>__aeabi_memset4</name>
         <value>0x25f7</value>
         <object_component_ref idref="oc-52"/>
      </symbol>
      <symbol id="sm-503">
         <name>__aeabi_memclr8</name>
         <value>0x25f5</value>
         <object_component_ref idref="oc-52"/>
      </symbol>
      <symbol id="sm-504">
         <name>__aeabi_memclr4</name>
         <value>0x25f5</value>
         <object_component_ref idref="oc-52"/>
      </symbol>
      <symbol id="sm-505">
         <name>__aeabi_memclr</name>
         <value>0x25f5</value>
         <object_component_ref idref="oc-52"/>
      </symbol>
      <symbol id="sm-50f">
         <name>_system_pre_init</name>
         <value>0x2901</value>
         <object_component_ref idref="oc-5e"/>
      </symbol>
      <symbol id="sm-517">
         <name>main_func_sp</name>
         <value>0x200021ac</value>
         <object_component_ref idref="oc-76"/>
      </symbol>
      <symbol id="sm-523">
         <name>__aeabi_ui2d</name>
         <value>0x2895</value>
         <object_component_ref idref="oc-9c"/>
      </symbol>
      <symbol id="sm-53c">
         <name>_nop</name>
         <value>0x28db</value>
         <object_component_ref idref="oc-139"/>
      </symbol>
      <symbol id="sm-53d">
         <name>_lock</name>
         <value>0x2000219c</value>
         <object_component_ref idref="oc-fa"/>
      </symbol>
      <symbol id="sm-53e">
         <name>_unlock</name>
         <value>0x200021a0</value>
         <object_component_ref idref="oc-fa"/>
      </symbol>
      <symbol id="sm-53f">
         <name>_register_lock</name>
         <value>0x28d3</value>
         <object_component_ref idref="oc-139"/>
      </symbol>
      <symbol id="sm-540">
         <name>_register_unlock</name>
         <value>0x28cd</value>
         <object_component_ref idref="oc-139"/>
      </symbol>
      <symbol id="sm-555">
         <name>_args_main</name>
         <value>0x28b5</value>
         <object_component_ref idref="oc-6a"/>
      </symbol>
      <symbol id="sm-57b">
         <name>__TI_auto_init</name>
         <value>0x26dd</value>
         <object_component_ref idref="oc-64"/>
      </symbol>
      <symbol id="sm-595">
         <name>copy_in</name>
         <value>0x2805</value>
         <object_component_ref idref="oc-f0"/>
      </symbol>
      <symbol id="sm-596">
         <name>__TI_static_base__</name>
         <value>0x0</value>
      </symbol>
      <symbol id="sm-599">
         <name>SHT$$INIT_ARRAY$$Limit</name>
         <value>0x0</value>
      </symbol>
      <symbol id="sm-59a">
         <name>SHT$$INIT_ARRAY$$Base</name>
         <value>0x0</value>
      </symbol>
   </symbol_table>
   <title>Link successful</title>
</link_info>
