******************************************************************************
                  TI ARM Linker Unix v5.2.6                    
******************************************************************************
>> Linked Tue Feb 16 17:51:41 2016

OUTPUT FILE NAME:   <Lab2.out>
ENTRY POINT SYMBOL: "_c_int00"  address: 000027b5


MEMORY CONFIGURATION

         name            origin    length      used     unused   attr    fill
----------------------  --------  ---------  --------  --------  ----  --------
  FLASH                 00000000   00040000  0000312e  0003ced2  R  X
  SRAM                  20000000   00008000  000021b0  00005e50  RW X


SEGMENT ALLOCATION MAP

run origin  load origin   length   init length attrs members
----------  ----------- ---------- ----------- ----- -------
00000000    00000000    00003130   00003130    r-x
  00000000    00000000    0000026c   0000026c    r-- .intvecs
  0000026c    0000026c    00002698   00002698    r-x .text
  00002904    00002904    000007e2   000007e2    r-- .const
  000030e8    000030e8    00000048   00000048    r-- .cinit
20000000    20000000    000021b0   00000000    rw-
  20000000    20000000    00001f84   00000000    rw- .bss
  20001f84    20001f84    00000200   00000000    rw- .stack
  20002184    20002184    0000002c   00000000    rw- .data


SECTION ALLOCATION MAP

 output                                  attributes/
section   page    origin      length       input sections
--------  ----  ----------  ----------   ----------------
.intvecs   0    00000000    0000026c     
                  00000000    0000026c     tm4c123gh6pm_startup_ccs.obj (.intvecs)

.text      0    0000026c    00002698     
                  0000026c    00001d8a     ADCTestMain.obj (.text)
                  00001ff6    000001b6     rtsv7M4_T_le_v4SPD16_eabi.lib : fd_add_t2.obj (.text)
                  000021ac    00000114     ADCSWTrigger.obj (.text)
                  000022c0    00000112     tm4c123gh6pm_startup_ccs.obj (.text)
                  000023d2    000000fc     rtsv7M4_T_le_v4SPD16_eabi.lib : fd_mul_t2.obj (.text)
                  000024ce    0000009c                                   : memcpy_t2.obj (.text)
                  0000256a    00000002     --HOLE-- [fill = 0]
                  0000256c    00000088     PLL.obj (.text)
                  000025f4    0000007a     rtsv7M4_T_le_v4SPD16_eabi.lib : memset_t2.obj (.text)
                  0000266e    0000006e                                   : fd_tos_t2.obj (.text)
                  000026dc    0000006c                                   : autoinit.obj (.text)
                  00002748    0000006a                                   : copy_decompress_rle.obj (.text)
                  000027b2    00000002     --HOLE-- [fill = 0]
                  000027b4    00000050                                   : boot.obj (.text)
                  00002804    0000004c                                   : cpy_tbl.obj (.text)
                  00002850    00000044                                   : exit.obj (.text)
                  00002894    00000020                                   : u_tofd_t2.obj (.text)
                  000028b4    00000018                                   : args_main.obj (.text)
                  000028cc    00000014                                   : _lock.obj (.text)
                  000028e0    0000000e                                   : copy_decompress_none.obj (.text:decompress:none)
                  000028ee    0000000c                                   : copy_zero_init.obj (.text:decompress:ZI)
                  000028fa    00000006                                   : copy_decompress_rle.obj (.text:decompress:rle24)
                  00002900    00000004                                   : pre_init.obj (.text)

.const     0    00002904    000007e2     
                  00002904    000004fb     ADCTestMain.obj (.const:.string:Font)
                  00002dff    00000200     ADCTestMain.obj (.const:.string:dBfs)
                  00002fff    00000067     ADCTestMain.obj (.const:.string:Bcmd)
                  00003066    0000003b     ADCTestMain.obj (.const:.string:Rcmd1)
                  000030a1    0000002b     ADCTestMain.obj (.const:.string:Rcmd3)
                  000030cc    0000001a     ADCTestMain.obj (.const:.string)

.cinit     0    000030e8    00000048     
                  000030e8    0000001d     (.cinit..data.load) [load image, compression = rle]
                  00003105    00000003     --HOLE-- [fill = 0]
                  00003108    0000000c     (__TI_handler_table)
                  00003114    00000004     --HOLE-- [fill = 0]
                  00003118    00000008     (.cinit..bss.load) [load image, compression = zero_init]
                  00003120    00000010     (__TI_cinit_table)

.init_array 
*          0    00000000    00000000     UNINITIALIZED

.bss       0    20000000    00001f84     UNINITIALIZED
                  20000000    00000fa0     ADCTestMain.obj (.bss:time)
                  20000fa0    00000fa0     ADCTestMain.obj (.bss:values)
                  20001f40    0000000c     (.common:Message)
                  20001f4c    00000004     (.common:ADCvalue)
                  20001f50    00000004     (.common:Messageindex)
                  20001f54    00000004     (.common:N)
                  20001f58    00000004     (.common:T)
                  20001f5c    00000004     (.common:T1)
                  20001f60    00000004     (.common:X)
                  20001f64    00000004     (.common:Xmax1)
                  20001f68    00000004     (.common:Xmin1)
                  20001f6c    00000004     (.common:Ymax)
                  20001f70    00000004     (.common:Ymax1)
                  20001f74    00000004     (.common:Ymin)
                  20001f78    00000004     (.common:Ymin1)
                  20001f7c    00000004     (.common:Yrange)
                  20001f80    00000001     (.common:ColStart)
                  20001f81    00000001     (.common:Rotation)
                  20001f82    00000001     (.common:RowStart)
                  20001f83    00000001     (.common:TabColor)

.data      0    20002184    0000002c     UNINITIALIZED
                  20002184    00000018     ADCTestMain.obj (.data)
                  2000219c    00000008     rtsv7M4_T_le_v4SPD16_eabi.lib : _lock.obj (.data)
                  200021a4    00000008                                   : exit.obj (.data)
                  200021ac    00000004                                   : stkdepth_vars.obj (.data)

.TI.noinit 
*          0    20000000    00000000     UNINITIALIZED

.stack     0    20001f84    00000200     UNINITIALIZED
                  20001f84    00000200     --HOLE--

.TI.persistent 
*          0    20002184    00000000     UNINITIALIZED


LINKER GENERATED COPY TABLES

__TI_cinit_table @ 00003120 records: 2, size/record: 8, table size: 16
	.data: load addr=000030e8, load size=0000001d bytes, run addr=20002184, run size=0000002c bytes, compression=rle
	.bss: load addr=00003118, load size=00000008 bytes, run addr=20000000, run size=00001f84 bytes, compression=zero_init


LINKER GENERATED HANDLER TABLE

__TI_handler_table @ 00003108 records: 3, size/record: 4, table size: 12
	index: 0, handler: __TI_decompress_rle24
	index: 1, handler: __TI_decompress_none
	index: 2, handler: __TI_zero_init


GLOBAL SYMBOLS: SORTED ALPHABETICALLY BY Name 

address   name                      
-------   ----                      
000022f1  ADC0Seq0_Handler          
000022f3  ADC0Seq1_Handler          
000022f5  ADC0Seq2_Handler          
000022f7  ADC0Seq3_Handler          
0000224f  ADC0_InSeq3               
000021ad  ADC0_InitSWTriggerSeq3_Ch9
00002335  ADC1Seq0_Handler          
00002337  ADC1Seq1_Handler          
00002339  ADC1Seq2_Handler          
0000233b  ADC1Seq3_Handler          
20001f4c  ADCvalue                  
00002851  C$$EXIT                   
00002323  CAN0_Handler              
00002325  CAN1_Handler              
00002327  CAN2_Handler              
00002307  Comp0_Handler             
00002309  Comp1_Handler             
0000230b  Comp2_Handler             
000022cf  DebugMon_Handler          
000002b9  Delay1ms                  
000023b9  DisableInterrupts         
000023bd  EnableInterrupts          
000023c9  EndCritical               
00002329  Ethernet_Handler          
0000233f  ExtBus_Handler            
00002379  FPU_Handler               
00002389  Fan0_Handler              
0000230f  FlashCtl_Handler          
000022d5  GPIOPortA_Handler         
000022d7  GPIOPortB_Handler         
000022d9  GPIOPortC_Handler         
000022db  GPIOPortD_Handler         
000022dd  GPIOPortE_Handler         
00002311  GPIOPortF_Handler         
00002313  GPIOPortG_Handler         
00002315  GPIOPortH_Handler         
00002341  GPIOPortJ_Handler         
00002343  GPIOPortK_Handler         
00002345  GPIOPortL_Handler         
00002383  GPIOPortM_Handler         
00002385  GPIOPortN_Handler         
0000238d  GPIOPortP1_Handler        
0000238f  GPIOPortP2_Handler        
00002391  GPIOPortP3_Handler        
00002393  GPIOPortP4_Handler        
00002395  GPIOPortP5_Handler        
00002397  GPIOPortP6_Handler        
00002399  GPIOPortP7_Handler        
0000238b  GPIOPortP_Handler         
0000239d  GPIOPortQ1_Handler        
0000239f  GPIOPortQ2_Handler        
000023a1  GPIOPortQ3_Handler        
000023a3  GPIOPortQ4_Handler        
000023a5  GPIOPortQ5_Handler        
000023a7  GPIOPortQ6_Handler        
000023a9  GPIOPortQ7_Handler        
0000239b  GPIOPortQ_Handler         
000023ab  GPIOPortR_Handler         
000023ad  GPIOPortS_Handler         
0000232b  Hibernate_Handler         
000022e5  I2C0_Handler              
0000231f  I2C1_Handler              
00002355  I2C2_Handler              
00002357  I2C3_Handler              
0000237f  I2C4_Handler              
00002381  I2C5_Handler              
0000233d  I2S0_Handler              
0000237d  LPC0_Handler              
20001f40  Message                   
20001f50  Messageindex              
20001f54  N                         
000015fb  Output_Clear              
00001615  Output_Color              
000015eb  Output_Init               
00001605  Output_Off                
0000160d  Output_On                 
0000237b  PECI0_Handler             
0000256d  PLL_Init                  
000022e7  PWM0Fault_Handler         
000022e9  PWM0Generator0_Handler    
000022eb  PWM0Generator1_Handler    
000022ed  PWM0Generator2_Handler    
0000232f  PWM0Generator3_Handler    
000023b7  PWM1Fault_Handler         
000023af  PWM1Generator0_Handler    
000023b1  PWM1Generator1_Handler    
000023b3  PWM1Generator2_Handler    
000023b5  PWM1Generator3_Handler    
000022d1  PendSV_Handler            
00001c41  PlotPMF                   
000022ef  Quadrature0_Handler       
00002321  Quadrature1_Handler       
00002387  Quadrature2_Handler       
000022c1  ResetISR                  
UNDEFED   SHT$$INIT_ARRAY$$Base     
UNDEFED   SHT$$INIT_ARRAY$$Limit    
000022e3  SSI0_Handler              
00002319  SSI1_Handler              
00002347  SSI2_Handler              
00002349  SSI3_Handler              
0000091d  ST7735_Color565           
0000097f  ST7735_DrawBitmap         
00000cf1  ST7735_DrawChar           
00000b7b  ST7735_DrawCharS          
00000721  ST7735_DrawFastHLine      
0000062f  ST7735_DrawFastVLine      
000005d5  ST7735_DrawPixel          
00000e61  ST7735_DrawString         
00000811  ST7735_FillRect           
000007d1  ST7735_FillScreen         
000004a5  ST7735_InitB              
000004c5  ST7735_InitR              
00001093  ST7735_InvertDisplay      
00001ded  ST7735_Line               
000014d1  ST7735_OutChar            
0000158d  ST7735_OutString          
00000f4d  ST7735_OutUDec            
000013dd  ST7735_PlotBar            
000010ab  ST7735_PlotClear          
000011cd  ST7735_PlotLine           
0000147d  ST7735_PlotNext           
00001497  ST7735_PlotNextErase      
00001107  ST7735_PlotPoint          
00001307  ST7735_PlotPoints         
00001433  ST7735_PlotdBfs           
00000f27  ST7735_SetCursor          
00000fc9  ST7735_SetRotation        
000015ab  ST7735_SetTextColor       
00000959  ST7735_SwapColor          
00001849  ST7735_XYplot             
00001811  ST7735_XYplotInit         
00001635  ST7735_sDecOut3           
000016f5  ST7735_uBinOut8           
000022cd  SVC_Handler               
2000218c  StTextColor               
20002184  StX                       
20002188  StY                       
000023c1  StartCritical             
0000230d  SysCtl_Handler            
000022d3  SysTick_Handler           
20001f58  T                         
20001f5c  T1                        
0000190d  Test1                     
0000195d  Test2                     
00001b2b  Timer0A_Handler           
00001a75  Timer0A_Init100HzInt      
000022fd  Timer0B_Handler           
000022ff  Timer1A_Handler           
00002301  Timer1B_Handler           
00001aed  Timer1_Init               
00002303  Timer2A_Handler           
00002305  Timer2B_Handler           
0000231b  Timer3A_Handler           
0000231d  Timer3B_Handler           
00002359  Timer4A_Handler           
0000235b  Timer4B_Handler           
0000235d  Timer5A_Handler           
0000235f  Timer5B_Handler           
000022df  UART0_Handler             
000022e1  UART1_Handler             
00002317  UART2_Handler             
0000234b  UART3_Handler             
0000234d  UART4_Handler             
0000234f  UART5_Handler             
00002351  UART6_Handler             
00002353  UART7_Handler             
0000232d  USB0_Handler              
000022f9  WDT_Handler               
000023cf  WaitForInterrupt          
00002361  WideTimer0A_Handler       
00002363  WideTimer0B_Handler       
00002365  WideTimer1A_Handler       
00002367  WideTimer1B_Handler       
00002369  WideTimer2A_Handler       
0000236b  WideTimer2B_Handler       
0000236d  WideTimer3A_Handler       
0000236f  WideTimer3B_Handler       
00002371  WideTimer4A_Handler       
00002373  WideTimer4B_Handler       
00002375  WideTimer5A_Handler       
00002377  WideTimer5B_Handler       
20001f60  X                         
20001f64  Xmax1                     
20001f68  Xmin1                     
20001f6c  Ymax                      
20001f70  Ymax1                     
20001f74  Ymin                      
20001f78  Ymin1                     
20001f7c  Yrange                    
20002184  __STACK_END               
00000200  __STACK_SIZE              
20002184  __STACK_TOP               
00003120  __TI_CINIT_Base           
00003130  __TI_CINIT_Limit          
00003108  __TI_Handler_Table_Base   
00003114  __TI_Handler_Table_Limit  
000026dd  __TI_auto_init            
200021a4  __TI_cleanup_ptr          
000028e1  __TI_decompress_none      
000028fb  __TI_decompress_rle24     
200021a8  __TI_dtors_ptr            
00000000  __TI_static_base__        
000028ef  __TI_zero_init            
0000266f  __aeabi_d2f               
00002001  __aeabi_dadd              
000023d3  __aeabi_dmul              
00001ff7  __aeabi_dsub              
000025f5  __aeabi_memclr            
000025f5  __aeabi_memclr4           
000025f5  __aeabi_memclr8           
000024cf  __aeabi_memcpy            
000024cf  __aeabi_memcpy4           
000024cf  __aeabi_memcpy8           
000025f7  __aeabi_memset            
000025f7  __aeabi_memset4           
000025f7  __aeabi_memset8           
00002895  __aeabi_ui2d              
ffffffff  __binit__                 
ffffffff  __c_args__                
20001f84  __stack                   
000028b5  _args_main                
000027b5  _c_int00                  
2000219c  _lock                     
000028db  _nop                      
000028d3  _register_lock            
000028cd  _register_unlock          
00002901  _system_pre_init          
200021a0  _unlock                   
00002855  abort                     
ffffffff  binit                     
00002805  copy_in                   
20002198  count                     
00002dff  dBfs                      
0000285d  exit                      
000015dd  ferror                    
000015d1  fgetc                     
00000ee5  fillmessage               
00001991  findJitter                
000015bf  fputc                     
00000000  g_pfnVectors              
20002194  lastj                     
00001b89  main                      
200021ac  main_func_sp              
000024cf  memcpy                    
000025fd  memset                    
20000000  time                      
00002333  uDMA_Error                
00002331  uDMA_Handler              
20000fa0  values                    


GLOBAL SYMBOLS: SORTED BY Symbol Address 

address   name                      
-------   ----                      
00000000  __TI_static_base__        
00000000  g_pfnVectors              
00000200  __STACK_SIZE              
000002b9  Delay1ms                  
000004a5  ST7735_InitB              
000004c5  ST7735_InitR              
000005d5  ST7735_DrawPixel          
0000062f  ST7735_DrawFastVLine      
00000721  ST7735_DrawFastHLine      
000007d1  ST7735_FillScreen         
00000811  ST7735_FillRect           
0000091d  ST7735_Color565           
00000959  ST7735_SwapColor          
0000097f  ST7735_DrawBitmap         
00000b7b  ST7735_DrawCharS          
00000cf1  ST7735_DrawChar           
00000e61  ST7735_DrawString         
00000ee5  fillmessage               
00000f27  ST7735_SetCursor          
00000f4d  ST7735_OutUDec            
00000fc9  ST7735_SetRotation        
00001093  ST7735_InvertDisplay      
000010ab  ST7735_PlotClear          
00001107  ST7735_PlotPoint          
000011cd  ST7735_PlotLine           
00001307  ST7735_PlotPoints         
000013dd  ST7735_PlotBar            
00001433  ST7735_PlotdBfs           
0000147d  ST7735_PlotNext           
00001497  ST7735_PlotNextErase      
000014d1  ST7735_OutChar            
0000158d  ST7735_OutString          
000015ab  ST7735_SetTextColor       
000015bf  fputc                     
000015d1  fgetc                     
000015dd  ferror                    
000015eb  Output_Init               
000015fb  Output_Clear              
00001605  Output_Off                
0000160d  Output_On                 
00001615  Output_Color              
00001635  ST7735_sDecOut3           
000016f5  ST7735_uBinOut8           
00001811  ST7735_XYplotInit         
00001849  ST7735_XYplot             
0000190d  Test1                     
0000195d  Test2                     
00001991  findJitter                
00001a75  Timer0A_Init100HzInt      
00001aed  Timer1_Init               
00001b2b  Timer0A_Handler           
00001b89  main                      
00001c41  PlotPMF                   
00001ded  ST7735_Line               
00001ff7  __aeabi_dsub              
00002001  __aeabi_dadd              
000021ad  ADC0_InitSWTriggerSeq3_Ch9
0000224f  ADC0_InSeq3               
000022c1  ResetISR                  
000022cd  SVC_Handler               
000022cf  DebugMon_Handler          
000022d1  PendSV_Handler            
000022d3  SysTick_Handler           
000022d5  GPIOPortA_Handler         
000022d7  GPIOPortB_Handler         
000022d9  GPIOPortC_Handler         
000022db  GPIOPortD_Handler         
000022dd  GPIOPortE_Handler         
000022df  UART0_Handler             
000022e1  UART1_Handler             
000022e3  SSI0_Handler              
000022e5  I2C0_Handler              
000022e7  PWM0Fault_Handler         
000022e9  PWM0Generator0_Handler    
000022eb  PWM0Generator1_Handler    
000022ed  PWM0Generator2_Handler    
000022ef  Quadrature0_Handler       
000022f1  ADC0Seq0_Handler          
000022f3  ADC0Seq1_Handler          
000022f5  ADC0Seq2_Handler          
000022f7  ADC0Seq3_Handler          
000022f9  WDT_Handler               
000022fd  Timer0B_Handler           
000022ff  Timer1A_Handler           
00002301  Timer1B_Handler           
00002303  Timer2A_Handler           
00002305  Timer2B_Handler           
00002307  Comp0_Handler             
00002309  Comp1_Handler             
0000230b  Comp2_Handler             
0000230d  SysCtl_Handler            
0000230f  FlashCtl_Handler          
00002311  GPIOPortF_Handler         
00002313  GPIOPortG_Handler         
00002315  GPIOPortH_Handler         
00002317  UART2_Handler             
00002319  SSI1_Handler              
0000231b  Timer3A_Handler           
0000231d  Timer3B_Handler           
0000231f  I2C1_Handler              
00002321  Quadrature1_Handler       
00002323  CAN0_Handler              
00002325  CAN1_Handler              
00002327  CAN2_Handler              
00002329  Ethernet_Handler          
0000232b  Hibernate_Handler         
0000232d  USB0_Handler              
0000232f  PWM0Generator3_Handler    
00002331  uDMA_Handler              
00002333  uDMA_Error                
00002335  ADC1Seq0_Handler          
00002337  ADC1Seq1_Handler          
00002339  ADC1Seq2_Handler          
0000233b  ADC1Seq3_Handler          
0000233d  I2S0_Handler              
0000233f  ExtBus_Handler            
00002341  GPIOPortJ_Handler         
00002343  GPIOPortK_Handler         
00002345  GPIOPortL_Handler         
00002347  SSI2_Handler              
00002349  SSI3_Handler              
0000234b  UART3_Handler             
0000234d  UART4_Handler             
0000234f  UART5_Handler             
00002351  UART6_Handler             
00002353  UART7_Handler             
00002355  I2C2_Handler              
00002357  I2C3_Handler              
00002359  Timer4A_Handler           
0000235b  Timer4B_Handler           
0000235d  Timer5A_Handler           
0000235f  Timer5B_Handler           
00002361  WideTimer0A_Handler       
00002363  WideTimer0B_Handler       
00002365  WideTimer1A_Handler       
00002367  WideTimer1B_Handler       
00002369  WideTimer2A_Handler       
0000236b  WideTimer2B_Handler       
0000236d  WideTimer3A_Handler       
0000236f  WideTimer3B_Handler       
00002371  WideTimer4A_Handler       
00002373  WideTimer4B_Handler       
00002375  WideTimer5A_Handler       
00002377  WideTimer5B_Handler       
00002379  FPU_Handler               
0000237b  PECI0_Handler             
0000237d  LPC0_Handler              
0000237f  I2C4_Handler              
00002381  I2C5_Handler              
00002383  GPIOPortM_Handler         
00002385  GPIOPortN_Handler         
00002387  Quadrature2_Handler       
00002389  Fan0_Handler              
0000238b  GPIOPortP_Handler         
0000238d  GPIOPortP1_Handler        
0000238f  GPIOPortP2_Handler        
00002391  GPIOPortP3_Handler        
00002393  GPIOPortP4_Handler        
00002395  GPIOPortP5_Handler        
00002397  GPIOPortP6_Handler        
00002399  GPIOPortP7_Handler        
0000239b  GPIOPortQ_Handler         
0000239d  GPIOPortQ1_Handler        
0000239f  GPIOPortQ2_Handler        
000023a1  GPIOPortQ3_Handler        
000023a3  GPIOPortQ4_Handler        
000023a5  GPIOPortQ5_Handler        
000023a7  GPIOPortQ6_Handler        
000023a9  GPIOPortQ7_Handler        
000023ab  GPIOPortR_Handler         
000023ad  GPIOPortS_Handler         
000023af  PWM1Generator0_Handler    
000023b1  PWM1Generator1_Handler    
000023b3  PWM1Generator2_Handler    
000023b5  PWM1Generator3_Handler    
000023b7  PWM1Fault_Handler         
000023b9  DisableInterrupts         
000023bd  EnableInterrupts          
000023c1  StartCritical             
000023c9  EndCritical               
000023cf  WaitForInterrupt          
000023d3  __aeabi_dmul              
000024cf  __aeabi_memcpy            
000024cf  __aeabi_memcpy4           
000024cf  __aeabi_memcpy8           
000024cf  memcpy                    
0000256d  PLL_Init                  
000025f5  __aeabi_memclr            
000025f5  __aeabi_memclr4           
000025f5  __aeabi_memclr8           
000025f7  __aeabi_memset            
000025f7  __aeabi_memset4           
000025f7  __aeabi_memset8           
000025fd  memset                    
0000266f  __aeabi_d2f               
000026dd  __TI_auto_init            
000027b5  _c_int00                  
00002805  copy_in                   
00002851  C$$EXIT                   
00002855  abort                     
0000285d  exit                      
00002895  __aeabi_ui2d              
000028b5  _args_main                
000028cd  _register_unlock          
000028d3  _register_lock            
000028db  _nop                      
000028e1  __TI_decompress_none      
000028ef  __TI_zero_init            
000028fb  __TI_decompress_rle24     
00002901  _system_pre_init          
00002dff  dBfs                      
00003108  __TI_Handler_Table_Base   
00003114  __TI_Handler_Table_Limit  
00003120  __TI_CINIT_Base           
00003130  __TI_CINIT_Limit          
20000000  time                      
20000fa0  values                    
20001f40  Message                   
20001f4c  ADCvalue                  
20001f50  Messageindex              
20001f54  N                         
20001f58  T                         
20001f5c  T1                        
20001f60  X                         
20001f64  Xmax1                     
20001f68  Xmin1                     
20001f6c  Ymax                      
20001f70  Ymax1                     
20001f74  Ymin                      
20001f78  Ymin1                     
20001f7c  Yrange                    
20001f84  __stack                   
20002184  StX                       
20002184  __STACK_END               
20002184  __STACK_TOP               
20002188  StY                       
2000218c  StTextColor               
20002194  lastj                     
20002198  count                     
2000219c  _lock                     
200021a0  _unlock                   
200021a4  __TI_cleanup_ptr          
200021a8  __TI_dtors_ptr            
200021ac  main_func_sp              
ffffffff  __binit__                 
ffffffff  __c_args__                
ffffffff  binit                     
UNDEFED   SHT$$INIT_ARRAY$$Base     
UNDEFED   SHT$$INIT_ARRAY$$Limit    

[249 symbols]
