<?xml version="1.0"?>
<link_info>
   <banner>TI ARM Linker Unix v5.2.6</banner>
   <copyright>Copyright (c) 1996-2015 Texas Instruments Incorporated</copyright>
   <link_time>0x56c3b60c</link_time>
   <link_errors>0x0</link_errors>
   <output_file>Lab1.out</output_file>
   <entry_point>
      <name>_c_int00</name>
      <address>0x4b8d</address>
   </entry_point>
   <input_file_list>
      <input_file id="fl-2">
         <path>./</path>
         <kind>object</kind>
         <file>tm4c123gh6pm_startup_ccs.obj</file>
         <name>tm4c123gh6pm_startup_ccs.obj</name>
      </input_file>
      <input_file id="fl-3">
         <path>./src/</path>
         <kind>object</kind>
         <file>PLL.obj</file>
         <name>PLL.obj</name>
      </input_file>
      <input_file id="fl-4">
         <path>./src/</path>
         <kind>object</kind>
         <file>ST7735.obj</file>
         <name>ST7735.obj</name>
      </input_file>
      <input_file id="fl-5">
         <path>./src/</path>
         <kind>object</kind>
         <file>fixed.obj</file>
         <name>fixed.obj</name>
      </input_file>
      <input_file id="fl-6">
         <path>./src/</path>
         <kind>object</kind>
         <file>main.obj</file>
         <name>main.obj</name>
      </input_file>
      <input_file id="fl-12c">
         <path>/Applications/ti/ccsv6/tools/compiler/ti-cgt-arm_5.2.6/lib/</path>
         <kind>archive</kind>
         <file>rtsv7M4_T_le_v4SPD16_eabi.lib</file>
         <name>boot.obj</name>
      </input_file>
      <input_file id="fl-12d">
         <path>/Applications/ti/ccsv6/tools/compiler/ti-cgt-arm_5.2.6/lib/</path>
         <kind>archive</kind>
         <file>rtsv7M4_T_le_v4SPD16_eabi.lib</file>
         <name>copy_decompress_none.obj</name>
      </input_file>
      <input_file id="fl-12e">
         <path>/Applications/ti/ccsv6/tools/compiler/ti-cgt-arm_5.2.6/lib/</path>
         <kind>archive</kind>
         <file>rtsv7M4_T_le_v4SPD16_eabi.lib</file>
         <name>copy_decompress_rle.obj</name>
      </input_file>
      <input_file id="fl-12f">
         <path>/Applications/ti/ccsv6/tools/compiler/ti-cgt-arm_5.2.6/lib/</path>
         <kind>archive</kind>
         <file>rtsv7M4_T_le_v4SPD16_eabi.lib</file>
         <name>copy_zero_init.obj</name>
      </input_file>
      <input_file id="fl-130">
         <path>/Applications/ti/ccsv6/tools/compiler/ti-cgt-arm_5.2.6/lib/</path>
         <kind>archive</kind>
         <file>rtsv7M4_T_le_v4SPD16_eabi.lib</file>
         <name>exit.obj</name>
      </input_file>
      <input_file id="fl-131">
         <path>/Applications/ti/ccsv6/tools/compiler/ti-cgt-arm_5.2.6/lib/</path>
         <kind>archive</kind>
         <file>rtsv7M4_T_le_v4SPD16_eabi.lib</file>
         <name>fd_add_t2.obj</name>
      </input_file>
      <input_file id="fl-132">
         <path>/Applications/ti/ccsv6/tools/compiler/ti-cgt-arm_5.2.6/lib/</path>
         <kind>archive</kind>
         <file>rtsv7M4_T_le_v4SPD16_eabi.lib</file>
         <name>fd_mul_t2.obj</name>
      </input_file>
      <input_file id="fl-133">
         <path>/Applications/ti/ccsv6/tools/compiler/ti-cgt-arm_5.2.6/lib/</path>
         <kind>archive</kind>
         <file>rtsv7M4_T_le_v4SPD16_eabi.lib</file>
         <name>fd_tos_t2.obj</name>
      </input_file>
      <input_file id="fl-134">
         <path>/Applications/ti/ccsv6/tools/compiler/ti-cgt-arm_5.2.6/lib/</path>
         <kind>archive</kind>
         <file>rtsv7M4_T_le_v4SPD16_eabi.lib</file>
         <name>memcpy_t2.obj</name>
      </input_file>
      <input_file id="fl-135">
         <path>/Applications/ti/ccsv6/tools/compiler/ti-cgt-arm_5.2.6/lib/</path>
         <kind>archive</kind>
         <file>rtsv7M4_T_le_v4SPD16_eabi.lib</file>
         <name>memset_t2.obj</name>
      </input_file>
      <input_file id="fl-136">
         <path>/Applications/ti/ccsv6/tools/compiler/ti-cgt-arm_5.2.6/lib/</path>
         <kind>archive</kind>
         <file>rtsv7M4_T_le_v4SPD16_eabi.lib</file>
         <name>pre_init.obj</name>
      </input_file>
      <input_file id="fl-137">
         <path>/Applications/ti/ccsv6/tools/compiler/ti-cgt-arm_5.2.6/lib/</path>
         <kind>archive</kind>
         <file>rtsv7M4_T_le_v4SPD16_eabi.lib</file>
         <name>printf.obj</name>
      </input_file>
      <input_file id="fl-138">
         <path>/Applications/ti/ccsv6/tools/compiler/ti-cgt-arm_5.2.6/lib/</path>
         <kind>archive</kind>
         <file>rtsv7M4_T_le_v4SPD16_eabi.lib</file>
         <name>stkdepth_vars.obj</name>
      </input_file>
      <input_file id="fl-139">
         <path>/Applications/ti/ccsv6/tools/compiler/ti-cgt-arm_5.2.6/lib/</path>
         <kind>archive</kind>
         <file>rtsv7M4_T_le_v4SPD16_eabi.lib</file>
         <name>u_tofd_t2.obj</name>
      </input_file>
      <input_file id="fl-13a">
         <path>/Applications/ti/ccsv6/tools/compiler/ti-cgt-arm_5.2.6/lib/</path>
         <kind>archive</kind>
         <file>rtsv7M4_T_le_v4SPD16_eabi.lib</file>
         <name>_lock.obj</name>
      </input_file>
      <input_file id="fl-13b">
         <path>/Applications/ti/ccsv6/tools/compiler/ti-cgt-arm_5.2.6/lib/</path>
         <kind>archive</kind>
         <file>rtsv7M4_T_le_v4SPD16_eabi.lib</file>
         <name>_printfi.obj</name>
      </input_file>
      <input_file id="fl-13c">
         <path>/Applications/ti/ccsv6/tools/compiler/ti-cgt-arm_5.2.6/lib/</path>
         <kind>archive</kind>
         <file>rtsv7M4_T_le_v4SPD16_eabi.lib</file>
         <name>args_main.obj</name>
      </input_file>
      <input_file id="fl-13d">
         <path>/Applications/ti/ccsv6/tools/compiler/ti-cgt-arm_5.2.6/lib/</path>
         <kind>archive</kind>
         <file>rtsv7M4_T_le_v4SPD16_eabi.lib</file>
         <name>atoi.obj</name>
      </input_file>
      <input_file id="fl-13e">
         <path>/Applications/ti/ccsv6/tools/compiler/ti-cgt-arm_5.2.6/lib/</path>
         <kind>archive</kind>
         <file>rtsv7M4_T_le_v4SPD16_eabi.lib</file>
         <name>autoinit.obj</name>
      </input_file>
      <input_file id="fl-13f">
         <path>/Applications/ti/ccsv6/tools/compiler/ti-cgt-arm_5.2.6/lib/</path>
         <kind>archive</kind>
         <file>rtsv7M4_T_le_v4SPD16_eabi.lib</file>
         <name>cpy_tbl.obj</name>
      </input_file>
      <input_file id="fl-140">
         <path>/Applications/ti/ccsv6/tools/compiler/ti-cgt-arm_5.2.6/lib/</path>
         <kind>archive</kind>
         <file>rtsv7M4_T_le_v4SPD16_eabi.lib</file>
         <name>ctype.obj</name>
      </input_file>
      <input_file id="fl-141">
         <path>/Applications/ti/ccsv6/tools/compiler/ti-cgt-arm_5.2.6/lib/</path>
         <kind>archive</kind>
         <file>rtsv7M4_T_le_v4SPD16_eabi.lib</file>
         <name>defs.obj</name>
      </input_file>
      <input_file id="fl-142">
         <path>/Applications/ti/ccsv6/tools/compiler/ti-cgt-arm_5.2.6/lib/</path>
         <kind>archive</kind>
         <file>rtsv7M4_T_le_v4SPD16_eabi.lib</file>
         <name>fd_cmp_t2.obj</name>
      </input_file>
      <input_file id="fl-143">
         <path>/Applications/ti/ccsv6/tools/compiler/ti-cgt-arm_5.2.6/lib/</path>
         <kind>archive</kind>
         <file>rtsv7M4_T_le_v4SPD16_eabi.lib</file>
         <name>fd_div_t2.obj</name>
      </input_file>
      <input_file id="fl-144">
         <path>/Applications/ti/ccsv6/tools/compiler/ti-cgt-arm_5.2.6/lib/</path>
         <kind>archive</kind>
         <file>rtsv7M4_T_le_v4SPD16_eabi.lib</file>
         <name>fd_toi_t2.obj</name>
      </input_file>
      <input_file id="fl-145">
         <path>/Applications/ti/ccsv6/tools/compiler/ti-cgt-arm_5.2.6/lib/</path>
         <kind>archive</kind>
         <file>rtsv7M4_T_le_v4SPD16_eabi.lib</file>
         <name>fputs.obj</name>
      </input_file>
      <input_file id="fl-146">
         <path>/Applications/ti/ccsv6/tools/compiler/ti-cgt-arm_5.2.6/lib/</path>
         <kind>archive</kind>
         <file>rtsv7M4_T_le_v4SPD16_eabi.lib</file>
         <name>frexp.obj</name>
      </input_file>
      <input_file id="fl-147">
         <path>/Applications/ti/ccsv6/tools/compiler/ti-cgt-arm_5.2.6/lib/</path>
         <kind>archive</kind>
         <file>rtsv7M4_T_le_v4SPD16_eabi.lib</file>
         <name>i_tofd_t2.obj</name>
      </input_file>
      <input_file id="fl-148">
         <path>/Applications/ti/ccsv6/tools/compiler/ti-cgt-arm_5.2.6/lib/</path>
         <kind>archive</kind>
         <file>rtsv7M4_T_le_v4SPD16_eabi.lib</file>
         <name>ldexp.obj</name>
      </input_file>
      <input_file id="fl-149">
         <path>/Applications/ti/ccsv6/tools/compiler/ti-cgt-arm_5.2.6/lib/</path>
         <kind>archive</kind>
         <file>rtsv7M4_T_le_v4SPD16_eabi.lib</file>
         <name>lowlev.obj</name>
      </input_file>
      <input_file id="fl-14a">
         <path>/Applications/ti/ccsv6/tools/compiler/ti-cgt-arm_5.2.6/lib/</path>
         <kind>archive</kind>
         <file>rtsv7M4_T_le_v4SPD16_eabi.lib</file>
         <name>ltoa.obj</name>
      </input_file>
      <input_file id="fl-14b">
         <path>/Applications/ti/ccsv6/tools/compiler/ti-cgt-arm_5.2.6/lib/</path>
         <kind>archive</kind>
         <file>rtsv7M4_T_le_v4SPD16_eabi.lib</file>
         <name>memccpy.obj</name>
      </input_file>
      <input_file id="fl-14c">
         <path>/Applications/ti/ccsv6/tools/compiler/ti-cgt-arm_5.2.6/lib/</path>
         <kind>archive</kind>
         <file>rtsv7M4_T_le_v4SPD16_eabi.lib</file>
         <name>memchr.obj</name>
      </input_file>
      <input_file id="fl-14d">
         <path>/Applications/ti/ccsv6/tools/compiler/ti-cgt-arm_5.2.6/lib/</path>
         <kind>archive</kind>
         <file>rtsv7M4_T_le_v4SPD16_eabi.lib</file>
         <name>strchr.obj</name>
      </input_file>
      <input_file id="fl-14e">
         <path>/Applications/ti/ccsv6/tools/compiler/ti-cgt-arm_5.2.6/lib/</path>
         <kind>archive</kind>
         <file>rtsv7M4_T_le_v4SPD16_eabi.lib</file>
         <name>strcmp.obj</name>
      </input_file>
      <input_file id="fl-14f">
         <path>/Applications/ti/ccsv6/tools/compiler/ti-cgt-arm_5.2.6/lib/</path>
         <kind>archive</kind>
         <file>rtsv7M4_T_le_v4SPD16_eabi.lib</file>
         <name>strlen.obj</name>
      </input_file>
      <input_file id="fl-150">
         <path>/Applications/ti/ccsv6/tools/compiler/ti-cgt-arm_5.2.6/lib/</path>
         <kind>archive</kind>
         <file>rtsv7M4_T_le_v4SPD16_eabi.lib</file>
         <name>strncpy.obj</name>
      </input_file>
      <input_file id="fl-151">
         <path>/Applications/ti/ccsv6/tools/compiler/ti-cgt-arm_5.2.6/lib/</path>
         <kind>archive</kind>
         <file>rtsv7M4_T_le_v4SPD16_eabi.lib</file>
         <name>trgdrv.obj</name>
      </input_file>
      <input_file id="fl-152">
         <path>/Applications/ti/ccsv6/tools/compiler/ti-cgt-arm_5.2.6/lib/</path>
         <kind>archive</kind>
         <file>rtsv7M4_T_le_v4SPD16_eabi.lib</file>
         <name>trgmsg.obj</name>
      </input_file>
      <input_file id="fl-153">
         <path>/Applications/ti/ccsv6/tools/compiler/ti-cgt-arm_5.2.6/lib/</path>
         <kind>archive</kind>
         <file>rtsv7M4_T_le_v4SPD16_eabi.lib</file>
         <name>ull_div_t2.obj</name>
      </input_file>
      <input_file id="fl-154">
         <path>/Applications/ti/ccsv6/tools/compiler/ti-cgt-arm_5.2.6/lib/</path>
         <kind>archive</kind>
         <file>rtsv7M4_T_le_v4SPD16_eabi.lib</file>
         <name>xdclass.obj</name>
      </input_file>
      <input_file id="fl-155">
         <path>/Applications/ti/ccsv6/tools/compiler/ti-cgt-arm_5.2.6/lib/</path>
         <kind>archive</kind>
         <file>rtsv7M4_T_le_v4SPD16_eabi.lib</file>
         <name>xdscale.obj</name>
      </input_file>
      <input_file id="fl-156">
         <path>/Applications/ti/ccsv6/tools/compiler/ti-cgt-arm_5.2.6/lib/</path>
         <kind>archive</kind>
         <file>rtsv7M4_T_le_v4SPD16_eabi.lib</file>
         <name>xdunscal.obj</name>
      </input_file>
      <input_file id="fl-157">
         <path>/Applications/ti/ccsv6/tools/compiler/ti-cgt-arm_5.2.6/lib/</path>
         <kind>archive</kind>
         <file>rtsv7M4_T_le_v4SPD16_eabi.lib</file>
         <name>xferaise.obj</name>
      </input_file>
      <input_file id="fl-158">
         <path>/Applications/ti/ccsv6/tools/compiler/ti-cgt-arm_5.2.6/lib/</path>
         <kind>archive</kind>
         <file>rtsv7M4_T_le_v4SPD16_eabi.lib</file>
         <name>xvalues.obj</name>
      </input_file>
      <input_file id="fl-159">
         <path>/Applications/ti/ccsv6/tools/compiler/ti-cgt-arm_5.2.6/lib/</path>
         <kind>archive</kind>
         <file>rtsv7M4_T_le_v4SPD16_eabi.lib</file>
         <name>_io_perm.obj</name>
      </input_file>
      <input_file id="fl-15a">
         <path>/Applications/ti/ccsv6/tools/compiler/ti-cgt-arm_5.2.6/lib/</path>
         <kind>archive</kind>
         <file>rtsv7M4_T_le_v4SPD16_eabi.lib</file>
         <name>errno.obj</name>
      </input_file>
      <input_file id="fl-15b">
         <path>/Applications/ti/ccsv6/tools/compiler/ti-cgt-arm_5.2.6/lib/</path>
         <kind>archive</kind>
         <file>rtsv7M4_T_le_v4SPD16_eabi.lib</file>
         <name>feraiseexcept.obj</name>
      </input_file>
      <input_file id="fl-15c">
         <path>/Applications/ti/ccsv6/tools/compiler/ti-cgt-arm_5.2.6/lib/</path>
         <kind>archive</kind>
         <file>rtsv7M4_T_le_v4SPD16_eabi.lib</file>
         <name>fflush.obj</name>
      </input_file>
      <input_file id="fl-15d">
         <path>/Applications/ti/ccsv6/tools/compiler/ti-cgt-arm_5.2.6/lib/</path>
         <kind>archive</kind>
         <file>rtsv7M4_T_le_v4SPD16_eabi.lib</file>
         <name>fseek.obj</name>
      </input_file>
      <input_file id="fl-15e">
         <path>/Applications/ti/ccsv6/tools/compiler/ti-cgt-arm_5.2.6/lib/</path>
         <kind>archive</kind>
         <file>rtsv7M4_T_le_v4SPD16_eabi.lib</file>
         <name>raise.obj</name>
      </input_file>
      <input_file id="fl-15f">
         <path>/Applications/ti/ccsv6/tools/compiler/ti-cgt-arm_5.2.6/lib/</path>
         <kind>archive</kind>
         <file>rtsv7M4_T_le_v4SPD16_eabi.lib</file>
         <name>setvbuf.obj</name>
      </input_file>
      <input_file id="fl-160">
         <path>/Applications/ti/ccsv6/tools/compiler/ti-cgt-arm_5.2.6/lib/</path>
         <kind>archive</kind>
         <file>rtsv7M4_T_le_v4SPD16_eabi.lib</file>
         <name>signal.obj</name>
      </input_file>
      <input_file id="fl-161">
         <path>/Applications/ti/ccsv6/tools/compiler/ti-cgt-arm_5.2.6/lib/</path>
         <kind>archive</kind>
         <file>rtsv7M4_T_le_v4SPD16_eabi.lib</file>
         <name>strcpy.obj</name>
      </input_file>
      <input_file id="fl-162">
         <path>/Applications/ti/ccsv6/tools/compiler/ti-cgt-arm_5.2.6/lib/</path>
         <kind>archive</kind>
         <file>rtsv7M4_T_le_v4SPD16_eabi.lib</file>
         <name>xdnorm.obj</name>
      </input_file>
      <input_file id="fl-163">
         <path>/Applications/ti/ccsv6/tools/compiler/ti-cgt-arm_5.2.6/lib/</path>
         <kind>archive</kind>
         <file>rtsv7M4_T_le_v4SPD16_eabi.lib</file>
         <name>fopen.obj</name>
      </input_file>
      <input_file id="fl-164">
         <path>/Applications/ti/ccsv6/tools/compiler/ti-cgt-arm_5.2.6/lib/</path>
         <kind>archive</kind>
         <file>rtsv7M4_T_le_v4SPD16_eabi.lib</file>
         <name>memory.obj</name>
      </input_file>
      <input_file id="fl-165">
         <path>/Applications/ti/ccsv6/tools/compiler/ti-cgt-arm_5.2.6/lib/</path>
         <kind>archive</kind>
         <file>rtsv7M4_T_le_v4SPD16_eabi.lib</file>
         <name>fclose.obj</name>
      </input_file>
      <input_file id="fl-166">
         <path>/Applications/ti/ccsv6/tools/compiler/ti-cgt-arm_5.2.6/lib/</path>
         <kind>archive</kind>
         <file>rtsv7M4_T_le_v4SPD16_eabi.lib</file>
         <name>remove.obj</name>
      </input_file>
   </input_file_list>
   <object_component_list>
      <object_component id="oc-f">
         <name>.intvecs</name>
         <load_address>0x0</load_address>
         <run_address>0x0</run_address>
         <size>0x26c</size>
         <input_file_ref idref="fl-2"/>
      </object_component>
      <object_component id="oc-d7">
         <name>.text</name>
         <load_address>0x26c</load_address>
         <run_address>0x26c</run_address>
         <size>0x13f0</size>
         <input_file_ref idref="fl-4"/>
      </object_component>
      <object_component id="oc-147">
         <name>.text</name>
         <load_address>0x165c</load_address>
         <run_address>0x165c</run_address>
         <size>0x10ba</size>
         <input_file_ref idref="fl-13b"/>
      </object_component>
      <object_component id="oc-28d">
         <name>.text</name>
         <load_address>0x2718</load_address>
         <run_address>0x2718</run_address>
         <size>0x3dc</size>
         <input_file_ref idref="fl-164"/>
      </object_component>
      <object_component id="oc-e3">
         <name>.text</name>
         <load_address>0x2af4</load_address>
         <run_address>0x2af4</run_address>
         <size>0x35c</size>
         <input_file_ref idref="fl-5"/>
      </object_component>
      <object_component id="oc-1b8">
         <name>.text</name>
         <load_address>0x2e50</load_address>
         <run_address>0x2e50</run_address>
         <size>0x30c</size>
         <input_file_ref idref="fl-149"/>
      </object_component>
      <object_component id="oc-2ae">
         <name>.text</name>
         <load_address>0x315c</load_address>
         <run_address>0x315c</run_address>
         <size>0x2d4</size>
         <input_file_ref idref="fl-151"/>
      </object_component>
      <object_component id="oc-a4">
         <name>.text</name>
         <load_address>0x3430</load_address>
         <run_address>0x3430</run_address>
         <size>0x27c</size>
         <input_file_ref idref="fl-6"/>
      </object_component>
      <object_component id="oc-1c0">
         <name>.text</name>
         <load_address>0x36ac</load_address>
         <run_address>0x36ac</run_address>
         <size>0x1f4</size>
         <input_file_ref idref="fl-153"/>
      </object_component>
      <object_component id="oc-293">
         <name>.text</name>
         <load_address>0x38a0</load_address>
         <run_address>0x38a0</run_address>
         <size>0x1c4</size>
         <input_file_ref idref="fl-163"/>
      </object_component>
      <object_component id="oc-161">
         <name>.text</name>
         <load_address>0x3a64</load_address>
         <run_address>0x3a64</run_address>
         <size>0x1b6</size>
         <input_file_ref idref="fl-131"/>
      </object_component>
      <object_component id="oc-1ca">
         <name>.text</name>
         <load_address>0x3c1a</load_address>
         <run_address>0x3c1a</run_address>
         <size>0x136</size>
         <input_file_ref idref="fl-143"/>
      </object_component>
      <object_component id="oc-141">
         <name>.text</name>
         <load_address>0x3d50</load_address>
         <run_address>0x3d50</run_address>
         <size>0x134</size>
         <input_file_ref idref="fl-145"/>
      </object_component>
      <object_component id="oc-2d">
         <name>.text</name>
         <load_address>0x3e84</load_address>
         <run_address>0x3e84</run_address>
         <size>0x112</size>
         <input_file_ref idref="fl-2"/>
      </object_component>
      <object_component id="oc-269">
         <name>.text</name>
         <load_address>0x3f98</load_address>
         <run_address>0x3f98</run_address>
         <size>0x110</size>
         <input_file_ref idref="fl-155"/>
      </object_component>
      <object_component id="oc-15c">
         <name>.text</name>
         <load_address>0x40a8</load_address>
         <run_address>0x40a8</run_address>
         <size>0xfc</size>
         <input_file_ref idref="fl-132"/>
      </object_component>
      <object_component id="oc-22f">
         <name>.text</name>
         <load_address>0x41a4</load_address>
         <run_address>0x41a4</run_address>
         <size>0xdc</size>
         <input_file_ref idref="fl-15f"/>
      </object_component>
      <object_component id="oc-1b2">
         <name>.text</name>
         <load_address>0x4280</load_address>
         <run_address>0x4280</run_address>
         <size>0xc8</size>
         <input_file_ref idref="fl-15c"/>
      </object_component>
      <object_component id="oc-2bf">
         <name>.text</name>
         <load_address>0x4348</load_address>
         <run_address>0x4348</run_address>
         <size>0xbe</size>
         <input_file_ref idref="fl-162"/>
      </object_component>
      <object_component id="oc-1a0">
         <name>.text</name>
         <load_address>0x4406</load_address>
         <run_address>0x4406</run_address>
         <size>0xac</size>
         <input_file_ref idref="fl-159"/>
      </object_component>
      <object_component id="oc-36">
         <name>.text</name>
         <load_address>0x44b2</load_address>
         <run_address>0x44b2</run_address>
         <size>0x9c</size>
         <input_file_ref idref="fl-134"/>
      </object_component>
      <object_component id="oc-2eb">
         <name>.text</name>
         <load_address>0x4550</load_address>
         <run_address>0x4550</run_address>
         <size>0x98</size>
         <input_file_ref idref="fl-165"/>
      </object_component>
      <object_component id="oc-d1">
         <name>.text</name>
         <load_address>0x45e8</load_address>
         <run_address>0x45e8</run_address>
         <size>0x88</size>
         <input_file_ref idref="fl-3"/>
      </object_component>
      <object_component id="oc-1c5">
         <name>.text:__aeabi_cdcmple</name>
         <load_address>0x4670</load_address>
         <run_address>0x4670</run_address>
         <size>0x86</size>
         <input_file_ref idref="fl-142"/>
      </object_component>
      <object_component id="oc-1cf">
         <name>.text:__aeabi_cdrcmple</name>
         <load_address>0x46f6</load_address>
         <run_address>0x46f6</run_address>
         <size>0x86</size>
         <input_file_ref idref="fl-142"/>
      </object_component>
      <object_component id="oc-4f">
         <name>.text</name>
         <load_address>0x477c</load_address>
         <run_address>0x477c</run_address>
         <size>0x7a</size>
         <input_file_ref idref="fl-135"/>
      </object_component>
      <object_component id="oc-dd">
         <name>.text</name>
         <load_address>0x47f8</load_address>
         <run_address>0x47f8</run_address>
         <size>0x70</size>
         <input_file_ref idref="fl-137"/>
      </object_component>
      <object_component id="oc-166">
         <name>.text</name>
         <load_address>0x4868</load_address>
         <run_address>0x4868</run_address>
         <size>0x6e</size>
         <input_file_ref idref="fl-133"/>
      </object_component>
      <object_component id="oc-61">
         <name>.text</name>
         <load_address>0x48d8</load_address>
         <run_address>0x48d8</run_address>
         <size>0x6c</size>
         <input_file_ref idref="fl-13e"/>
      </object_component>
      <object_component id="oc-42">
         <name>.text</name>
         <load_address>0x4944</load_address>
         <run_address>0x4944</run_address>
         <size>0x6a</size>
         <input_file_ref idref="fl-12e"/>
      </object_component>
      <object_component id="oc-2fa">
         <name>.text</name>
         <load_address>0x49b0</load_address>
         <run_address>0x49b0</run_address>
         <size>0x68</size>
         <input_file_ref idref="fl-152"/>
      </object_component>
      <object_component id="oc-261">
         <name>.text</name>
         <load_address>0x4a18</load_address>
         <run_address>0x4a18</run_address>
         <size>0x66</size>
         <input_file_ref idref="fl-156"/>
      </object_component>
      <object_component id="oc-229">
         <name>.text</name>
         <load_address>0x4a80</load_address>
         <run_address>0x4a80</run_address>
         <size>0x64</size>
         <input_file_ref idref="fl-15d"/>
      </object_component>
      <object_component id="oc-1d9">
         <name>.text</name>
         <load_address>0x4ae4</load_address>
         <run_address>0x4ae4</run_address>
         <size>0x56</size>
         <input_file_ref idref="fl-14a"/>
      </object_component>
      <object_component id="oc-1ea">
         <name>.text</name>
         <load_address>0x4b3a</load_address>
         <run_address>0x4b3a</run_address>
         <size>0x52</size>
         <input_file_ref idref="fl-148"/>
      </object_component>
      <object_component id="oc-24">
         <name>.text</name>
         <load_address>0x4b8c</load_address>
         <run_address>0x4b8c</run_address>
         <size>0x50</size>
         <input_file_ref idref="fl-12c"/>
      </object_component>
      <object_component id="oc-202">
         <name>.text</name>
         <load_address>0x4bdc</load_address>
         <run_address>0x4bdc</run_address>
         <size>0x4c</size>
         <input_file_ref idref="fl-13d"/>
      </object_component>
      <object_component id="oc-9c">
         <name>.text</name>
         <load_address>0x4c28</load_address>
         <run_address>0x4c28</run_address>
         <size>0x4c</size>
         <input_file_ref idref="fl-13f"/>
      </object_component>
      <object_component id="oc-1d4">
         <name>.text</name>
         <load_address>0x4c74</load_address>
         <run_address>0x4c74</run_address>
         <size>0x48</size>
         <input_file_ref idref="fl-144"/>
      </object_component>
      <object_component id="oc-6d">
         <name>.text</name>
         <load_address>0x4cbc</load_address>
         <run_address>0x4cbc</run_address>
         <size>0x44</size>
         <input_file_ref idref="fl-130"/>
      </object_component>
      <object_component id="oc-33e">
         <name>.text</name>
         <load_address>0x4d00</load_address>
         <run_address>0x4d00</run_address>
         <size>0x40</size>
         <input_file_ref idref="fl-160"/>
      </object_component>
      <object_component id="oc-2ce">
         <name>.text</name>
         <load_address>0x4d40</load_address>
         <run_address>0x4d40</run_address>
         <size>0x34</size>
         <input_file_ref idref="fl-15b"/>
      </object_component>
      <object_component id="oc-246">
         <name>.text</name>
         <load_address>0x4d74</load_address>
         <run_address>0x4d74</run_address>
         <size>0x30</size>
         <input_file_ref idref="fl-150"/>
      </object_component>
      <object_component id="oc-1f6">
         <name>.text</name>
         <load_address>0x4da4</load_address>
         <run_address>0x4da4</run_address>
         <size>0x30</size>
         <input_file_ref idref="fl-154"/>
      </object_component>
      <object_component id="oc-26f">
         <name>.text</name>
         <load_address>0x4dd4</load_address>
         <run_address>0x4dd4</run_address>
         <size>0x30</size>
         <input_file_ref idref="fl-157"/>
      </object_component>
      <object_component id="oc-1df">
         <name>.text</name>
         <load_address>0x4e04</load_address>
         <run_address>0x4e04</run_address>
         <size>0x2e</size>
         <input_file_ref idref="fl-147"/>
      </object_component>
      <object_component id="oc-31c">
         <name>.text</name>
         <load_address>0x4e32</load_address>
         <run_address>0x4e32</run_address>
         <size>0x2e</size>
         <input_file_ref idref="fl-15e"/>
      </object_component>
      <object_component id="oc-1e4">
         <name>.text</name>
         <load_address>0x4e60</load_address>
         <run_address>0x4e60</run_address>
         <size>0x2a</size>
         <input_file_ref idref="fl-146"/>
      </object_component>
      <object_component id="oc-1ac">
         <name>.text</name>
         <load_address>0x4e8a</load_address>
         <run_address>0x4e8a</run_address>
         <size>0x20</size>
         <input_file_ref idref="fl-14c"/>
      </object_component>
      <object_component id="oc-157">
         <name>.text</name>
         <load_address>0x4eaa</load_address>
         <run_address>0x4eaa</run_address>
         <size>0x20</size>
         <input_file_ref idref="fl-139"/>
      </object_component>
      <object_component id="oc-1fc">
         <name>.text</name>
         <load_address>0x4eca</load_address>
         <run_address>0x4eca</run_address>
         <size>0x1c</size>
         <input_file_ref idref="fl-14b"/>
      </object_component>
      <object_component id="oc-67">
         <name>.text</name>
         <load_address>0x4ee8</load_address>
         <run_address>0x4ee8</run_address>
         <size>0x18</size>
         <input_file_ref idref="fl-13c"/>
      </object_component>
      <object_component id="oc-240">
         <name>.text</name>
         <load_address>0x4f00</load_address>
         <run_address>0x4f00</run_address>
         <size>0x18</size>
         <input_file_ref idref="fl-14e"/>
      </object_component>
      <object_component id="oc-1f0">
         <name>.text</name>
         <load_address>0x4f18</load_address>
         <run_address>0x4f18</run_address>
         <size>0x16</size>
         <input_file_ref idref="fl-14d"/>
      </object_component>
      <object_component id="oc-104">
         <name>.text</name>
         <load_address>0x4f30</load_address>
         <run_address>0x4f30</run_address>
         <size>0x14</size>
         <input_file_ref idref="fl-13a"/>
      </object_component>
      <object_component id="oc-300">
         <name>.text</name>
         <load_address>0x4f44</load_address>
         <run_address>0x4f44</run_address>
         <size>0x14</size>
         <input_file_ref idref="fl-161"/>
      </object_component>
      <object_component id="oc-1a6">
         <name>.text</name>
         <load_address>0x4f58</load_address>
         <run_address>0x4f58</run_address>
         <size>0x14</size>
         <input_file_ref idref="fl-14f"/>
      </object_component>
      <object_component id="oc-12">
         <name>.text:decompress:none</name>
         <load_address>0x4f6c</load_address>
         <run_address>0x4f6c</run_address>
         <size>0xe</size>
         <input_file_ref idref="fl-12d"/>
      </object_component>
      <object_component id="oc-1e">
         <name>.text:decompress:ZI</name>
         <load_address>0x4f7a</load_address>
         <run_address>0x4f7a</run_address>
         <size>0xc</size>
         <input_file_ref idref="fl-12f"/>
      </object_component>
      <object_component id="oc-18">
         <name>.text:decompress:rle24</name>
         <load_address>0x4f86</load_address>
         <run_address>0x4f86</run_address>
         <size>0x6</size>
         <input_file_ref idref="fl-12e"/>
      </object_component>
      <object_component id="oc-5b">
         <name>.text</name>
         <load_address>0x4f8c</load_address>
         <run_address>0x4f8c</run_address>
         <size>0x4</size>
         <input_file_ref idref="fl-136"/>
      </object_component>
      <object_component id="oc-12e">
         <name>.const:.string:Font</name>
         <load_address>0x4f90</load_address>
         <run_address>0x4f90</run_address>
         <size>0x4fb</size>
         <input_file_ref idref="fl-4"/>
      </object_component>
      <object_component id="oc-ef">
         <name>.const:CircleXbuf</name>
         <load_address>0x548c</load_address>
         <run_address>0x548c</run_address>
         <size>0x2d0</size>
         <input_file_ref idref="fl-6"/>
      </object_component>
      <object_component id="oc-f2">
         <name>.const:CircleYbuf</name>
         <load_address>0x575c</load_address>
         <run_address>0x575c</run_address>
         <size>0x2d0</size>
         <input_file_ref idref="fl-6"/>
      </object_component>
      <object_component id="oc-138">
         <name>.const:.string:dBfs</name>
         <load_address>0x5a2c</load_address>
         <run_address>0x5a2c</run_address>
         <size>0x200</size>
         <input_file_ref idref="fl-4"/>
      </object_component>
      <object_component id="oc-27d">
         <name>.const:.string:_ctypes_</name>
         <load_address>0x5c2c</load_address>
         <run_address>0x5c2c</run_address>
         <size>0x101</size>
         <input_file_ref idref="fl-140"/>
      </object_component>
      <object_component id="oc-ec">
         <name>.const:outTests2</name>
         <load_address>0x5d30</load_address>
         <run_address>0x5d30</run_address>
         <size>0xe0</size>
         <input_file_ref idref="fl-6"/>
      </object_component>
      <object_component id="oc-e9">
         <name>.const:outTests1</name>
         <load_address>0x5e10</load_address>
         <run_address>0x5e10</run_address>
         <size>0xd0</size>
         <input_file_ref idref="fl-6"/>
      </object_component>
      <object_component id="oc-f5">
         <name>.const:StarXbuf</name>
         <load_address>0x5ee0</load_address>
         <run_address>0x5ee0</run_address>
         <size>0xc8</size>
         <input_file_ref idref="fl-6"/>
      </object_component>
      <object_component id="oc-f8">
         <name>.const:StarYbuf</name>
         <load_address>0x5fa8</load_address>
         <run_address>0x5fa8</run_address>
         <size>0xc8</size>
         <input_file_ref idref="fl-6"/>
      </object_component>
      <object_component id="oc-11e">
         <name>.const:.string:Bcmd</name>
         <load_address>0x6070</load_address>
         <run_address>0x6070</run_address>
         <size>0x67</size>
         <input_file_ref idref="fl-4"/>
      </object_component>
      <object_component id="oc-124">
         <name>.const:.string:Rcmd1</name>
         <load_address>0x60d7</load_address>
         <run_address>0x60d7</run_address>
         <size>0x3b</size>
         <input_file_ref idref="fl-4"/>
      </object_component>
      <object_component id="oc-12a">
         <name>.const:.string:Rcmd3</name>
         <load_address>0x6112</load_address>
         <run_address>0x6112</run_address>
         <size>0x2b</size>
         <input_file_ref idref="fl-4"/>
      </object_component>
      <object_component id="oc-127">
         <name>.const:.string</name>
         <load_address>0x613d</load_address>
         <run_address>0x613d</run_address>
         <size>0x1a</size>
         <input_file_ref idref="fl-4"/>
      </object_component>
      <object_component id="oc-38e">
         <name>.cinit..data.load</name>
         <load_address>0x6158</load_address>
         <run_address>0x6158</run_address>
         <size>0xb1</size>
      </object_component>
      <object_component id="oc-38c">
         <name>__TI_handler_table</name>
         <load_address>0x620c</load_address>
         <run_address>0x620c</run_address>
         <size>0xc</size>
      </object_component>
      <object_component id="oc-38f">
         <name>.cinit..bss.load</name>
         <load_address>0x6218</load_address>
         <run_address>0x6218</run_address>
         <size>0x8</size>
      </object_component>
      <object_component id="oc-38d">
         <name>__TI_cinit_table</name>
         <load_address>0x6220</load_address>
         <run_address>0x6220</run_address>
         <size>0x10</size>
      </object_component>
      <object_component id="oc-2a">
         <name>.sysmem</name>
         <uninitialized>true</uninitialized>
         <run_address>0x20000750</run_address>
         <size>0x8</size>
         <input_file_ref idref="fl-164"/>
      </object_component>
      <object_component id="oc-391">
         <name>.sysmem</name>
         <uninitialized>true</uninitialized>
         <run_address>0x20000750</run_address>
         <size>0x0</size>
      </object_component>
      <object_component id="oc-29">
         <name>.stack</name>
         <uninitialized>true</uninitialized>
         <run_address>0x2000054c</run_address>
         <size>0x0</size>
         <input_file_ref idref="fl-12c"/>
      </object_component>
      <object_component id="oc-390">
         <name>.stack</name>
         <uninitialized>true</uninitialized>
         <run_address>0x2000054c</run_address>
         <size>0x0</size>
      </object_component>
      <object_component id="oc-32c">
         <name>.bss:__TI_tmpnams</name>
         <uninitialized>true</uninitialized>
         <run_address>0x20000464</run_address>
         <size>0xa0</size>
         <input_file_ref idref="fl-141"/>
      </object_component>
      <object_component id="oc-333">
         <name>.bss:__CIOBUF_</name>
         <uninitialized>true</uninitialized>
         <run_address>0x20000344</run_address>
         <size>0x120</size>
         <input_file_ref idref="fl-152"/>
      </object_component>
      <object_component id="oc-11a">
         <name>.common:ColStart</name>
         <uninitialized>true</uninitialized>
         <run_address>0x20000548</run_address>
         <size>0x1</size>
      </object_component>
      <object_component id="oc-11d">
         <name>.common:RowStart</name>
         <uninitialized>true</uninitialized>
         <run_address>0x2000054a</run_address>
         <size>0x1</size>
      </object_component>
      <object_component id="oc-133">
         <name>.common:Rotation</name>
         <uninitialized>true</uninitialized>
         <run_address>0x20000549</run_address>
         <size>0x1</size>
      </object_component>
      <object_component id="oc-12d">
         <name>.common:TabColor</name>
         <uninitialized>true</uninitialized>
         <run_address>0x2000054b</run_address>
         <size>0x1</size>
      </object_component>
      <object_component id="oc-131">
         <name>.common:Message</name>
         <uninitialized>true</uninitialized>
         <run_address>0x20000504</run_address>
         <size>0xc</size>
      </object_component>
      <object_component id="oc-132">
         <name>.common:Messageindex</name>
         <uninitialized>true</uninitialized>
         <run_address>0x20000518</run_address>
         <size>0x4</size>
      </object_component>
      <object_component id="oc-134">
         <name>.common:Ymax</name>
         <uninitialized>true</uninitialized>
         <run_address>0x20000534</run_address>
         <size>0x4</size>
      </object_component>
      <object_component id="oc-135">
         <name>.common:Ymin</name>
         <uninitialized>true</uninitialized>
         <run_address>0x2000053c</run_address>
         <size>0x4</size>
      </object_component>
      <object_component id="oc-137">
         <name>.common:X</name>
         <uninitialized>true</uninitialized>
         <run_address>0x20000528</run_address>
         <size>0x4</size>
      </object_component>
      <object_component id="oc-136">
         <name>.common:Yrange</name>
         <uninitialized>true</uninitialized>
         <run_address>0x20000544</run_address>
         <size>0x4</size>
      </object_component>
      <object_component id="oc-16b">
         <name>.common:Xmin1</name>
         <uninitialized>true</uninitialized>
         <run_address>0x20000530</run_address>
         <size>0x4</size>
      </object_component>
      <object_component id="oc-16e">
         <name>.common:Xmax1</name>
         <uninitialized>true</uninitialized>
         <run_address>0x2000052c</run_address>
         <size>0x4</size>
      </object_component>
      <object_component id="oc-16f">
         <name>.common:Ymin1</name>
         <uninitialized>true</uninitialized>
         <run_address>0x20000540</run_address>
         <size>0x4</size>
      </object_component>
      <object_component id="oc-170">
         <name>.common:Ymax1</name>
         <uninitialized>true</uninitialized>
         <run_address>0x20000538</run_address>
         <size>0x4</size>
      </object_component>
      <object_component id="oc-172">
         <name>.common:T</name>
         <uninitialized>true</uninitialized>
         <run_address>0x20000520</run_address>
         <size>0x4</size>
      </object_component>
      <object_component id="oc-171">
         <name>.common:N</name>
         <uninitialized>true</uninitialized>
         <run_address>0x2000051c</run_address>
         <size>0x4</size>
      </object_component>
      <object_component id="oc-173">
         <name>.common:T1</name>
         <uninitialized>true</uninitialized>
         <run_address>0x20000524</run_address>
         <size>0x4</size>
      </object_component>
      <object_component id="oc-306">
         <name>.common:parmbuf</name>
         <uninitialized>true</uninitialized>
         <run_address>0x20000510</run_address>
         <size>0x8</size>
      </object_component>
      <object_component id="oc-121">
         <name>.data</name>
         <load_address>0x200002f0</load_address>
         <run_address>0x200002f0</run_address>
         <size>0x14</size>
         <input_file_ref idref="fl-4"/>
      </object_component>
      <object_component id="oc-af">
         <name>.data</name>
         <load_address>0x20000328</load_address>
         <run_address>0x20000328</run_address>
         <size>0x8</size>
         <input_file_ref idref="fl-130"/>
      </object_component>
      <object_component id="oc-73">
         <name>.data</name>
         <load_address>0x20000340</load_address>
         <run_address>0x20000340</run_address>
         <size>0x4</size>
         <input_file_ref idref="fl-138"/>
      </object_component>
      <object_component id="oc-ac">
         <name>.data</name>
         <load_address>0x20000320</load_address>
         <run_address>0x20000320</run_address>
         <size>0x8</size>
         <input_file_ref idref="fl-13a"/>
      </object_component>
      <object_component id="oc-14d">
         <name>.data:_ftable</name>
         <load_address>0x20000000</load_address>
         <run_address>0x20000000</run_address>
         <size>0xf0</size>
         <input_file_ref idref="fl-141"/>
      </object_component>
      <object_component id="oc-23b">
         <name>.data</name>
         <load_address>0x20000304</load_address>
         <run_address>0x20000304</run_address>
         <size>0x10</size>
         <input_file_ref idref="fl-141"/>
      </object_component>
      <object_component id="oc-24c">
         <name>.data</name>
         <load_address>0x200000f0</load_address>
         <run_address>0x200000f0</run_address>
         <size>0xd0</size>
         <input_file_ref idref="fl-149"/>
      </object_component>
      <object_component id="oc-2c9">
         <name>.data</name>
         <load_address>0x20000270</load_address>
         <run_address>0x20000270</run_address>
         <size>0x80</size>
         <input_file_ref idref="fl-158"/>
      </object_component>
      <object_component id="oc-2d4">
         <name>.data</name>
         <load_address>0x20000338</load_address>
         <run_address>0x20000338</run_address>
         <size>0x4</size>
         <input_file_ref idref="fl-15a"/>
      </object_component>
      <object_component id="oc-322">
         <name>.data</name>
         <load_address>0x20000330</load_address>
         <run_address>0x20000330</run_address>
         <size>0x8</size>
         <input_file_ref idref="fl-15b"/>
      </object_component>
      <object_component id="oc-359">
         <name>.data:sigtable</name>
         <load_address>0x200001c0</load_address>
         <run_address>0x200001c0</run_address>
         <size>0xb0</size>
         <input_file_ref idref="fl-160"/>
      </object_component>
      <object_component id="oc-2f1">
         <name>.data</name>
         <load_address>0x2000033c</load_address>
         <run_address>0x2000033c</run_address>
         <size>0x4</size>
         <input_file_ref idref="fl-163"/>
      </object_component>
      <object_component id="oc-2e7">
         <name>.data</name>
         <load_address>0x20000314</load_address>
         <run_address>0x20000314</run_address>
         <size>0xc</size>
         <input_file_ref idref="fl-164"/>
      </object_component>
      <object_component id="oc-35">
         <name>.debug_info</name>
         <load_address>0x0</load_address>
         <run_address>0x0</run_address>
         <size>0x101</size>
         <input_file_ref idref="fl-2"/>
      </object_component>
      <object_component id="oc-10">
         <name>.debug_info</name>
         <load_address>0x101</load_address>
         <run_address>0x101</run_address>
         <size>0xe6</size>
         <input_file_ref idref="fl-2"/>
      </object_component>
      <object_component id="oc-2e">
         <name>.debug_info</name>
         <load_address>0x1e7</load_address>
         <run_address>0x1e7</run_address>
         <size>0x39c1</size>
         <input_file_ref idref="fl-2"/>
      </object_component>
      <object_component id="oc-7e">
         <name>.debug_info</name>
         <load_address>0x3ba8</load_address>
         <run_address>0x3ba8</run_address>
         <size>0x84</size>
         <input_file_ref idref="fl-2"/>
      </object_component>
      <object_component id="oc-83">
         <name>.debug_info</name>
         <load_address>0x3c2c</load_address>
         <run_address>0x3c2c</run_address>
         <size>0x18b</size>
         <input_file_ref idref="fl-2"/>
      </object_component>
      <object_component id="oc-d2">
         <name>.debug_info</name>
         <load_address>0x3db7</load_address>
         <run_address>0x3db7</run_address>
         <size>0x120</size>
         <input_file_ref idref="fl-3"/>
      </object_component>
      <object_component id="oc-11b">
         <name>.debug_info</name>
         <load_address>0x3ed7</load_address>
         <run_address>0x3ed7</run_address>
         <size>0x27c</size>
         <input_file_ref idref="fl-4"/>
      </object_component>
      <object_component id="oc-122">
         <name>.debug_info</name>
         <load_address>0x4153</load_address>
         <run_address>0x4153</run_address>
         <size>0x15c</size>
         <input_file_ref idref="fl-4"/>
      </object_component>
      <object_component id="oc-12f">
         <name>.debug_info</name>
         <load_address>0x42af</load_address>
         <run_address>0x42af</run_address>
         <size>0xc7</size>
         <input_file_ref idref="fl-4"/>
      </object_component>
      <object_component id="oc-11f">
         <name>.debug_info</name>
         <load_address>0x4376</load_address>
         <run_address>0x4376</run_address>
         <size>0xc8</size>
         <input_file_ref idref="fl-4"/>
      </object_component>
      <object_component id="oc-125">
         <name>.debug_info</name>
         <load_address>0x443e</load_address>
         <run_address>0x443e</run_address>
         <size>0xca</size>
         <input_file_ref idref="fl-4"/>
      </object_component>
      <object_component id="oc-128">
         <name>.debug_info</name>
         <load_address>0x4508</load_address>
         <run_address>0x4508</run_address>
         <size>0xf5</size>
         <input_file_ref idref="fl-4"/>
      </object_component>
      <object_component id="oc-12b">
         <name>.debug_info</name>
         <load_address>0x45fd</load_address>
         <run_address>0x45fd</run_address>
         <size>0xca</size>
         <input_file_ref idref="fl-4"/>
      </object_component>
      <object_component id="oc-139">
         <name>.debug_info</name>
         <load_address>0x46c7</load_address>
         <run_address>0x46c7</run_address>
         <size>0xc9</size>
         <input_file_ref idref="fl-4"/>
      </object_component>
      <object_component id="oc-d8">
         <name>.debug_info</name>
         <load_address>0x4790</load_address>
         <run_address>0x4790</run_address>
         <size>0x224b</size>
         <input_file_ref idref="fl-4"/>
      </object_component>
      <object_component id="oc-18d">
         <name>.debug_info</name>
         <load_address>0x69db</load_address>
         <run_address>0x69db</run_address>
         <size>0xc8</size>
         <input_file_ref idref="fl-4"/>
      </object_component>
      <object_component id="oc-152">
         <name>.debug_info</name>
         <load_address>0x6aa3</load_address>
         <run_address>0x6aa3</run_address>
         <size>0x4e</size>
         <input_file_ref idref="fl-4"/>
      </object_component>
      <object_component id="oc-13c">
         <name>.debug_info</name>
         <load_address>0x6af1</load_address>
         <run_address>0x6af1</run_address>
         <size>0x51</size>
         <input_file_ref idref="fl-4"/>
      </object_component>
      <object_component id="oc-16c">
         <name>.debug_info</name>
         <load_address>0x6b42</load_address>
         <run_address>0x6b42</run_address>
         <size>0x24d</size>
         <input_file_ref idref="fl-5"/>
      </object_component>
      <object_component id="oc-e4">
         <name>.debug_info</name>
         <load_address>0x6d8f</load_address>
         <run_address>0x6d8f</run_address>
         <size>0x76a</size>
         <input_file_ref idref="fl-5"/>
      </object_component>
      <object_component id="oc-fc">
         <name>.debug_info</name>
         <load_address>0x74f9</load_address>
         <run_address>0x74f9</run_address>
         <size>0x325</size>
         <input_file_ref idref="fl-6"/>
      </object_component>
      <object_component id="oc-ea">
         <name>.debug_info</name>
         <load_address>0x781e</load_address>
         <run_address>0x781e</run_address>
         <size>0xd0</size>
         <input_file_ref idref="fl-6"/>
      </object_component>
      <object_component id="oc-ed">
         <name>.debug_info</name>
         <load_address>0x78ee</load_address>
         <run_address>0x78ee</run_address>
         <size>0xd0</size>
         <input_file_ref idref="fl-6"/>
      </object_component>
      <object_component id="oc-f0">
         <name>.debug_info</name>
         <load_address>0x79be</load_address>
         <run_address>0x79be</run_address>
         <size>0xd2</size>
         <input_file_ref idref="fl-6"/>
      </object_component>
      <object_component id="oc-f3">
         <name>.debug_info</name>
         <load_address>0x7a90</load_address>
         <run_address>0x7a90</run_address>
         <size>0xd2</size>
         <input_file_ref idref="fl-6"/>
      </object_component>
      <object_component id="oc-f6">
         <name>.debug_info</name>
         <load_address>0x7b62</load_address>
         <run_address>0x7b62</run_address>
         <size>0xce</size>
         <input_file_ref idref="fl-6"/>
      </object_component>
      <object_component id="oc-f9">
         <name>.debug_info</name>
         <load_address>0x7c30</load_address>
         <run_address>0x7c30</run_address>
         <size>0xce</size>
         <input_file_ref idref="fl-6"/>
      </object_component>
      <object_component id="oc-a5">
         <name>.debug_info</name>
         <load_address>0x7cfe</load_address>
         <run_address>0x7cfe</run_address>
         <size>0x4f7</size>
         <input_file_ref idref="fl-6"/>
      </object_component>
      <object_component id="oc-183">
         <name>.debug_info</name>
         <load_address>0x81f5</load_address>
         <run_address>0x81f5</run_address>
         <size>0xb2</size>
         <input_file_ref idref="fl-6"/>
      </object_component>
      <object_component id="oc-26">
         <name>.debug_info</name>
         <load_address>0x82a7</load_address>
         <run_address>0x82a7</run_address>
         <size>0x134</size>
         <input_file_ref idref="fl-12c"/>
      </object_component>
      <object_component id="oc-41">
         <name>.debug_info</name>
         <load_address>0x83db</load_address>
         <run_address>0x83db</run_address>
         <size>0x121</size>
         <input_file_ref idref="fl-12d"/>
      </object_component>
      <object_component id="oc-16">
         <name>.debug_info</name>
         <load_address>0x84fc</load_address>
         <run_address>0x84fc</run_address>
         <size>0x1c0</size>
         <input_file_ref idref="fl-12d"/>
      </object_component>
      <object_component id="oc-3c">
         <name>.debug_info</name>
         <load_address>0x86bc</load_address>
         <run_address>0x86bc</run_address>
         <size>0x46</size>
         <input_file_ref idref="fl-12d"/>
      </object_component>
      <object_component id="oc-89">
         <name>.debug_info</name>
         <load_address>0x8702</load_address>
         <run_address>0x8702</run_address>
         <size>0x2c</size>
         <input_file_ref idref="fl-12d"/>
      </object_component>
      <object_component id="oc-49">
         <name>.debug_info</name>
         <load_address>0x872e</load_address>
         <run_address>0x872e</run_address>
         <size>0x115</size>
         <input_file_ref idref="fl-12e"/>
      </object_component>
      <object_component id="oc-45">
         <name>.debug_info</name>
         <load_address>0x8843</load_address>
         <run_address>0x8843</run_address>
         <size>0x228</size>
         <input_file_ref idref="fl-12e"/>
      </object_component>
      <object_component id="oc-1b">
         <name>.debug_info</name>
         <load_address>0x8a6b</load_address>
         <run_address>0x8a6b</run_address>
         <size>0x192</size>
         <input_file_ref idref="fl-12e"/>
      </object_component>
      <object_component id="oc-4a">
         <name>.debug_info</name>
         <load_address>0x8bfd</load_address>
         <run_address>0x8bfd</run_address>
         <size>0x39</size>
         <input_file_ref idref="fl-12e"/>
      </object_component>
      <object_component id="oc-93">
         <name>.debug_info</name>
         <load_address>0x8c36</load_address>
         <run_address>0x8c36</run_address>
         <size>0x2c</size>
         <input_file_ref idref="fl-12e"/>
      </object_component>
      <object_component id="oc-5a">
         <name>.debug_info</name>
         <load_address>0x8c62</load_address>
         <run_address>0x8c62</run_address>
         <size>0x110</size>
         <input_file_ref idref="fl-12f"/>
      </object_component>
      <object_component id="oc-1f">
         <name>.debug_info</name>
         <load_address>0x8d72</load_address>
         <run_address>0x8d72</run_address>
         <size>0x18b</size>
         <input_file_ref idref="fl-12f"/>
      </object_component>
      <object_component id="oc-55">
         <name>.debug_info</name>
         <load_address>0x8efd</load_address>
         <run_address>0x8efd</run_address>
         <size>0x46</size>
         <input_file_ref idref="fl-12f"/>
      </object_component>
      <object_component id="oc-b3">
         <name>.debug_info</name>
         <load_address>0x8f43</load_address>
         <run_address>0x8f43</run_address>
         <size>0x172</size>
         <input_file_ref idref="fl-130"/>
      </object_component>
      <object_component id="oc-b0">
         <name>.debug_info</name>
         <load_address>0x90b5</load_address>
         <run_address>0x90b5</run_address>
         <size>0x117</size>
         <input_file_ref idref="fl-130"/>
      </object_component>
      <object_component id="oc-6e">
         <name>.debug_info</name>
         <load_address>0x91cc</load_address>
         <run_address>0x91cc</run_address>
         <size>0x1ee</size>
         <input_file_ref idref="fl-130"/>
      </object_component>
      <object_component id="oc-162">
         <name>.debug_info</name>
         <load_address>0x93ba</load_address>
         <run_address>0x93ba</run_address>
         <size>0x129</size>
         <input_file_ref idref="fl-131"/>
      </object_component>
      <object_component id="oc-15d">
         <name>.debug_info</name>
         <load_address>0x94e3</load_address>
         <run_address>0x94e3</run_address>
         <size>0x117</size>
         <input_file_ref idref="fl-132"/>
      </object_component>
      <object_component id="oc-167">
         <name>.debug_info</name>
         <load_address>0x95fa</load_address>
         <run_address>0x95fa</run_address>
         <size>0x11b</size>
         <input_file_ref idref="fl-133"/>
      </object_component>
      <object_component id="oc-37">
         <name>.debug_info</name>
         <load_address>0x9715</load_address>
         <run_address>0x9715</run_address>
         <size>0xf6</size>
         <input_file_ref idref="fl-134"/>
      </object_component>
      <object_component id="oc-50">
         <name>.debug_info</name>
         <load_address>0x980b</load_address>
         <run_address>0x980b</run_address>
         <size>0x124</size>
         <input_file_ref idref="fl-135"/>
      </object_component>
      <object_component id="oc-5c">
         <name>.debug_info</name>
         <load_address>0x992f</load_address>
         <run_address>0x992f</run_address>
         <size>0x129</size>
         <input_file_ref idref="fl-136"/>
      </object_component>
      <object_component id="oc-151">
         <name>.debug_info</name>
         <load_address>0x9a58</load_address>
         <run_address>0x9a58</run_address>
         <size>0x20d</size>
         <input_file_ref idref="fl-137"/>
      </object_component>
      <object_component id="oc-de">
         <name>.debug_info</name>
         <load_address>0x9c65</load_address>
         <run_address>0x9c65</run_address>
         <size>0x265</size>
         <input_file_ref idref="fl-137"/>
      </object_component>
      <object_component id="oc-21e">
         <name>.debug_info</name>
         <load_address>0x9eca</load_address>
         <run_address>0x9eca</run_address>
         <size>0xae</size>
         <input_file_ref idref="fl-137"/>
      </object_component>
      <object_component id="oc-74">
         <name>.debug_info</name>
         <load_address>0x9f78</load_address>
         <run_address>0x9f78</run_address>
         <size>0xea</size>
         <input_file_ref idref="fl-138"/>
      </object_component>
      <object_component id="oc-158">
         <name>.debug_info</name>
         <load_address>0xa062</load_address>
         <run_address>0xa062</run_address>
         <size>0x10b</size>
         <input_file_ref idref="fl-139"/>
      </object_component>
      <object_component id="oc-10c">
         <name>.debug_info</name>
         <load_address>0xa16d</load_address>
         <run_address>0xa16d</run_address>
         <size>0x105</size>
         <input_file_ref idref="fl-13a"/>
      </object_component>
      <object_component id="oc-ad">
         <name>.debug_info</name>
         <load_address>0xa272</load_address>
         <run_address>0xa272</run_address>
         <size>0xf4</size>
         <input_file_ref idref="fl-13a"/>
      </object_component>
      <object_component id="oc-105">
         <name>.debug_info</name>
         <load_address>0xa366</load_address>
         <run_address>0xa366</run_address>
         <size>0x200</size>
         <input_file_ref idref="fl-13a"/>
      </object_component>
      <object_component id="oc-209">
         <name>.debug_info</name>
         <load_address>0xa566</load_address>
         <run_address>0xa566</run_address>
         <size>0x338</size>
         <input_file_ref idref="fl-13b"/>
      </object_component>
      <object_component id="oc-148">
         <name>.debug_info</name>
         <load_address>0xa89e</load_address>
         <run_address>0xa89e</run_address>
         <size>0x17ea</size>
         <input_file_ref idref="fl-13b"/>
      </object_component>
      <object_component id="oc-20a">
         <name>.debug_info</name>
         <load_address>0xc088</load_address>
         <run_address>0xc088</run_address>
         <size>0x86</size>
         <input_file_ref idref="fl-13b"/>
      </object_component>
      <object_component id="oc-20f">
         <name>.debug_info</name>
         <load_address>0xc10e</load_address>
         <run_address>0xc10e</run_address>
         <size>0x2c</size>
         <input_file_ref idref="fl-13b"/>
      </object_component>
      <object_component id="oc-284">
         <name>.debug_info</name>
         <load_address>0xc13a</load_address>
         <run_address>0xc13a</run_address>
         <size>0x46</size>
         <input_file_ref idref="fl-13b"/>
      </object_component>
      <object_component id="oc-214">
         <name>.debug_info</name>
         <load_address>0xc180</load_address>
         <run_address>0xc180</run_address>
         <size>0x39</size>
         <input_file_ref idref="fl-13b"/>
      </object_component>
      <object_component id="oc-ab">
         <name>.debug_info</name>
         <load_address>0xc1b9</load_address>
         <run_address>0xc1b9</run_address>
         <size>0x147</size>
         <input_file_ref idref="fl-13c"/>
      </object_component>
      <object_component id="oc-68">
         <name>.debug_info</name>
         <load_address>0xc300</load_address>
         <run_address>0xc300</run_address>
         <size>0x148</size>
         <input_file_ref idref="fl-13c"/>
      </object_component>
      <object_component id="oc-ff">
         <name>.debug_info</name>
         <load_address>0xc448</load_address>
         <run_address>0xc448</run_address>
         <size>0x5e</size>
         <input_file_ref idref="fl-13c"/>
      </object_component>
      <object_component id="oc-281">
         <name>.debug_info</name>
         <load_address>0xc4a6</load_address>
         <run_address>0xc4a6</run_address>
         <size>0xf5</size>
         <input_file_ref idref="fl-13d"/>
      </object_component>
      <object_component id="oc-203">
         <name>.debug_info</name>
         <load_address>0xc59b</load_address>
         <run_address>0xc59b</run_address>
         <size>0x152</size>
         <input_file_ref idref="fl-13d"/>
      </object_component>
      <object_component id="oc-a3">
         <name>.debug_info</name>
         <load_address>0xc6ed</load_address>
         <run_address>0xc6ed</run_address>
         <size>0x29e</size>
         <input_file_ref idref="fl-13e"/>
      </object_component>
      <object_component id="oc-62">
         <name>.debug_info</name>
         <load_address>0xc98b</load_address>
         <run_address>0xc98b</run_address>
         <size>0x158</size>
         <input_file_ref idref="fl-13e"/>
      </object_component>
      <object_component id="oc-c7">
         <name>.debug_info</name>
         <load_address>0xcae3</load_address>
         <run_address>0xcae3</run_address>
         <size>0x39</size>
         <input_file_ref idref="fl-13e"/>
      </object_component>
      <object_component id="oc-cc">
         <name>.debug_info</name>
         <load_address>0xcb1c</load_address>
         <run_address>0xcb1c</run_address>
         <size>0xcd</size>
         <input_file_ref idref="fl-13e"/>
      </object_component>
      <object_component id="oc-c4">
         <name>.debug_info</name>
         <load_address>0xcbe9</load_address>
         <run_address>0xcbe9</run_address>
         <size>0x1c1</size>
         <input_file_ref idref="fl-13f"/>
      </object_component>
      <object_component id="oc-9d">
         <name>.debug_info</name>
         <load_address>0xcdaa</load_address>
         <run_address>0xcdaa</run_address>
         <size>0x164</size>
         <input_file_ref idref="fl-13f"/>
      </object_component>
      <object_component id="oc-114">
         <name>.debug_info</name>
         <load_address>0xcf0e</load_address>
         <run_address>0xcf0e</run_address>
         <size>0x2c</size>
         <input_file_ref idref="fl-13f"/>
      </object_component>
      <object_component id="oc-2e2">
         <name>.debug_info</name>
         <load_address>0xcf3a</load_address>
         <run_address>0xcf3a</run_address>
         <size>0xcf</size>
         <input_file_ref idref="fl-140"/>
      </object_component>
      <object_component id="oc-27e">
         <name>.debug_info</name>
         <load_address>0xd009</load_address>
         <run_address>0xd009</run_address>
         <size>0xdb</size>
         <input_file_ref idref="fl-140"/>
      </object_component>
      <object_component id="oc-21b">
         <name>.debug_info</name>
         <load_address>0xd0e4</load_address>
         <run_address>0xd0e4</run_address>
         <size>0xf1</size>
         <input_file_ref idref="fl-141"/>
      </object_component>
      <object_component id="oc-14e">
         <name>.debug_info</name>
         <load_address>0xd1d5</load_address>
         <run_address>0xd1d5</run_address>
         <size>0xd8</size>
         <input_file_ref idref="fl-141"/>
      </object_component>
      <object_component id="oc-32d">
         <name>.debug_info</name>
         <load_address>0xd2ad</load_address>
         <run_address>0xd2ad</run_address>
         <size>0xe2</size>
         <input_file_ref idref="fl-141"/>
      </object_component>
      <object_component id="oc-23c">
         <name>.debug_info</name>
         <load_address>0xd38f</load_address>
         <run_address>0xd38f</run_address>
         <size>0x165</size>
         <input_file_ref idref="fl-141"/>
      </object_component>
      <object_component id="oc-1c6">
         <name>.debug_info</name>
         <load_address>0xd4f4</load_address>
         <run_address>0xd4f4</run_address>
         <size>0x105</size>
         <input_file_ref idref="fl-142"/>
      </object_component>
      <object_component id="oc-1d0">
         <name>.debug_info</name>
         <load_address>0xd5f9</load_address>
         <run_address>0xd5f9</run_address>
         <size>0x107</size>
         <input_file_ref idref="fl-142"/>
      </object_component>
      <object_component id="oc-1cb">
         <name>.debug_info</name>
         <load_address>0xd700</load_address>
         <run_address>0xd700</run_address>
         <size>0x117</size>
         <input_file_ref idref="fl-143"/>
      </object_component>
      <object_component id="oc-1d5">
         <name>.debug_info</name>
         <load_address>0xd817</load_address>
         <run_address>0xd817</run_address>
         <size>0x10b</size>
         <input_file_ref idref="fl-144"/>
      </object_component>
      <object_component id="oc-1bf">
         <name>.debug_info</name>
         <load_address>0xd922</load_address>
         <run_address>0xd922</run_address>
         <size>0x283</size>
         <input_file_ref idref="fl-145"/>
      </object_component>
      <object_component id="oc-142">
         <name>.debug_info</name>
         <load_address>0xdba5</load_address>
         <run_address>0xdba5</run_address>
         <size>0x33a</size>
         <input_file_ref idref="fl-145"/>
      </object_component>
      <object_component id="oc-268">
         <name>.debug_info</name>
         <load_address>0xdedf</load_address>
         <run_address>0xdedf</run_address>
         <size>0xfe</size>
         <input_file_ref idref="fl-146"/>
      </object_component>
      <object_component id="oc-1e5">
         <name>.debug_info</name>
         <load_address>0xdfdd</load_address>
         <run_address>0xdfdd</run_address>
         <size>0x16e</size>
         <input_file_ref idref="fl-146"/>
      </object_component>
      <object_component id="oc-1e0">
         <name>.debug_info</name>
         <load_address>0xe14b</load_address>
         <run_address>0xe14b</run_address>
         <size>0x109</size>
         <input_file_ref idref="fl-147"/>
      </object_component>
      <object_component id="oc-276">
         <name>.debug_info</name>
         <load_address>0xe254</load_address>
         <run_address>0xe254</run_address>
         <size>0x142</size>
         <input_file_ref idref="fl-148"/>
      </object_component>
      <object_component id="oc-1eb">
         <name>.debug_info</name>
         <load_address>0xe396</load_address>
         <run_address>0xe396</run_address>
         <size>0x165</size>
         <input_file_ref idref="fl-148"/>
      </object_component>
      <object_component id="oc-250">
         <name>.debug_info</name>
         <load_address>0xe4fb</load_address>
         <run_address>0xe4fb</run_address>
         <size>0x481</size>
         <input_file_ref idref="fl-149"/>
      </object_component>
      <object_component id="oc-24d">
         <name>.debug_info</name>
         <load_address>0xe97c</load_address>
         <run_address>0xe97c</run_address>
         <size>0xf7</size>
         <input_file_ref idref="fl-149"/>
      </object_component>
      <object_component id="oc-1b9">
         <name>.debug_info</name>
         <load_address>0xea73</load_address>
         <run_address>0xea73</run_address>
         <size>0xaec</size>
         <input_file_ref idref="fl-149"/>
      </object_component>
      <object_component id="oc-2b8">
         <name>.debug_info</name>
         <load_address>0xf55f</load_address>
         <run_address>0xf55f</run_address>
         <size>0x120</size>
         <input_file_ref idref="fl-149"/>
      </object_component>
      <object_component id="oc-252">
         <name>.debug_info</name>
         <load_address>0xf67f</load_address>
         <run_address>0xf67f</run_address>
         <size>0x2c</size>
         <input_file_ref idref="fl-149"/>
      </object_component>
      <object_component id="oc-25f">
         <name>.debug_info</name>
         <load_address>0xf6ab</load_address>
         <run_address>0xf6ab</run_address>
         <size>0x12d</size>
         <input_file_ref idref="fl-14a"/>
      </object_component>
      <object_component id="oc-1da">
         <name>.debug_info</name>
         <load_address>0xf7d8</load_address>
         <run_address>0xf7d8</run_address>
         <size>0x1a3</size>
         <input_file_ref idref="fl-14a"/>
      </object_component>
      <object_component id="oc-27c">
         <name>.debug_info</name>
         <load_address>0xf97b</load_address>
         <run_address>0xf97b</run_address>
         <size>0xd2</size>
         <input_file_ref idref="fl-14b"/>
      </object_component>
      <object_component id="oc-1fd">
         <name>.debug_info</name>
         <load_address>0xfa4d</load_address>
         <run_address>0xfa4d</run_address>
         <size>0x18c</size>
         <input_file_ref idref="fl-14b"/>
      </object_component>
      <object_component id="oc-23a">
         <name>.debug_info</name>
         <load_address>0xfbd9</load_address>
         <run_address>0xfbd9</run_address>
         <size>0xe1</size>
         <input_file_ref idref="fl-14c"/>
      </object_component>
      <object_component id="oc-1ad">
         <name>.debug_info</name>
         <load_address>0xfcba</load_address>
         <run_address>0xfcba</run_address>
         <size>0x20f</size>
         <input_file_ref idref="fl-14c"/>
      </object_component>
      <object_component id="oc-278">
         <name>.debug_info</name>
         <load_address>0xfec9</load_address>
         <run_address>0xfec9</run_address>
         <size>0xd6</size>
         <input_file_ref idref="fl-14d"/>
      </object_component>
      <object_component id="oc-1f1">
         <name>.debug_info</name>
         <load_address>0xff9f</load_address>
         <run_address>0xff9f</run_address>
         <size>0x211</size>
         <input_file_ref idref="fl-14d"/>
      </object_component>
      <object_component id="oc-2ab">
         <name>.debug_info</name>
         <load_address>0x101b0</load_address>
         <run_address>0x101b0</run_address>
         <size>0xc6</size>
         <input_file_ref idref="fl-14e"/>
      </object_component>
      <object_component id="oc-241">
         <name>.debug_info</name>
         <load_address>0x10276</load_address>
         <run_address>0x10276</run_address>
         <size>0x225</size>
         <input_file_ref idref="fl-14e"/>
      </object_component>
      <object_component id="oc-238">
         <name>.debug_info</name>
         <load_address>0x1049b</load_address>
         <run_address>0x1049b</run_address>
         <size>0xcb</size>
         <input_file_ref idref="fl-14f"/>
      </object_component>
      <object_component id="oc-1a7">
         <name>.debug_info</name>
         <load_address>0x10566</load_address>
         <run_address>0x10566</run_address>
         <size>0x1f7</size>
         <input_file_ref idref="fl-14f"/>
      </object_component>
      <object_component id="oc-2ad">
         <name>.debug_info</name>
         <load_address>0x1075d</load_address>
         <run_address>0x1075d</run_address>
         <size>0xd7</size>
         <input_file_ref idref="fl-150"/>
      </object_component>
      <object_component id="oc-247">
         <name>.debug_info</name>
         <load_address>0x10834</load_address>
         <run_address>0x10834</run_address>
         <size>0x226</size>
         <input_file_ref idref="fl-150"/>
      </object_component>
      <object_component id="oc-307">
         <name>.debug_info</name>
         <load_address>0x10a5a</load_address>
         <run_address>0x10a5a</run_address>
         <size>0x24e</size>
         <input_file_ref idref="fl-151"/>
      </object_component>
      <object_component id="oc-2af">
         <name>.debug_info</name>
         <load_address>0x10ca8</load_address>
         <run_address>0x10ca8</run_address>
         <size>0xa0e</size>
         <input_file_ref idref="fl-151"/>
      </object_component>
      <object_component id="oc-30a">
         <name>.debug_info</name>
         <load_address>0x116b6</load_address>
         <run_address>0x116b6</run_address>
         <size>0x39</size>
         <input_file_ref idref="fl-151"/>
      </object_component>
      <object_component id="oc-337">
         <name>.debug_info</name>
         <load_address>0x116ef</load_address>
         <run_address>0x116ef</run_address>
         <size>0xf6</size>
         <input_file_ref idref="fl-152"/>
      </object_component>
      <object_component id="oc-334">
         <name>.debug_info</name>
         <load_address>0x117e5</load_address>
         <run_address>0x117e5</run_address>
         <size>0xde</size>
         <input_file_ref idref="fl-152"/>
      </object_component>
      <object_component id="oc-2fb">
         <name>.debug_info</name>
         <load_address>0x118c3</load_address>
         <run_address>0x118c3</run_address>
         <size>0x262</size>
         <input_file_ref idref="fl-152"/>
      </object_component>
      <object_component id="oc-1c2">
         <name>.debug_info</name>
         <load_address>0x11b25</load_address>
         <run_address>0x11b25</run_address>
         <size>0x162</size>
         <input_file_ref idref="fl-153"/>
      </object_component>
      <object_component id="oc-27a">
         <name>.debug_info</name>
         <load_address>0x11c87</load_address>
         <run_address>0x11c87</run_address>
         <size>0xf3</size>
         <input_file_ref idref="fl-154"/>
      </object_component>
      <object_component id="oc-1f7">
         <name>.debug_info</name>
         <load_address>0x11d7a</load_address>
         <run_address>0x11d7a</run_address>
         <size>0x13a</size>
         <input_file_ref idref="fl-154"/>
      </object_component>
      <object_component id="oc-2cd">
         <name>.debug_info</name>
         <load_address>0x11eb4</load_address>
         <run_address>0x11eb4</run_address>
         <size>0x111</size>
         <input_file_ref idref="fl-155"/>
      </object_component>
      <object_component id="oc-26a">
         <name>.debug_info</name>
         <load_address>0x11fc5</load_address>
         <run_address>0x11fc5</run_address>
         <size>0x192</size>
         <input_file_ref idref="fl-155"/>
      </object_component>
      <object_component id="oc-315">
         <name>.debug_info</name>
         <load_address>0x12157</load_address>
         <run_address>0x12157</run_address>
         <size>0x86</size>
         <input_file_ref idref="fl-155"/>
      </object_component>
      <object_component id="oc-2c6">
         <name>.debug_info</name>
         <load_address>0x121dd</load_address>
         <run_address>0x121dd</run_address>
         <size>0xfb</size>
         <input_file_ref idref="fl-156"/>
      </object_component>
      <object_component id="oc-262">
         <name>.debug_info</name>
         <load_address>0x122d8</load_address>
         <run_address>0x122d8</run_address>
         <size>0x173</size>
         <input_file_ref idref="fl-156"/>
      </object_component>
      <object_component id="oc-270">
         <name>.debug_info</name>
         <load_address>0x1244b</load_address>
         <run_address>0x1244b</run_address>
         <size>0x153</size>
         <input_file_ref idref="fl-157"/>
      </object_component>
      <object_component id="oc-2ca">
         <name>.debug_info</name>
         <load_address>0x1259e</load_address>
         <run_address>0x1259e</run_address>
         <size>0x1b5</size>
         <input_file_ref idref="fl-158"/>
      </object_component>
      <object_component id="oc-236">
         <name>.debug_info</name>
         <load_address>0x12753</load_address>
         <run_address>0x12753</run_address>
         <size>0x132</size>
         <input_file_ref idref="fl-159"/>
      </object_component>
      <object_component id="oc-1a1">
         <name>.debug_info</name>
         <load_address>0x12885</load_address>
         <run_address>0x12885</run_address>
         <size>0x211</size>
         <input_file_ref idref="fl-159"/>
      </object_component>
      <object_component id="oc-29b">
         <name>.debug_info</name>
         <load_address>0x12a96</load_address>
         <run_address>0x12a96</run_address>
         <size>0xbb</size>
         <input_file_ref idref="fl-159"/>
      </object_component>
      <object_component id="oc-2d5">
         <name>.debug_info</name>
         <load_address>0x12b51</load_address>
         <run_address>0x12b51</run_address>
         <size>0xd6</size>
         <input_file_ref idref="fl-15a"/>
      </object_component>
      <object_component id="oc-34d">
         <name>.debug_info</name>
         <load_address>0x12c27</load_address>
         <run_address>0x12c27</run_address>
         <size>0x13e</size>
         <input_file_ref idref="fl-15b"/>
      </object_component>
      <object_component id="oc-323">
         <name>.debug_info</name>
         <load_address>0x12d65</load_address>
         <run_address>0x12d65</run_address>
         <size>0x10e</size>
         <input_file_ref idref="fl-15b"/>
      </object_component>
      <object_component id="oc-2cf">
         <name>.debug_info</name>
         <load_address>0x12e73</load_address>
         <run_address>0x12e73</run_address>
         <size>0x16f</size>
         <input_file_ref idref="fl-15b"/>
      </object_component>
      <object_component id="oc-348">
         <name>.debug_info</name>
         <load_address>0x12fe2</load_address>
         <run_address>0x12fe2</run_address>
         <size>0x6f</size>
         <input_file_ref idref="fl-15b"/>
      </object_component>
      <object_component id="oc-23f">
         <name>.debug_info</name>
         <load_address>0x13051</load_address>
         <run_address>0x13051</run_address>
         <size>0x183</size>
         <input_file_ref idref="fl-15c"/>
      </object_component>
      <object_component id="oc-1b3">
         <name>.debug_info</name>
         <load_address>0x131d4</load_address>
         <run_address>0x131d4</run_address>
         <size>0x23b</size>
         <input_file_ref idref="fl-15c"/>
      </object_component>
      <object_component id="oc-28c">
         <name>.debug_info</name>
         <load_address>0x1340f</load_address>
         <run_address>0x1340f</run_address>
         <size>0x160</size>
         <input_file_ref idref="fl-15d"/>
      </object_component>
      <object_component id="oc-22a">
         <name>.debug_info</name>
         <load_address>0x1356f</load_address>
         <run_address>0x1356f</run_address>
         <size>0x1c2</size>
         <input_file_ref idref="fl-15d"/>
[...]
         <name>_c_int00</name>
         <value>0x4b8d</value>
         <object_component_ref idref="oc-24"/>
      </symbol>
      <symbol id="sm-411">
         <name>__stack</name>
         <value>0x2000054c</value>
         <object_component_ref idref="oc-29"/>
      </symbol>
      <symbol id="sm-428">
         <name>__TI_decompress_none</name>
         <value>0x4f6d</value>
         <object_component_ref idref="oc-12"/>
      </symbol>
      <symbol id="sm-450">
         <name>__TI_decompress_rle24</name>
         <value>0x4f87</value>
         <object_component_ref idref="oc-18"/>
      </symbol>
      <symbol id="sm-462">
         <name>__TI_zero_init</name>
         <value>0x4f7b</value>
         <object_component_ref idref="oc-1e"/>
      </symbol>
      <symbol id="sm-481">
         <name>C$$EXIT</name>
         <value>0x4cbd</value>
         <object_component_ref idref="oc-6d"/>
      </symbol>
      <symbol id="sm-482">
         <name>abort</name>
         <value>0x4cc1</value>
         <object_component_ref idref="oc-6d"/>
      </symbol>
      <symbol id="sm-483">
         <name>exit</name>
         <value>0x4cc9</value>
         <object_component_ref idref="oc-6d"/>
      </symbol>
      <symbol id="sm-484">
         <name>__TI_dtors_ptr</name>
         <value>0x2000032c</value>
         <object_component_ref idref="oc-af"/>
      </symbol>
      <symbol id="sm-485">
         <name>__TI_cleanup_ptr</name>
         <value>0x20000328</value>
         <object_component_ref idref="oc-af"/>
      </symbol>
      <symbol id="sm-4a9">
         <name>__aeabi_dsub</name>
         <value>0x3a65</value>
         <object_component_ref idref="oc-161"/>
      </symbol>
      <symbol id="sm-4aa">
         <name>__aeabi_dadd</name>
         <value>0x3a6f</value>
         <object_component_ref idref="oc-161"/>
      </symbol>
      <symbol id="sm-4c1">
         <name>__aeabi_dmul</name>
         <value>0x40a9</value>
         <object_component_ref idref="oc-15c"/>
      </symbol>
      <symbol id="sm-4d1">
         <name>__aeabi_d2f</name>
         <value>0x4869</value>
         <object_component_ref idref="oc-166"/>
      </symbol>
      <symbol id="sm-4ec">
         <name>memcpy</name>
         <value>0x44b3</value>
         <object_component_ref idref="oc-36"/>
      </symbol>
      <symbol id="sm-4ed">
         <name>__aeabi_memcpy</name>
         <value>0x44b3</value>
         <object_component_ref idref="oc-36"/>
      </symbol>
      <symbol id="sm-4ee">
         <name>__aeabi_memcpy8</name>
         <value>0x44b3</value>
         <object_component_ref idref="oc-36"/>
      </symbol>
      <symbol id="sm-4ef">
         <name>__aeabi_memcpy4</name>
         <value>0x44b3</value>
         <object_component_ref idref="oc-36"/>
      </symbol>
      <symbol id="sm-4fe">
         <name>__aeabi_memset</name>
         <value>0x477f</value>
         <object_component_ref idref="oc-4f"/>
      </symbol>
      <symbol id="sm-4ff">
         <name>memset</name>
         <value>0x4785</value>
         <object_component_ref idref="oc-4f"/>
      </symbol>
      <symbol id="sm-500">
         <name>__aeabi_memset8</name>
         <value>0x477f</value>
         <object_component_ref idref="oc-4f"/>
      </symbol>
      <symbol id="sm-501">
         <name>__aeabi_memset4</name>
         <value>0x477f</value>
         <object_component_ref idref="oc-4f"/>
      </symbol>
      <symbol id="sm-502">
         <name>__aeabi_memclr8</name>
         <value>0x477d</value>
         <object_component_ref idref="oc-4f"/>
      </symbol>
      <symbol id="sm-503">
         <name>__aeabi_memclr4</name>
         <value>0x477d</value>
         <object_component_ref idref="oc-4f"/>
      </symbol>
      <symbol id="sm-504">
         <name>__aeabi_memclr</name>
         <value>0x477d</value>
         <object_component_ref idref="oc-4f"/>
      </symbol>
      <symbol id="sm-50e">
         <name>_system_pre_init</name>
         <value>0x4f8d</value>
         <object_component_ref idref="oc-5b"/>
      </symbol>
      <symbol id="sm-52c">
         <name>printf</name>
         <value>0x4801</value>
         <object_component_ref idref="oc-dd"/>
      </symbol>
      <symbol id="sm-534">
         <name>main_func_sp</name>
         <value>0x20000340</value>
         <object_component_ref idref="oc-73"/>
      </symbol>
      <symbol id="sm-540">
         <name>__aeabi_ui2d</name>
         <value>0x4eab</value>
         <object_component_ref idref="oc-157"/>
      </symbol>
      <symbol id="sm-559">
         <name>_nop</name>
         <value>0x4f3f</value>
         <object_component_ref idref="oc-104"/>
      </symbol>
      <symbol id="sm-55a">
         <name>_lock</name>
         <value>0x20000320</value>
         <object_component_ref idref="oc-ac"/>
      </symbol>
      <symbol id="sm-55b">
         <name>_unlock</name>
         <value>0x20000324</value>
         <object_component_ref idref="oc-ac"/>
      </symbol>
      <symbol id="sm-55c">
         <name>_register_lock</name>
         <value>0x4f37</value>
         <object_component_ref idref="oc-104"/>
      </symbol>
      <symbol id="sm-55d">
         <name>_register_unlock</name>
         <value>0x4f31</value>
         <object_component_ref idref="oc-104"/>
      </symbol>
      <symbol id="sm-667">
         <name>__TI_printfi</name>
         <value>0x2411</value>
         <object_component_ref idref="oc-147"/>
      </symbol>
      <symbol id="sm-67c">
         <name>_args_main</name>
         <value>0x4ee9</value>
         <object_component_ref idref="oc-67"/>
      </symbol>
      <symbol id="sm-692">
         <name>atoi</name>
         <value>0x4bdd</value>
         <object_component_ref idref="oc-202"/>
      </symbol>
      <symbol id="sm-6b8">
         <name>__TI_auto_init</name>
         <value>0x48d9</value>
         <object_component_ref idref="oc-61"/>
      </symbol>
      <symbol id="sm-6d2">
         <name>copy_in</name>
         <value>0x4c29</value>
         <object_component_ref idref="oc-9c"/>
      </symbol>
      <symbol id="sm-6dd">
         <name>_ctypes_</name>
         <value>0x5c2c</value>
         <object_component_ref idref="oc-27d"/>
      </symbol>
      <symbol id="sm-6f6">
         <name>__aeabi_stdout</name>
         <value>0x2000030c</value>
         <object_component_ref idref="oc-23b"/>
      </symbol>
      <symbol id="sm-6f7">
         <name>__TI_tmpnams</name>
         <value>0x20000464</value>
         <object_component_ref idref="oc-32c"/>
      </symbol>
      <symbol id="sm-6f8">
         <name>__aeabi_stderr</name>
         <value>0x20000310</value>
         <object_component_ref idref="oc-23b"/>
      </symbol>
      <symbol id="sm-6f9">
         <name>__aeabi_stdin</name>
         <value>0x20000308</value>
         <object_component_ref idref="oc-23b"/>
      </symbol>
      <symbol id="sm-6fa">
         <name>_ftable</name>
         <value>0x20000000</value>
         <object_component_ref idref="oc-14d"/>
      </symbol>
      <symbol id="sm-6fb">
         <name>__TI_ft_end</name>
         <value>0x20000304</value>
         <object_component_ref idref="oc-23b"/>
      </symbol>
      <symbol id="sm-722">
         <name>__aeabi_cdcmpeq</name>
         <value>0x4671</value>
         <object_component_ref idref="oc-1c5"/>
      </symbol>
      <symbol id="sm-723">
         <name>__aeabi_cdcmple</name>
         <value>0x4671</value>
         <object_component_ref idref="oc-1c5"/>
      </symbol>
      <symbol id="sm-724">
         <name>__aeabi_cdrcmple</name>
         <value>0x46f7</value>
         <object_component_ref idref="oc-1cf"/>
      </symbol>
      <symbol id="sm-744">
         <name>__aeabi_ddiv</name>
         <value>0x3c1b</value>
         <object_component_ref idref="oc-1ca"/>
      </symbol>
      <symbol id="sm-752">
         <name>__aeabi_d2iz</name>
         <value>0x4c75</value>
         <object_component_ref idref="oc-1d4"/>
      </symbol>
      <symbol id="sm-774">
         <name>puts</name>
         <value>0x3e5d</value>
         <object_component_ref idref="oc-141"/>
      </symbol>
      <symbol id="sm-775">
         <name>fputs</name>
         <value>0x3d51</value>
         <object_component_ref idref="oc-141"/>
      </symbol>
      <symbol id="sm-782">
         <name>frexp</name>
         <value>0x4e61</value>
         <object_component_ref idref="oc-1e4"/>
      </symbol>
      <symbol id="sm-78e">
         <name>__aeabi_i2d</name>
         <value>0x4e05</value>
         <object_component_ref idref="oc-1df"/>
      </symbol>
      <symbol id="sm-79f">
         <name>ldexp</name>
         <value>0x4b3b</value>
         <object_component_ref idref="oc-1ea"/>
      </symbol>
      <symbol id="sm-7f1">
         <name>open</name>
         <value>0x2f8f</value>
         <object_component_ref idref="oc-1b8"/>
      </symbol>
      <symbol id="sm-7f2">
         <name>add_device</name>
         <value>0x30b1</value>
         <object_component_ref idref="oc-1b8"/>
      </symbol>
      <symbol id="sm-7f3">
         <name>remove_device</name>
         <value>0x2f43</value>
         <object_component_ref idref="oc-1b8"/>
      </symbol>
      <symbol id="sm-7f4">
         <name>lseek</name>
         <value>0x303d</value>
         <object_component_ref idref="oc-1b8"/>
      </symbol>
      <symbol id="sm-7f5">
         <name>read</name>
         <value>0x2f6b</value>
         <object_component_ref idref="oc-1b8"/>
      </symbol>
      <symbol id="sm-7f6">
         <name>rename</name>
         <value>0x2f05</value>
         <object_component_ref idref="oc-1b8"/>
      </symbol>
      <symbol id="sm-7f7">
         <name>write</name>
         <value>0x2e51</value>
         <object_component_ref idref="oc-1b8"/>
      </symbol>
      <symbol id="sm-7f8">
         <name>close</name>
         <value>0x3061</value>
         <object_component_ref idref="oc-1b8"/>
      </symbol>
      <symbol id="sm-7f9">
         <name>unlink</name>
         <value>0x2ee1</value>
         <object_component_ref idref="oc-1b8"/>
      </symbol>
      <symbol id="sm-808">
         <name>ltoa</name>
         <value>0x4ae5</value>
         <object_component_ref idref="oc-1d9"/>
      </symbol>
      <symbol id="sm-818">
         <name>memccpy</name>
         <value>0x4ecb</value>
         <object_component_ref idref="oc-1fc"/>
      </symbol>
      <symbol id="sm-828">
         <name>memchr</name>
         <value>0x4e8b</value>
         <object_component_ref idref="oc-1ac"/>
      </symbol>
      <symbol id="sm-838">
         <name>strchr</name>
         <value>0x4f19</value>
         <object_component_ref idref="oc-1f0"/>
      </symbol>
      <symbol id="sm-847">
         <name>strcmp</name>
         <value>0x4f01</value>
         <object_component_ref idref="oc-240"/>
      </symbol>
      <symbol id="sm-855">
         <name>strlen</name>
         <value>0x4f59</value>
         <object_component_ref idref="oc-1a6"/>
      </symbol>
      <symbol id="sm-865">
         <name>strncpy</name>
         <value>0x4d75</value>
         <object_component_ref idref="oc-246"/>
      </symbol>
      <symbol id="sm-886">
         <name>HOSTgetenv</name>
         <value>0x3373</value>
         <object_component_ref idref="oc-2ae"/>
      </symbol>
      <symbol id="sm-887">
         <name>HOSTrename</name>
         <value>0x321b</value>
         <object_component_ref idref="oc-2ae"/>
      </symbol>
      <symbol id="sm-888">
         <name>HOSTclose</name>
         <value>0x33b1</value>
         <object_component_ref idref="oc-2ae"/>
      </symbol>
      <symbol id="sm-889">
         <name>HOSTunlink</name>
         <value>0x31a9</value>
         <object_component_ref idref="oc-2ae"/>
      </symbol>
      <symbol id="sm-88a">
         <name>HOSTlseek</name>
         <value>0x3317</value>
         <object_component_ref idref="oc-2ae"/>
      </symbol>
      <symbol id="sm-88b">
         <name>HOSTopen</name>
         <value>0x32c5</value>
         <object_component_ref idref="oc-2ae"/>
      </symbol>
      <symbol id="sm-88c">
         <name>HOSTclock</name>
         <value>0x33e9</value>
         <object_component_ref idref="oc-2ae"/>
      </symbol>
      <symbol id="sm-88d">
         <name>HOSTwrite</name>
         <value>0x315d</value>
         <object_component_ref idref="oc-2ae"/>
      </symbol>
      <symbol id="sm-88e">
         <name>HOSTread</name>
         <value>0x3279</value>
         <object_component_ref idref="oc-2ae"/>
      </symbol>
      <symbol id="sm-88f">
         <name>HOSTtime</name>
         <value>0x31e1</value>
         <object_component_ref idref="oc-2ae"/>
      </symbol>
      <symbol id="sm-8aa">
         <name>__TI_readmsg</name>
         <value>0x49e3</value>
         <object_component_ref idref="oc-2fa"/>
      </symbol>
      <symbol id="sm-8ab">
         <name>C$$IO$$</name>
         <value>0x49df</value>
         <object_component_ref idref="oc-2fa"/>
      </symbol>
      <symbol id="sm-8ac">
         <name>__CIOBUF_</name>
         <value>0x20000344</value>
         <object_component_ref idref="oc-333"/>
      </symbol>
      <symbol id="sm-8ad">
         <name>__TI_writemsg</name>
         <value>0x49b1</value>
         <object_component_ref idref="oc-2fa"/>
      </symbol>
      <symbol id="sm-8d7">
         <name>__aeabi_uldivmod</name>
         <value>0x36ad</value>
         <object_component_ref idref="oc-1c0"/>
      </symbol>
      <symbol id="sm-8e5">
         <name>_Dclass</name>
         <value>0x4da5</value>
         <object_component_ref idref="oc-1f6"/>
      </symbol>
      <symbol id="sm-906">
         <name>_Dscale</name>
         <value>0x3f99</value>
         <object_component_ref idref="oc-269"/>
      </symbol>
      <symbol id="sm-91a">
         <name>_Dunscale</name>
         <value>0x4a19</value>
         <object_component_ref idref="oc-261"/>
      </symbol>
      <symbol id="sm-929">
         <name>_Feraise</name>
         <value>0x4dd5</value>
         <object_component_ref idref="oc-26f"/>
      </symbol>
      <symbol id="sm-939">
         <name>_Rteps</name>
         <value>0x200002d0</value>
         <object_component_ref idref="oc-2c9"/>
      </symbol>
      <symbol id="sm-93a">
         <name>_Zero</name>
         <value>0x200002e8</value>
         <object_component_ref idref="oc-2c9"/>
      </symbol>
      <symbol id="sm-93b">
         <name>_Hugeval</name>
         <value>0x20000290</value>
         <object_component_ref idref="oc-2c9"/>
      </symbol>
      <symbol id="sm-93c">
         <name>_Snan</name>
         <value>0x200002c0</value>
         <object_component_ref idref="oc-2c9"/>
      </symbol>
      <symbol id="sm-93d">
         <name>_Nan</name>
         <value>0x200002b0</value>
         <object_component_ref idref="oc-2c9"/>
      </symbol>
      <symbol id="sm-93e">
         <name>_Inf</name>
         <value>0x200002a0</value>
         <object_component_ref idref="oc-2c9"/>
      </symbol>
      <symbol id="sm-93f">
         <name>_Xbig</name>
         <value>0x200002e0</value>
         <object_component_ref idref="oc-2c9"/>
      </symbol>
      <symbol id="sm-940">
         <name>_Eps</name>
         <value>0x20000280</value>
         <object_component_ref idref="oc-2c9"/>
      </symbol>
      <symbol id="sm-941">
         <name>_Denorm</name>
         <value>0x20000270</value>
         <object_component_ref idref="oc-2c9"/>
      </symbol>
      <symbol id="sm-95f">
         <name>__TI_wrt_ok</name>
         <value>0x4407</value>
         <object_component_ref idref="oc-1a0"/>
      </symbol>
      <symbol id="sm-960">
         <name>__TI_rd_ok</name>
         <value>0x4469</value>
         <object_component_ref idref="oc-1a0"/>
      </symbol>
      <symbol id="sm-968">
         <name>_Errno</name>
         <value>0x20000338</value>
         <object_component_ref idref="oc-2d4"/>
      </symbol>
      <symbol id="sm-986">
         <name>feraiseexcept</name>
         <value>0x4d41</value>
         <object_component_ref idref="oc-2ce"/>
      </symbol>
      <symbol id="sm-987">
         <name>_Tls_setup__Fenv</name>
         <value>0x20000334</value>
         <object_component_ref idref="oc-322"/>
      </symbol>
      <symbol id="sm-988">
         <name>_Fenv</name>
         <value>0x20000330</value>
         <object_component_ref idref="oc-322"/>
      </symbol>
      <symbol id="sm-9a2">
         <name>__TI_doflush</name>
         <value>0x4281</value>
         <object_component_ref idref="oc-1b2"/>
      </symbol>
      <symbol id="sm-9a3">
         <name>fflush</name>
         <value>0x42cd</value>
         <object_component_ref idref="oc-1b2"/>
      </symbol>
      <symbol id="sm-9b5">
         <name>fseek</name>
         <value>0x4a81</value>
         <object_component_ref idref="oc-229"/>
      </symbol>
      <symbol id="sm-9c9">
         <name>raise</name>
         <value>0x4e33</value>
         <object_component_ref idref="oc-31c"/>
      </symbol>
      <symbol id="sm-9e5">
         <name>setvbuf</name>
         <value>0x41a5</value>
         <object_component_ref idref="oc-22f"/>
      </symbol>
      <symbol id="sm-9ff">
         <name>signal</name>
         <value>0x4d01</value>
         <object_component_ref idref="oc-33e"/>
      </symbol>
      <symbol id="sm-a0d">
         <name>strcpy</name>
         <value>0x4f45</value>
         <object_component_ref idref="oc-300"/>
      </symbol>
      <symbol id="sm-a22">
         <name>_Dnorm</name>
         <value>0x4349</value>
         <object_component_ref idref="oc-2bf"/>
      </symbol>
      <symbol id="sm-a59">
         <name>__TI_cleanup</name>
         <value>0x3969</value>
         <object_component_ref idref="oc-293"/>
      </symbol>
      <symbol id="sm-a5a">
         <name>freopen</name>
         <value>0x3995</value>
         <object_component_ref idref="oc-293"/>
      </symbol>
      <symbol id="sm-a5b">
         <name>fopen</name>
         <value>0x39bf</value>
         <object_component_ref idref="oc-293"/>
      </symbol>
      <symbol id="sm-acd">
         <name>_sys_memory</name>
         <value>0x20000750</value>
         <object_component_ref idref="oc-2a"/>
      </symbol>
      <symbol id="sm-ace">
         <name>free</name>
         <value>0x280f</value>
         <object_component_ref idref="oc-28d"/>
      </symbol>
      <symbol id="sm-acf">
         <name>realloc</name>
         <value>0x28d1</value>
         <object_component_ref idref="oc-28d"/>
      </symbol>
      <symbol id="sm-ad0">
         <name>memalign</name>
         <value>0x29dd</value>
         <object_component_ref idref="oc-28d"/>
      </symbol>
      <symbol id="sm-ad1">
         <name>calloc</name>
         <value>0x2ac1</value>
         <object_component_ref idref="oc-28d"/>
      </symbol>
      <symbol id="sm-ad2">
         <name>malloc</name>
         <value>0x27a7</value>
         <object_component_ref idref="oc-28d"/>
      </symbol>
      <symbol id="sm-ad3">
         <name>minit</name>
         <value>0x2719</value>
         <object_component_ref idref="oc-28d"/>
      </symbol>
      <symbol id="sm-ae9">
         <name>__TI_closefile</name>
         <value>0x4551</value>
         <object_component_ref idref="oc-2eb"/>
      </symbol>
      <symbol id="sm-aea">
         <name>fclose</name>
         <value>0x45b7</value>
         <object_component_ref idref="oc-2eb"/>
      </symbol>
      <symbol id="sm-aec">
         <name>__TI_static_base__</name>
         <value>0x0</value>
      </symbol>
      <symbol id="sm-aef">
         <name>SHT$$INIT_ARRAY$$Limit</name>
         <value>0x0</value>
      </symbol>
      <symbol id="sm-af0">
         <name>SHT$$INIT_ARRAY$$Base</name>
         <value>0x0</value>
      </symbol>
      <symbol id="sm-af1">
         <name>remove</name>
         <value>0x2ee1</value>
      </symbol>
   </symbol_table>
   <title>Link successful</title>
</link_info>
